******************************************************************************
                  TI ARM Linker PC v20.2.7                     
******************************************************************************
>> Linked Sat Jul 15 17:01:38 2023

OUTPUT FILE NAME:   <adc0_singleended_multichannel_timertrigger_dmareq_MSP_EXP432E401Y_nortos_ccs2.out>
ENTRY POINT SYMBOL: "_c_int00_noargs"  address: 00003cc9


MEMORY CONFIGURATION

         name            origin    length      used     unused   attr    fill
----------------------  --------  ---------  --------  --------  ----  --------
  FLASH                 00000000   00100000  000053c0  000fac40  R  X
  SRAM                  20000000   00040000  0000415b  0003bea5  RW X


SEGMENT ALLOCATION MAP

run origin  load origin   length   init length attrs members
----------  ----------- ---------- ----------- ----- -------
00000000    00000000    000053c0   000053c0    r-x
  00000000    00000000    00000208   00000208    r-- .intvecs
  00000208    00000208    00003d48   00003d48    r-x .text
  00003f50    00003f50    00001430   00001430    r-- .const
  00005380    00005380    00000040   00000040    r-- .cinit
20000000    20000000    0000415b   00000000    rw-
  20000000    20000000    00003108   00000000    rw- .bss
  20003108    20003108    00001000   00000000    rw- .stack
  20004108    20004108    00000053   00000000    rw- .data


SECTION ALLOCATION MAP

 output                                  attributes/
section   page    origin      length       input sections
--------  ----  ----------  ----------   ----------------
.intvecs   0    00000000    00000208     
                  00000000    00000208     startup_msp432e401y_ccs.obj (.intvecs:retain)

.text      0    00000208    00003d48     
                  00000208    00000a4e     rtsv7M4_T_le_v4SPD16_eabi.lib : _printfi.c.obj (.text:__TI_printfi)
                  00000c56    00000002     startup_msp432e401y_ccs.obj (.text:Default_Handler)
                  00000c58    000002e0     msp432e4_driverlib.a : sysctl.o (.text:SysCtlClockFreqSet)
                  00000f38    00000270     rtsv7M4_T_le_v4SPD16_eabi.lib : _printfi.c.obj (.text:_pconv_a)
                  000011a8    00000270     adc_fft.obj (.text:get_harmonic_5)
                  00001418    00000248     adc_fft.obj (.text:fit_Fs)
                  00001660    000001dc     adc_fft.obj (.text:Init_adc0_dma)
                  0000183c    000001d0     rtsv7M4_T_le_v4SPD16_eabi.lib : _printfi.c.obj (.text:_pconv_g)
                  00001a0c    000001b6                                   : fd_add_t2.asm.obj (.text)
                  00001bc2    000001b0     msp_cmplx_fft_fixed_q15.obj (.text:msp_cmplx_fft_fixed_q15)
                  00001d72    000001a0     msp_split_q15.obj (.text:msp_split_q15)
                  00001f12    00000002     rtsv7M4_T_le_v4SPD16_eabi.lib : div0.asm.obj (.text)
                  00001f14    00000168     adc0_singleended_multichannel_timertrigger_dmareq.obj (.text:main)
                  0000207c    00000168     adc_fft.obj (.text:printf_data_to_bluetooth_and_screen)
                  000021e4    00000158     rtsv7M4_T_le_v4SPD16_eabi.lib : e_sqrt.c.obj (.text:sqrt)
                  0000233c    0000013c                                   : _printfi.c.obj (.text:_pconv_e)
                  00002478    00000136                                   : fd_div_t2.asm.obj (.text)
                  000025ae    00000002     --HOLE-- [fill = 0]
                  000025b0    00000124                                   : _printfi.c.obj (.text:fcvt)
                  000026d4    00000110                                   : s_scalbn.c.obj (.text:scalbn)
                  000027e4    000000fc                                   : fd_mul_t2.asm.obj (.text)
                  000028e0    000000f8     adc0_singleended_multichannel_timertrigger_dmareq.obj (.text:ADC0SS2_IRQHandler)
                  000029d8    000000ee     msp432e4_driverlib.a : adc.o (.text:ADCSequenceStepConfigure)
                  00002ac6    00000002     --HOLE-- [fill = 0]
                  00002ac8    000000ec     msp_cmplx_bitrev_q15.obj (.text:msp_cmplx_bitrev_q15)
                  00002bb4    000000b1     rtsv7M4_T_le_v4SPD16_eabi.lib : _printfi.c.obj (.text:_ltostr)
                  00002c65    00000001     --HOLE-- [fill = 0]
                  00002c66    0000009c                                   : memcpy_t2.asm.obj (.text)
                  00002d02    00000096                                   : ull_div_t2.asm.obj (.text)
                  00002d98    00000090     msp432e4_driverlib.a : sysctl.o (.text:_SysCtlFrequencyGet)
                  00002e28    00000086     rtsv7M4_T_le_v4SPD16_eabi.lib : fd_cmp_t2.asm.obj (.text:__aeabi_cdcmple)
                  00002eae    00000086                                   : fd_cmp_t2.asm.obj (.text:__aeabi_cdrcmple)
                  00002f34    0000007c     msp_cmplx_fft_fixed_q15.obj (.text:__q15cmpy)
                  00002fb0    0000007c     msp_split_q15.obj (.text:__q15cmpy)
                  0000302c    0000007a     my_math.obj (.text:cplx_abs_q15)
                  000030a6    0000007a     rtsv7M4_T_le_v4SPD16_eabi.lib : memset_t2.asm.obj (.text)
                  00003120    00000078     tim_counter.obj (.text:Init_Tim2_int)
                  00003198    00000078     msp_cmplx_fft_fixed_q15.obj (.text:msp_cmplx_btfly_fixed_q15)
                  00003210    00000074     my_usart.obj (.text:UARTStdioConfig)
                  00003284    00000074     adc_fft.obj (.text:get_base_wave_idx)
                  000032f8    0000006e     rtsv7M4_T_le_v4SPD16_eabi.lib : _printfi.c.obj (.text:_mcpy)
                  00003366    0000006e                                   : fd_tos_t2.asm.obj (.text)
                  000033d4    0000006c     my_usart.obj (.text:ConfigureUART1_screen)
                  00003440    0000006c     my_usart.obj (.text:ConfigureUART2_bluetooth)
                  000034ac    00000068     my_usart.obj (.text:ConfigureUART0_debug)
                  00003514    00000068     rtsv7M4_T_le_v4SPD16_eabi.lib : copy_decompress_lzss.c.obj (.text:decompress:lzss:__TI_decompress_lzss)
                  0000357c    00000064                                   : s_frexp.c.obj (.text:frexp)
                  000035e0    00000064     msp_cmplx_fft_fixed_q15.obj (.text:msp_cmplx_btfly_c0_fixed_q15)
                  00003644    00000064     msp_cmplx_fft_fixed_q15.obj (.text:msp_cmplx_btfly_c1_fixed_q15)
                  000036a8    00000060     msp432e4_driverlib.a : timer.o (.text:TimerControlTrigger)
                  00003708    0000005e     my_math.obj (.text:max_ui16_normal)
                  00003766    0000005a     my_math.obj (.text:max_ui16_normal_st_end)
                  000037c0    00000058     delay.obj (.text:delay_us)
                  00003818    00000056     rtsv7M4_T_le_v4SPD16_eabi.lib : _printfi.c.obj (.text:_pconv_f)
                  0000386e    00000054                                   : _ltoa.c.obj (.text:__TI_ltoa)
                  000038c2    00000054     msp_fft_fixed_q15.obj (.text:msp_fft_fixed_q15)
                  00003916    00000052     rtsv7M4_T_le_v4SPD16_eabi.lib : _printfi.c.obj (.text:_ecpy)
                  00003968    0000004c                                   : atoi.c.obj (.text:atoi)
                  000039b4    00000048     adc0_singleended_multichannel_timertrigger_dmareq.obj (.text:Init_LED)
                  000039fc    00000048     rtsv7M4_T_le_v4SPD16_eabi.lib : fd_toi_t2.asm.obj (.text)
                  00003a44    00000044     msp432e4_driverlib.a : sysctl.o (.text:SysCtlPeripheralReady)
                  00003a88    00000044                          : sysctl.o (.text:_SysCtlMemTimingGet)
                  00003acc    00000044     rtsv7M4_T_le_v4SPD16_eabi.lib : autoinit.c.obj (.text:__TI_auto_init_nobinit_nopinit:__TI_auto_init_nobinit_nopinit)
                  00003b10    00000044                                   : fd_tou_t2.asm.obj (.text)
                  00003b54    00000044     adc_fft.obj (.text:set_Fs)
                  00003b98    00000040     my_usart.obj (.text:USART_printf)
                  00003bd8    0000003e     rtsv7M4_T_le_v4SPD16_eabi.lib : _printfi.c.obj (.text:_fcpy)
                  00003c16    00000002     --HOLE-- [fill = 0]
                  00003c18    0000003c     adc0_singleended_multichannel_timertrigger_dmareq.obj (.text:TIMER2A_IRQHandler)
                  00003c54    0000003a     my_usart.obj (.text:UART_Transmit_nums)
                  00003c8e    00000038     rtsv7M4_T_le_v4SPD16_eabi.lib : fs_tod_t2.asm.obj (.text)
                  00003cc6    00000002     --HOLE-- [fill = 0]
                  00003cc8    00000034                                   : boot_cortex_m.c.obj (.text:_c_int00_noargs:_c_int00_noargs)
                  00003cfc    0000002e                                   : i_tofd_t2.asm.obj (.text)
                  00003d2a    00000002     --HOLE-- [fill = 0]
                  00003d2c    00000028                                   : e_sqrtf.c.obj (.text:sqrtf)
                  00003d54    00000028                                   : vsprintf.c.obj (.text:vsprintf)
                  00003d7c    00000024     adc_fft.obj (.text:Init_fft)
                  00003da0    00000020     system_msp432e401y.obj (.text:SystemInit)
                  00003dc0    00000020     rtsv7M4_T_le_v4SPD16_eabi.lib : u_tofd_t2.asm.obj (.text)
                  00003de0    0000001e     msp432e4_driverlib.a : timer.o (.text:TimerDisable)
                  00003dfe    0000001e                          : timer.o (.text:TimerEnable)
                  00003e1c    0000001e                          : uart.o (.text:UARTCharPut)
                  00003e3a    0000001e     delay.obj (.text:delay_ms)
                  00003e58    0000001c     delay.obj (.text:delay_init)
                  00003e74    0000001c     rtsv7M4_T_le_v4SPD16_eabi.lib : memccpy.c.obj (.text:memccpy)
                  00003e90    0000001a                                   : s_copysign.c.obj (.text:copysign)
                  00003eaa    00000018                                   : vsprintf.c.obj (.text:_outs)
                  00003ec2    00000016                                   : strchr.c.obj (.text:strchr)
                  00003ed8    00000014                                   : strlen.c.obj (.text:strlen)
                  00003eec    00000012     msp432e4_driverlib.a : adc.o (.text:ADCIntClearEx)
                  00003efe    00000012     rtsv7M4_T_le_v4SPD16_eabi.lib : wcslen.c.obj (.text:wcslen)
                  00003f10    0000000e                                   : copy_decompress_none.c.obj (.text:decompress:none:__TI_decompress_none)
                  00003f1e    0000000c     startup_msp432e401y_ccs.obj (.text:Reset_Handler)
                  00003f2a    0000000c     rtsv7M4_T_le_v4SPD16_eabi.lib : copy_zero_init.c.obj (.text:decompress:ZI:__TI_zero_init)
                  00003f36    0000000a                                   : vsprintf.c.obj (.text:_outc)
                  00003f40    00000008                                   : errno.c.obj (.text:__aeabi_errno_addr)
                  00003f48    00000004                                   : pre_init.c.obj (.text:_system_pre_init)
                  00003f4c    00000004                                   : exit.c.obj (.text:abort:abort)

.const     0    00003f50    00001430     
                  00003f50    00001004     msp_transform_tables.obj (.const:msp_cmplx_twiddle_table_2048_q15)
                  00004f54    000001b0     msp432e4_driverlib.a : sysctl.o (.const:g_pppui32XTALtoVCO)
                  00005104    00000101     rtsv7M4_T_le_v4SPD16_eabi.lib : ctype.c.obj (.const:.string:_ctypes_)
                  00005205    00000100     msp_transform_tables.obj (.const:.string:msp_cmplx_bitrev_table_ui8)
                  00005305    00000003     --HOLE-- [fill = 0]
                  00005308    00000030     msp432e4_driverlib.a : sysctl.o (.const:g_sXTALtoMEMTIM)
                  00005338    00000028                          : sysctl.o (.const:g_pui32Xtals)
                  00005360    0000000c     my_usart.obj (.const:g_ui32UARTBase)
                  0000536c    0000000c     my_usart.obj (.const:g_ui32UARTPeriph)
                  00005378    00000008     msp432e4_driverlib.a : sysctl.o (.const:g_pui32VCOFrequencies)

.cinit     0    00005380    00000040     
                  00005380    0000001c     (.cinit..data.load) [load image, compression = lzss]
                  0000539c    0000000c     (__TI_handler_table)
                  000053a8    00000008     (.cinit..bss.load) [load image, compression = zero_init]
                  000053b0    00000010     (__TI_cinit_table)

.init_array 
*          0    00000000    00000000     UNINITIALIZED

.bss       0    20000000    00003108     UNINITIALIZED
                  20000000    00001000     (.common:adc_buffer_0)
                  20001000    00001000     (.common:adc_buffer_1)
                  20002000    00000800     (.common:fft_mag_buf)
                  20002800    00000800     (.common:pui8ControlTable)
                  20003000    00000100     my_usart.obj (.bss:buffer$1)
                  20003100    00000008     (.common:params_fft_2048)

.data      0    20004108    00000053     UNINITIALIZED
                  20004108    00000028     adc0_singleended_multichannel_timertrigger_dmareq.obj (.data:THD_Str)
                  20004130    00000014     adc_fft.obj (.data:harmonic_average_buf$2)
                  20004144    00000008     adc0_singleended_multichannel_timertrigger_dmareq.obj (.data:FIT_FS_Str)
                  2000414c    00000004     adc0_singleended_multichannel_timertrigger_dmareq.obj (.data)
                  20004150    00000004     rtsv7M4_T_le_v4SPD16_eabi.lib : errno.c.obj (.data)
                  20004154    00000004     system_msp432e401y.obj (.data)
                  20004158    00000002     adc_fft.obj (.data)
                  2000415a    00000001     delay.obj (.data)

.stack     0    20003108    00001000     UNINITIALIZED
                  20003108    00000004     rtsv7M4_T_le_v4SPD16_eabi.lib : boot_cortex_m.c.obj (.stack)
                  2000310c    00000ffc     --HOLE--

__llvm_prf_cnts 
*          0    20000000    00000000     UNINITIALIZED

MODULE SUMMARY

       Module                                                  code    ro data   rw data
       ------                                                  ----    -------   -------
    .\
       adc0_singleended_multichannel_timertrigger_dmareq.obj   740     0         10300  
       adc_fft.obj                                             2264    0         2070   
       my_usart.obj                                            558     24        256    
       my_math.obj                                             306     0         0      
       delay.obj                                               146     0         1      
       tim_counter.obj                                         120     0         0      
       system_msp432e401y.obj                                  32      0         4      
    +--+-------------------------------------------------------+-------+---------+---------+
       Total:                                                  4166    24        12631  
                                                                                        
    .\ccs\
       startup_msp432e401y_ccs.obj                             14      520       0      
    +--+-------------------------------------------------------+-------+---------+---------+
       Total:                                                  14      520       0      
                                                                                        
    .\dsplib\source\transform\
       msp_transform_tables.obj                                0       4356      0      
       msp_cmplx_fft_fixed_q15.obj                             876     0         0      
       msp_split_q15.obj                                       540     0         0      
       msp_cmplx_bitrev_q15.obj                                236     0         0      
       msp_fft_fixed_q15.obj                                   84      0         0      
    +--+-------------------------------------------------------+-------+---------+---------+
       Total:                                                  1736    4356      0      
                                                                                        
    E:/TI_Borad/simplelink_msp432e4_sdk_4_20_00_12/source/ti/devices/msp432e4/driverlib/lib/ccs/m4f/msp432e4_driverlib.a
       sysctl.o                                                1016    528       0      
       adc.o                                                   256     0         0      
       timer.o                                                 156     0         0      
       uart.o                                                  30      0         0      
    +--+-------------------------------------------------------+-------+---------+---------+
       Total:                                                  1458    528       0      
                                                                                        
    E:\TI_CCS_IDE\ccs\tools\compiler\ti-cgt-arm_20.2.7.LTS\lib\rtsv7M4_T_le_v4SPD16_eabi.lib
       _printfi.c.obj                                          4851    0         0      
       fd_add_t2.asm.obj                                       438     0         0      
       e_sqrt.c.obj                                            344     0         0      
       fd_div_t2.asm.obj                                       310     0         0      
       s_scalbn.c.obj                                          272     0         0      
       fd_cmp_t2.asm.obj                                       268     0         0      
       ctype.c.obj                                             0       257       0      
       fd_mul_t2.asm.obj                                       252     0         0      
       memcpy_t2.asm.obj                                       156     0         0      
       ull_div_t2.asm.obj                                      150     0         0      
       memset_t2.asm.obj                                       122     0         0      
       fd_tos_t2.asm.obj                                       110     0         0      
       copy_decompress_lzss.c.obj                              104     0         0      
       s_frexp.c.obj                                           100     0         0      
       _ltoa.c.obj                                             84      0         0      
       atoi.c.obj                                              76      0         0      
       vsprintf.c.obj                                          74      0         0      
       fd_toi_t2.asm.obj                                       72      0         0      
       autoinit.c.obj                                          68      0         0      
       fd_tou_t2.asm.obj                                       68      0         0      
       fs_tod_t2.asm.obj                                       56      0         0      
       boot_cortex_m.c.obj                                     52      0         0      
       i_tofd_t2.asm.obj                                       46      0         0      
       e_sqrtf.c.obj                                           40      0         0      
       u_tofd_t2.asm.obj                                       32      0         0      
       memccpy.c.obj                                           28      0         0      
       s_copysign.c.obj                                        26      0         0      
       strchr.c.obj                                            22      0         0      
       strlen.c.obj                                            20      0         0      
       wcslen.c.obj                                            18      0         0      
       copy_decompress_none.c.obj                              14      0         0      
       copy_zero_init.c.obj                                    12      0         0      
       errno.c.obj                                             8       0         4      
       exit.c.obj                                              4       0         0      
       pre_init.c.obj                                          4       0         0      
       div0.asm.obj                                            2       0         0      
    +--+-------------------------------------------------------+-------+---------+---------+
       Total:                                                  8303    257       4      
                                                                                        
       Stack:                                                  0       0         4096   
       Linker Generated:                                       0       64        0      
    +--+-------------------------------------------------------+-------+---------+---------+
       Grand Total:                                            15677   5749      16731  


LINKER GENERATED COPY TABLES

__TI_cinit_table @ 000053b0 records: 2, size/record: 8, table size: 16
	.data: load addr=00005380, load size=0000001c bytes, run addr=20004108, run size=00000053 bytes, compression=lzss
	.bss: load addr=000053a8, load size=00000008 bytes, run addr=20000000, run size=00003108 bytes, compression=zero_init


LINKER GENERATED HANDLER TABLE

__TI_handler_table @ 0000539c records: 3, size/record: 4, table size: 12
	index: 0, handler: __TI_decompress_lzss
	index: 1, handler: __TI_decompress_none
	index: 2, handler: __TI_zero_init


GLOBAL SYMBOLS: SORTED ALPHABETICALLY BY Name 

address   name                               
-------   ----                               
00000c57  ADC0SS0_IRQHandler                 
00000c57  ADC0SS1_IRQHandler                 
000028e1  ADC0SS2_IRQHandler                 
000028e1  ADC0SS2_IRQHandler                 
00000c57  ADC0SS3_IRQHandler                 
00000c57  ADC1SS0_IRQHandler                 
00000c57  ADC1SS1_IRQHandler                 
00000c57  ADC1SS2_IRQHandler                 
00000c57  ADC1SS3_IRQHandler                 
00003eed  ADCIntClearEx                      
000029d9  ADCSequenceStepConfigure           
00000c57  AES0_IRQHandler                    
00000c57  BusFault_Handler                   
00003f4d  C$$EXIT                            
00000c57  CAN0_IRQHandler                    
00000c57  CAN1_IRQHandler                    
00000c57  COMP0_IRQHandler                   
00000c57  COMP1_IRQHandler                   
00000c57  COMP2_IRQHandler                   
000034ad  ConfigureUART0_debug               
000033d5  ConfigureUART1_screen              
00003441  ConfigureUART2_bluetooth           
00000c57  DES0_IRQHandler                    
00000c57  DebugMon_Handler                   
00000c57  Default_Handler                    
00000c57  EMAC0_IRQHandler                   
00000c57  EPI0_IRQHandler                    
20004144  FIT_FS_Str                         
00000c57  FLASH_IRQHandler                   
00000c57  GPIOA_IRQHandler                   
00000c57  GPIOB_IRQHandler                   
00000c57  GPIOC_IRQHandler                   
00000c57  GPIOD_IRQHandler                   
00000c57  GPIOE_IRQHandler                   
00000c57  GPIOF_IRQHandler                   
00000c57  GPIOG_IRQHandler                   
00000c57  GPIOH_IRQHandler                   
00000c57  GPIOJ_IRQHandler                   
00000c57  GPIOK_IRQHandler                   
00000c57  GPIOL_IRQHandler                   
00000c57  GPIOM_IRQHandler                   
00000c57  GPION_IRQHandler                   
00000c57  GPIOP0_IRQHandler                  
00000c57  GPIOP1_IRQHandler                  
00000c57  GPIOP2_IRQHandler                  
00000c57  GPIOP3_IRQHandler                  
00000c57  GPIOP4_IRQHandler                  
00000c57  GPIOP5_IRQHandler                  
00000c57  GPIOP6_IRQHandler                  
00000c57  GPIOP7_IRQHandler                  
00000c57  GPIOQ0_IRQHandler                  
00000c57  GPIOQ1_IRQHandler                  
00000c57  GPIOQ2_IRQHandler                  
00000c57  GPIOQ3_IRQHandler                  
00000c57  GPIOQ4_IRQHandler                  
00000c57  GPIOQ5_IRQHandler                  
00000c57  GPIOQ6_IRQHandler                  
00000c57  GPIOQ7_IRQHandler                  
00000c57  HIBERNATE_IRQHandler               
00000c57  HardFault_Handler                  
00000c57  I2C0_IRQHandler                    
00000c57  I2C1_IRQHandler                    
00000c57  I2C2_IRQHandler                    
00000c57  I2C3_IRQHandler                    
00000c57  I2C4_IRQHandler                    
00000c57  I2C5_IRQHandler                    
00000c57  I2C6_IRQHandler                    
00000c57  I2C7_IRQHandler                    
00000c57  I2C8_IRQHandler                    
00000c57  I2C9_IRQHandler                    
000039b5  Init_LED                           
00003121  Init_Tim2_int                      
00001661  Init_adc0_dma                      
00003d7d  Init_fft                           
00000c57  MemManage_Handler                  
00000c57  NMI_Handler                        
00000c57  PWM0_0_IRQHandler                  
00000c57  PWM0_1_IRQHandler                  
00000c57  PWM0_2_IRQHandler                  
00000c57  PWM0_3_IRQHandler                  
00000c57  PWM0_FAULT_IRQHandler              
00000c57  PendSV_Handler                     
00000c57  QEI0_IRQHandler                    
00003f1f  Reset_Handler                      
00000c57  SHA0_IRQHandler                    
00000c57  SSI0_IRQHandler                    
00000c57  SSI1_IRQHandler                    
00000c57  SSI2_IRQHandler                    
00000c57  SSI3_IRQHandler                    
00000c57  SVC_Handler                        
00000c57  SYSCTL_IRQHandler                  
00000c57  SYSEXC_IRQHandler                  
00000c59  SysCtlClockFreqSet                 
00003a45  SysCtlPeripheralReady              
00000c57  SysTick_Handler                    
20004154  SystemCoreClock                    
00003da1  SystemInit                         
00000c57  TAMPER0_IRQHandler                 
20004108  THD_Str                            
00000c57  TIMER0A_IRQHandler                 
00000c57  TIMER0B_IRQHandler                 
00000c57  TIMER1A_IRQHandler                 
00000c57  TIMER1B_IRQHandler                 
00003c19  TIMER2A_IRQHandler                 
00003c19  TIMER2A_IRQHandler                 
00000c57  TIMER2B_IRQHandler                 
00000c57  TIMER3A_IRQHandler                 
00000c57  TIMER3B_IRQHandler                 
00000c57  TIMER4A_IRQHandler                 
00000c57  TIMER4B_IRQHandler                 
00000c57  TIMER5A_IRQHandler                 
00000c57  TIMER5B_IRQHandler                 
00000c57  TIMER6A_IRQHandler                 
00000c57  TIMER6B_IRQHandler                 
00000c57  TIMER7A_IRQHandler                 
00000c57  TIMER7B_IRQHandler                 
000036a9  TimerControlTrigger                
00003de1  TimerDisable                       
00003dff  TimerEnable                        
00000c57  UART0_IRQHandler                   
00000c57  UART1_IRQHandler                   
00000c57  UART2_IRQHandler                   
00000c57  UART3_IRQHandler                   
00000c57  UART4_IRQHandler                   
00000c57  UART5_IRQHandler                   
00000c57  UART6_IRQHandler                   
00000c57  UART7_IRQHandler                   
00003e1d  UARTCharPut                        
00003211  UARTStdioConfig                    
00003c55  UART_Transmit_nums                 
00000c57  UDMAERR_IRQHandler                 
00000c57  UDMA_IRQHandler                    
00003b99  USART_printf                       
00000c57  USB0_IRQHandler                    
00000c57  UsageFault_Handler                 
00000c57  WATCHDOG_IRQHandler                
20004108  __STACK_END                        
00001000  __STACK_SIZE                       
20003308  __STACK_TOP                        
000053b0  __TI_CINIT_Base                    
000053c0  __TI_CINIT_Limit                   
0000539c  __TI_Handler_Table_Base            
000053a8  __TI_Handler_Table_Limit           
00003acd  __TI_auto_init_nobinit_nopinit     
00003515  __TI_decompress_lzss               
00003f11  __TI_decompress_none               
0000386f  __TI_ltoa                          
ffffffff  __TI_pprof_out_hndl                
00000209  __TI_printfi                       
ffffffff  __TI_prof_data_size                
ffffffff  __TI_prof_data_start               
00000000  __TI_static_base__                 
00003f2b  __TI_zero_init                     
00002e29  __aeabi_cdcmpeq                    
00002e29  __aeabi_cdcmple                    
00002eaf  __aeabi_cdrcmple                   
00003367  __aeabi_d2f                        
000039fd  __aeabi_d2iz                       
00003b11  __aeabi_d2uiz                      
00001a17  __aeabi_dadd                       
00002479  __aeabi_ddiv                       
000027e5  __aeabi_dmul                       
00001a0d  __aeabi_dsub                       
00003f41  __aeabi_errno_addr                 
00003c8f  __aeabi_f2d                        
00003cfd  __aeabi_i2d                        
00001f13  __aeabi_idiv0                      
00001f13  __aeabi_ldiv0                      
000030a7  __aeabi_memclr                     
000030a7  __aeabi_memclr4                    
000030a7  __aeabi_memclr8                    
00002c67  __aeabi_memcpy                     
00002c67  __aeabi_memcpy4                    
00002c67  __aeabi_memcpy8                    
000030a9  __aeabi_memset                     
000030a9  __aeabi_memset4                    
000030a9  __aeabi_memset8                    
00003dc1  __aeabi_ui2d                       
00002d03  __aeabi_uldivmod                   
ffffffff  __binit__                          
ffffffff  __c_args__                         
UNDEFED   __mpu_init                         
20003108  __stack                            
20000000  __start___llvm_prf_cnts            
20000000  __stop___llvm_prf_cnts             
00003cc9  _c_int00_noargs                    
00005104  _ctypes_                           
UNDEFED   _system_post_cinit                 
00003f49  _system_pre_init                   
00003f4d  abort                              
20000000  adc_buffer_0                       
20001000  adc_buffer_1                       
00003969  atoi                               
2000414d  bSetEventFlag                      
2000414c  bgetConvStatus                     
ffffffff  binit                              
00003e91  copysign                           
00003e91  copysignl                          
0000302d  cplx_abs_q15                       
00003e59  delay_init                         
00003e3b  delay_ms                           
000037c1  delay_us                           
20004150  errno                              
20002000  fft_mag_buf                        
00001419  fit_Fs                             
2000414e  flag_show                          
0000357d  frexp                              
0000357d  frexpl                             
00003285  get_base_wave_idx                  
000011a9  get_harmonic_5                     
00000000  interruptVectors                   
000026d5  ldexp                              
000026d5  ldexpl                             
00001f15  main                               
00003709  max_ui16_normal                    
00003767  max_ui16_normal_st_end             
00003e75  memccpy                            
00002c67  memcpy                             
000030af  memset                             
00002ac9  msp_cmplx_bitrev_q15               
00005205  msp_cmplx_bitrev_table_ui8         
00001bc3  msp_cmplx_fft_fixed_q15            
00003f50  msp_cmplx_twiddle_table_2048_q15   
000038c3  msp_fft_fixed_q15                  
00001d73  msp_split_q15                      
20003100  params_fft_2048                    
0000207d  printf_data_to_bluetooth_and_screen
20002800  pui8ControlTable                   
000026d5  scalbn                             
000026d5  scalbnl                            
00003b55  set_Fs                             
000021e5  sqrt                               
00003d2d  sqrtf                              
000021e5  sqrtl                              
00003ec3  strchr                             
00003ed9  strlen                             
00003d55  vsprintf                           
00003eff  wcslen                             


GLOBAL SYMBOLS: SORTED BY Symbol Address 

address   name                               
-------   ----                               
00000000  __TI_static_base__                 
00000000  interruptVectors                   
00000209  __TI_printfi                       
00000c57  ADC0SS0_IRQHandler                 
00000c57  ADC0SS1_IRQHandler                 
00000c57  ADC0SS3_IRQHandler                 
00000c57  ADC1SS0_IRQHandler                 
00000c57  ADC1SS1_IRQHandler                 
00000c57  ADC1SS2_IRQHandler                 
00000c57  ADC1SS3_IRQHandler                 
00000c57  AES0_IRQHandler                    
00000c57  BusFault_Handler                   
00000c57  CAN0_IRQHandler                    
00000c57  CAN1_IRQHandler                    
00000c57  COMP0_IRQHandler                   
00000c57  COMP1_IRQHandler                   
00000c57  COMP2_IRQHandler                   
00000c57  DES0_IRQHandler                    
00000c57  DebugMon_Handler                   
00000c57  Default_Handler                    
00000c57  EMAC0_IRQHandler                   
00000c57  EPI0_IRQHandler                    
00000c57  FLASH_IRQHandler                   
00000c57  GPIOA_IRQHandler                   
00000c57  GPIOB_IRQHandler                   
00000c57  GPIOC_IRQHandler                   
00000c57  GPIOD_IRQHandler                   
00000c57  GPIOE_IRQHandler                   
00000c57  GPIOF_IRQHandler                   
00000c57  GPIOG_IRQHandler                   
00000c57  GPIOH_IRQHandler                   
00000c57  GPIOJ_IRQHandler                   
00000c57  GPIOK_IRQHandler                   
00000c57  GPIOL_IRQHandler                   
00000c57  GPIOM_IRQHandler                   
00000c57  GPION_IRQHandler                   
00000c57  GPIOP0_IRQHandler                  
00000c57  GPIOP1_IRQHandler                  
00000c57  GPIOP2_IRQHandler                  
00000c57  GPIOP3_IRQHandler                  
00000c57  GPIOP4_IRQHandler                  
00000c57  GPIOP5_IRQHandler                  
00000c57  GPIOP6_IRQHandler                  
00000c57  GPIOP7_IRQHandler                  
00000c57  GPIOQ0_IRQHandler                  
00000c57  GPIOQ1_IRQHandler                  
00000c57  GPIOQ2_IRQHandler                  
00000c57  GPIOQ3_IRQHandler                  
00000c57  GPIOQ4_IRQHandler                  
00000c57  GPIOQ5_IRQHandler                  
00000c57  GPIOQ6_IRQHandler                  
00000c57  GPIOQ7_IRQHandler                  
00000c57  HIBERNATE_IRQHandler               
00000c57  HardFault_Handler                  
00000c57  I2C0_IRQHandler                    
00000c57  I2C1_IRQHandler                    
00000c57  I2C2_IRQHandler                    
00000c57  I2C3_IRQHandler                    
00000c57  I2C4_IRQHandler                    
00000c57  I2C5_IRQHandler                    
00000c57  I2C6_IRQHandler                    
00000c57  I2C7_IRQHandler                    
00000c57  I2C8_IRQHandler                    
00000c57  I2C9_IRQHandler                    
00000c57  MemManage_Handler                  
00000c57  NMI_Handler                        
00000c57  PWM0_0_IRQHandler                  
00000c57  PWM0_1_IRQHandler                  
00000c57  PWM0_2_IRQHandler                  
00000c57  PWM0_3_IRQHandler                  
00000c57  PWM0_FAULT_IRQHandler              
00000c57  PendSV_Handler                     
00000c57  QEI0_IRQHandler                    
00000c57  SHA0_IRQHandler                    
00000c57  SSI0_IRQHandler                    
00000c57  SSI1_IRQHandler                    
00000c57  SSI2_IRQHandler                    
00000c57  SSI3_IRQHandler                    
00000c57  SVC_Handler                        
00000c57  SYSCTL_IRQHandler                  
00000c57  SYSEXC_IRQHandler                  
00000c57  SysTick_Handler                    
00000c57  TAMPER0_IRQHandler                 
00000c57  TIMER0A_IRQHandler                 
00000c57  TIMER0B_IRQHandler                 
00000c57  TIMER1A_IRQHandler                 
00000c57  TIMER1B_IRQHandler                 
00000c57  TIMER2B_IRQHandler                 
00000c57  TIMER3A_IRQHandler                 
00000c57  TIMER3B_IRQHandler                 
00000c57  TIMER4A_IRQHandler                 
00000c57  TIMER4B_IRQHandler                 
00000c57  TIMER5A_IRQHandler                 
00000c57  TIMER5B_IRQHandler                 
00000c57  TIMER6A_IRQHandler                 
00000c57  TIMER6B_IRQHandler                 
00000c57  TIMER7A_IRQHandler                 
00000c57  TIMER7B_IRQHandler                 
00000c57  UART0_IRQHandler                   
00000c57  UART1_IRQHandler                   
00000c57  UART2_IRQHandler                   
00000c57  UART3_IRQHandler                   
00000c57  UART4_IRQHandler                   
00000c57  UART5_IRQHandler                   
00000c57  UART6_IRQHandler                   
00000c57  UART7_IRQHandler                   
00000c57  UDMAERR_IRQHandler                 
00000c57  UDMA_IRQHandler                    
00000c57  USB0_IRQHandler                    
00000c57  UsageFault_Handler                 
00000c57  WATCHDOG_IRQHandler                
00000c59  SysCtlClockFreqSet                 
00001000  __STACK_SIZE                       
000011a9  get_harmonic_5                     
00001419  fit_Fs                             
00001661  Init_adc0_dma                      
00001a0d  __aeabi_dsub                       
00001a17  __aeabi_dadd                       
00001bc3  msp_cmplx_fft_fixed_q15            
00001d73  msp_split_q15                      
00001f13  __aeabi_idiv0                      
00001f13  __aeabi_ldiv0                      
00001f15  main                               
0000207d  printf_data_to_bluetooth_and_screen
000021e5  sqrt                               
000021e5  sqrtl                              
00002479  __aeabi_ddiv                       
000026d5  ldexp                              
000026d5  ldexpl                             
000026d5  scalbn                             
000026d5  scalbnl                            
000027e5  __aeabi_dmul                       
000028e1  ADC0SS2_IRQHandler                 
000028e1  ADC0SS2_IRQHandler                 
000029d9  ADCSequenceStepConfigure           
00002ac9  msp_cmplx_bitrev_q15               
00002c67  __aeabi_memcpy                     
00002c67  __aeabi_memcpy4                    
00002c67  __aeabi_memcpy8                    
00002c67  memcpy                             
00002d03  __aeabi_uldivmod                   
00002e29  __aeabi_cdcmpeq                    
00002e29  __aeabi_cdcmple                    
00002eaf  __aeabi_cdrcmple                   
0000302d  cplx_abs_q15                       
000030a7  __aeabi_memclr                     
000030a7  __aeabi_memclr4                    
000030a7  __aeabi_memclr8                    
000030a9  __aeabi_memset                     
000030a9  __aeabi_memset4                    
000030a9  __aeabi_memset8                    
000030af  memset                             
00003121  Init_Tim2_int                      
00003211  UARTStdioConfig                    
00003285  get_base_wave_idx                  
00003367  __aeabi_d2f                        
000033d5  ConfigureUART1_screen              
00003441  ConfigureUART2_bluetooth           
000034ad  ConfigureUART0_debug               
00003515  __TI_decompress_lzss               
0000357d  frexp                              
0000357d  frexpl                             
000036a9  TimerControlTrigger                
00003709  max_ui16_normal                    
00003767  max_ui16_normal_st_end             
000037c1  delay_us                           
0000386f  __TI_ltoa                          
000038c3  msp_fft_fixed_q15                  
00003969  atoi                               
000039b5  Init_LED                           
000039fd  __aeabi_d2iz                       
00003a45  SysCtlPeripheralReady              
00003acd  __TI_auto_init_nobinit_nopinit     
00003b11  __aeabi_d2uiz                      
00003b55  set_Fs                             
00003b99  USART_printf                       
00003c19  TIMER2A_IRQHandler                 
00003c19  TIMER2A_IRQHandler                 
00003c55  UART_Transmit_nums                 
00003c8f  __aeabi_f2d                        
00003cc9  _c_int00_noargs                    
00003cfd  __aeabi_i2d                        
00003d2d  sqrtf                              
00003d55  vsprintf                           
00003d7d  Init_fft                           
00003da1  SystemInit                         
00003dc1  __aeabi_ui2d                       
00003de1  TimerDisable                       
00003dff  TimerEnable                        
00003e1d  UARTCharPut                        
00003e3b  delay_ms                           
00003e59  delay_init                         
00003e75  memccpy                            
00003e91  copysign                           
00003e91  copysignl                          
00003ec3  strchr                             
00003ed9  strlen                             
00003eed  ADCIntClearEx                      
00003eff  wcslen                             
00003f11  __TI_decompress_none               
00003f1f  Reset_Handler                      
00003f2b  __TI_zero_init                     
00003f41  __aeabi_errno_addr                 
00003f49  _system_pre_init                   
00003f4d  C$$EXIT                            
00003f4d  abort                              
00003f50  msp_cmplx_twiddle_table_2048_q15   
00005104  _ctypes_                           
00005205  msp_cmplx_bitrev_table_ui8         
0000539c  __TI_Handler_Table_Base            
000053a8  __TI_Handler_Table_Limit           
000053b0  __TI_CINIT_Base                    
000053c0  __TI_CINIT_Limit                   
20000000  __start___llvm_prf_cnts            
20000000  __stop___llvm_prf_cnts             
20000000  adc_buffer_0                       
20001000  adc_buffer_1                       
20002000  fft_mag_buf                        
20002800  pui8ControlTable                   
20003100  params_fft_2048                    
20003108  __stack                            
20003308  __STACK_TOP                        
20004108  THD_Str                            
20004108  __STACK_END                        
20004144  FIT_FS_Str                         
2000414c  bgetConvStatus                     
2000414d  bSetEventFlag                      
2000414e  flag_show                          
20004150  errno                              
20004154  SystemCoreClock                    
ffffffff  __TI_pprof_out_hndl                
ffffffff  __TI_prof_data_size                
ffffffff  __TI_prof_data_start               
ffffffff  __binit__                          
ffffffff  __c_args__                         
ffffffff  binit                              
UNDEFED   __mpu_init                         
UNDEFED   _system_post_cinit                 

[238 symbols]
