<?xml version="1.0" encoding="ISO-8859-1" ?>
<link_info>
   <banner>TI ARM Linker PC v20.2.7.LTS</banner>
   <copyright>Copyright (c) 1996-2018 Texas Instruments Incorporated</copyright>
   <link_time>0x64b26072</link_time>
   <link_errors>0x0</link_errors>
   <output_file>adc0_singleended_multichannel_timertrigger_dmareq_MSP_EXP432E401Y_nortos_ccs2.out</output_file>
   <entry_point>
      <name>_c_int00_noargs</name>
      <address>0x3cc9</address>
   </entry_point>
   <input_file_list>
      <input_file id="fl-2">
         <path>.\</path>
         <kind>object</kind>
         <file>adc0_singleended_multichannel_timertrigger_dmareq.obj</file>
         <name>adc0_singleended_multichannel_timertrigger_dmareq.obj</name>
      </input_file>
      <input_file id="fl-3">
         <path>.\</path>
         <kind>object</kind>
         <file>adc_fft.obj</file>
         <name>adc_fft.obj</name>
      </input_file>
      <input_file id="fl-4">
         <path>.\</path>
         <kind>object</kind>
         <file>delay.obj</file>
         <name>delay.obj</name>
      </input_file>
      <input_file id="fl-5">
         <path>.\</path>
         <kind>object</kind>
         <file>my_math.obj</file>
         <name>my_math.obj</name>
      </input_file>
      <input_file id="fl-6">
         <path>.\</path>
         <kind>object</kind>
         <file>my_usart.obj</file>
         <name>my_usart.obj</name>
      </input_file>
      <input_file id="fl-7">
         <path>.\</path>
         <kind>object</kind>
         <file>system_msp432e401y.obj</file>
         <name>system_msp432e401y.obj</name>
      </input_file>
      <input_file id="fl-8">
         <path>.\</path>
         <kind>object</kind>
         <file>tim_counter.obj</file>
         <name>tim_counter.obj</name>
      </input_file>
      <input_file id="fl-9">
         <path>.\ccs\</path>
         <kind>object</kind>
         <file>startup_msp432e401y_ccs.obj</file>
         <name>startup_msp432e401y_ccs.obj</name>
      </input_file>
      <input_file id="fl-a">
         <path>.\dsplib\source\filter\</path>
         <kind>object</kind>
         <file>msp_biquad_cascade_df1_q15.obj</file>
         <name>msp_biquad_cascade_df1_q15.obj</name>
      </input_file>
      <input_file id="fl-b">
         <path>.\dsplib\source\filter\</path>
         <kind>object</kind>
         <file>msp_biquad_cascade_df2_ext_q15.obj</file>
         <name>msp_biquad_cascade_df2_ext_q15.obj</name>
      </input_file>
      <input_file id="fl-c">
         <path>.\dsplib\source\filter\</path>
         <kind>object</kind>
         <file>msp_biquad_cascade_df2_q15.obj</file>
         <name>msp_biquad_cascade_df2_q15.obj</name>
      </input_file>
      <input_file id="fl-d">
         <path>.\dsplib\source\filter\</path>
         <kind>object</kind>
         <file>msp_biquad_df1_q15.obj</file>
         <name>msp_biquad_df1_q15.obj</name>
      </input_file>
      <input_file id="fl-e">
         <path>.\dsplib\source\filter\</path>
         <kind>object</kind>
         <file>msp_biquad_df2_ext_q15.obj</file>
         <name>msp_biquad_df2_ext_q15.obj</name>
      </input_file>
      <input_file id="fl-f">
         <path>.\dsplib\source\filter\</path>
         <kind>object</kind>
         <file>msp_biquad_df2_q15.obj</file>
         <name>msp_biquad_df2_q15.obj</name>
      </input_file>
      <input_file id="fl-10">
         <path>.\dsplib\source\filter\</path>
         <kind>object</kind>
         <file>msp_cmplx_fir_iq31.obj</file>
         <name>msp_cmplx_fir_iq31.obj</name>
      </input_file>
      <input_file id="fl-11">
         <path>.\dsplib\source\filter\</path>
         <kind>object</kind>
         <file>msp_cmplx_fir_q15.obj</file>
         <name>msp_cmplx_fir_q15.obj</name>
      </input_file>
      <input_file id="fl-12">
         <path>.\dsplib\source\filter\</path>
         <kind>object</kind>
         <file>msp_fir_iq31.obj</file>
         <name>msp_fir_iq31.obj</name>
      </input_file>
      <input_file id="fl-13">
         <path>.\dsplib\source\filter\</path>
         <kind>object</kind>
         <file>msp_fir_q15.obj</file>
         <name>msp_fir_q15.obj</name>
      </input_file>
      <input_file id="fl-14">
         <path>.\dsplib\source\lea\</path>
         <kind>object</kind>
         <file>msp_lea_flags.obj</file>
         <name>msp_lea_flags.obj</name>
      </input_file>
      <input_file id="fl-15">
         <path>.\dsplib\source\lea\</path>
         <kind>object</kind>
         <file>msp_lea_init.obj</file>
         <name>msp_lea_init.obj</name>
      </input_file>
      <input_file id="fl-16">
         <path>.\dsplib\source\lea\</path>
         <kind>object</kind>
         <file>msp_lea_isr.obj</file>
         <name>msp_lea_isr.obj</name>
      </input_file>
      <input_file id="fl-17">
         <path>.\dsplib\source\lea\</path>
         <kind>object</kind>
         <file>msp_lea_patch.obj</file>
         <name>msp_lea_patch.obj</name>
      </input_file>
      <input_file id="fl-18">
         <path>.\dsplib\source\matrix\</path>
         <kind>object</kind>
         <file>msp_matrix_abs_iq31.obj</file>
         <name>msp_matrix_abs_iq31.obj</name>
      </input_file>
      <input_file id="fl-19">
         <path>.\dsplib\source\matrix\</path>
         <kind>object</kind>
         <file>msp_matrix_abs_q15.obj</file>
         <name>msp_matrix_abs_q15.obj</name>
      </input_file>
      <input_file id="fl-1a">
         <path>.\dsplib\source\matrix\</path>
         <kind>object</kind>
         <file>msp_matrix_add_iq31.obj</file>
         <name>msp_matrix_add_iq31.obj</name>
      </input_file>
      <input_file id="fl-1b">
         <path>.\dsplib\source\matrix\</path>
         <kind>object</kind>
         <file>msp_matrix_add_q15.obj</file>
         <name>msp_matrix_add_q15.obj</name>
      </input_file>
      <input_file id="fl-1c">
         <path>.\dsplib\source\matrix\</path>
         <kind>object</kind>
         <file>msp_matrix_mpy_iq31.obj</file>
         <name>msp_matrix_mpy_iq31.obj</name>
      </input_file>
      <input_file id="fl-1d">
         <path>.\dsplib\source\matrix\</path>
         <kind>object</kind>
         <file>msp_matrix_mpy_q15.obj</file>
         <name>msp_matrix_mpy_q15.obj</name>
      </input_file>
      <input_file id="fl-1e">
         <path>.\dsplib\source\matrix\</path>
         <kind>object</kind>
         <file>msp_matrix_neg_iq31.obj</file>
         <name>msp_matrix_neg_iq31.obj</name>
      </input_file>
      <input_file id="fl-1f">
         <path>.\dsplib\source\matrix\</path>
         <kind>object</kind>
         <file>msp_matrix_neg_q15.obj</file>
         <name>msp_matrix_neg_q15.obj</name>
      </input_file>
      <input_file id="fl-20">
         <path>.\dsplib\source\matrix\</path>
         <kind>object</kind>
         <file>msp_matrix_offset_iq31.obj</file>
         <name>msp_matrix_offset_iq31.obj</name>
      </input_file>
      <input_file id="fl-21">
         <path>.\dsplib\source\matrix\</path>
         <kind>object</kind>
         <file>msp_matrix_offset_q15.obj</file>
         <name>msp_matrix_offset_q15.obj</name>
      </input_file>
      <input_file id="fl-22">
         <path>.\dsplib\source\matrix\</path>
         <kind>object</kind>
         <file>msp_matrix_scale_iq31.obj</file>
         <name>msp_matrix_scale_iq31.obj</name>
      </input_file>
      <input_file id="fl-23">
         <path>.\dsplib\source\matrix\</path>
         <kind>object</kind>
         <file>msp_matrix_scale_q15.obj</file>
         <name>msp_matrix_scale_q15.obj</name>
      </input_file>
      <input_file id="fl-24">
         <path>.\dsplib\source\matrix\</path>
         <kind>object</kind>
         <file>msp_matrix_shift_iq31.obj</file>
         <name>msp_matrix_shift_iq31.obj</name>
      </input_file>
      <input_file id="fl-25">
         <path>.\dsplib\source\matrix\</path>
         <kind>object</kind>
         <file>msp_matrix_shift_q15.obj</file>
         <name>msp_matrix_shift_q15.obj</name>
      </input_file>
      <input_file id="fl-26">
         <path>.\dsplib\source\matrix\</path>
         <kind>object</kind>
         <file>msp_matrix_sub_iq31.obj</file>
         <name>msp_matrix_sub_iq31.obj</name>
      </input_file>
      <input_file id="fl-27">
         <path>.\dsplib\source\matrix\</path>
         <kind>object</kind>
         <file>msp_matrix_sub_q15.obj</file>
         <name>msp_matrix_sub_q15.obj</name>
      </input_file>
      <input_file id="fl-28">
         <path>.\dsplib\source\matrix\</path>
         <kind>object</kind>
         <file>msp_matrix_trans_iq31.obj</file>
         <name>msp_matrix_trans_iq31.obj</name>
      </input_file>
      <input_file id="fl-29">
         <path>.\dsplib\source\matrix\</path>
         <kind>object</kind>
         <file>msp_matrix_trans_q15.obj</file>
         <name>msp_matrix_trans_q15.obj</name>
      </input_file>
      <input_file id="fl-2a">
         <path>.\dsplib\source\transform\</path>
         <kind>object</kind>
         <file>msp_cmplx_bitrev_iq31.obj</file>
         <name>msp_cmplx_bitrev_iq31.obj</name>
      </input_file>
      <input_file id="fl-2b">
         <path>.\dsplib\source\transform\</path>
         <kind>object</kind>
         <file>msp_cmplx_bitrev_q15.obj</file>
         <name>msp_cmplx_bitrev_q15.obj</name>
      </input_file>
      <input_file id="fl-2c">
         <path>.\dsplib\source\transform\</path>
         <kind>object</kind>
         <file>msp_cmplx_fft_auto_q15.obj</file>
         <name>msp_cmplx_fft_auto_q15.obj</name>
      </input_file>
      <input_file id="fl-2d">
         <path>.\dsplib\source\transform\</path>
         <kind>object</kind>
         <file>msp_cmplx_fft_fixed_q15.obj</file>
         <name>msp_cmplx_fft_fixed_q15.obj</name>
      </input_file>
      <input_file id="fl-2e">
         <path>.\dsplib\source\transform\</path>
         <kind>object</kind>
         <file>msp_cmplx_fft_iq31.obj</file>
         <name>msp_cmplx_fft_iq31.obj</name>
      </input_file>
      <input_file id="fl-2f">
         <path>.\dsplib\source\transform\</path>
         <kind>object</kind>
         <file>msp_cmplx_ifft_auto_q15.obj</file>
         <name>msp_cmplx_ifft_auto_q15.obj</name>
      </input_file>
      <input_file id="fl-30">
         <path>.\dsplib\source\transform\</path>
         <kind>object</kind>
         <file>msp_cmplx_ifft_fixed_q15.obj</file>
         <name>msp_cmplx_ifft_fixed_q15.obj</name>
      </input_file>
      <input_file id="fl-31">
         <path>.\dsplib\source\transform\</path>
         <kind>object</kind>
         <file>msp_cmplx_ifft_iq31.obj</file>
         <name>msp_cmplx_ifft_iq31.obj</name>
      </input_file>
      <input_file id="fl-32">
         <path>.\dsplib\source\transform\</path>
         <kind>object</kind>
         <file>msp_fft_auto_q15.obj</file>
         <name>msp_fft_auto_q15.obj</name>
      </input_file>
      <input_file id="fl-33">
         <path>.\dsplib\source\transform\</path>
         <kind>object</kind>
         <file>msp_fft_fixed_q15.obj</file>
         <name>msp_fft_fixed_q15.obj</name>
      </input_file>
      <input_file id="fl-34">
         <path>.\dsplib\source\transform\</path>
         <kind>object</kind>
         <file>msp_fft_iq31.obj</file>
         <name>msp_fft_iq31.obj</name>
      </input_file>
      <input_file id="fl-35">
         <path>.\dsplib\source\transform\</path>
         <kind>object</kind>
         <file>msp_ifft_auto_q15.obj</file>
         <name>msp_ifft_auto_q15.obj</name>
      </input_file>
      <input_file id="fl-36">
         <path>.\dsplib\source\transform\</path>
         <kind>object</kind>
         <file>msp_ifft_fixed_q15.obj</file>
         <name>msp_ifft_fixed_q15.obj</name>
      </input_file>
      <input_file id="fl-37">
         <path>.\dsplib\source\transform\</path>
         <kind>object</kind>
         <file>msp_ifft_iq31.obj</file>
         <name>msp_ifft_iq31.obj</name>
      </input_file>
      <input_file id="fl-38">
         <path>.\dsplib\source\transform\</path>
         <kind>object</kind>
         <file>msp_split_iq31.obj</file>
         <name>msp_split_iq31.obj</name>
      </input_file>
      <input_file id="fl-39">
         <path>.\dsplib\source\transform\</path>
         <kind>object</kind>
         <file>msp_split_q15.obj</file>
         <name>msp_split_q15.obj</name>
      </input_file>
      <input_file id="fl-3a">
         <path>.\dsplib\source\transform\</path>
         <kind>object</kind>
         <file>msp_transform_tables.obj</file>
         <name>msp_transform_tables.obj</name>
      </input_file>
      <input_file id="fl-3b">
         <path>.\dsplib\source\utility\</path>
         <kind>object</kind>
         <file>msp_cmplx_fill_iq31.obj</file>
         <name>msp_cmplx_fill_iq31.obj</name>
      </input_file>
      <input_file id="fl-3c">
         <path>.\dsplib\source\utility\</path>
         <kind>object</kind>
         <file>msp_cmplx_fill_q15.obj</file>
         <name>msp_cmplx_fill_q15.obj</name>
      </input_file>
      <input_file id="fl-3d">
         <path>.\dsplib\source\utility\</path>
         <kind>object</kind>
         <file>msp_cmplx_iq31.obj</file>
         <name>msp_cmplx_iq31.obj</name>
      </input_file>
      <input_file id="fl-3e">
         <path>.\dsplib\source\utility\</path>
         <kind>object</kind>
         <file>msp_cmplx_q15.obj</file>
         <name>msp_cmplx_q15.obj</name>
      </input_file>
      <input_file id="fl-3f">
         <path>.\dsplib\source\utility\</path>
         <kind>object</kind>
         <file>msp_copy_iq31.obj</file>
         <name>msp_copy_iq31.obj</name>
      </input_file>
      <input_file id="fl-40">
         <path>.\dsplib\source\utility\</path>
         <kind>object</kind>
         <file>msp_copy_q15.obj</file>
         <name>msp_copy_q15.obj</name>
      </input_file>
      <input_file id="fl-41">
         <path>.\dsplib\source\utility\</path>
         <kind>object</kind>
         <file>msp_deinterleave_iq31.obj</file>
         <name>msp_deinterleave_iq31.obj</name>
      </input_file>
      <input_file id="fl-42">
         <path>.\dsplib\source\utility\</path>
         <kind>object</kind>
         <file>msp_deinterleave_q15.obj</file>
         <name>msp_deinterleave_q15.obj</name>
      </input_file>
      <input_file id="fl-43">
         <path>.\dsplib\source\utility\</path>
         <kind>object</kind>
         <file>msp_fill_iq31.obj</file>
         <name>msp_fill_iq31.obj</name>
      </input_file>
      <input_file id="fl-44">
         <path>.\dsplib\source\utility\</path>
         <kind>object</kind>
         <file>msp_fill_q15.obj</file>
         <name>msp_fill_q15.obj</name>
      </input_file>
      <input_file id="fl-45">
         <path>.\dsplib\source\utility\</path>
         <kind>object</kind>
         <file>msp_interleave_iq31.obj</file>
         <name>msp_interleave_iq31.obj</name>
      </input_file>
      <input_file id="fl-46">
         <path>.\dsplib\source\utility\</path>
         <kind>object</kind>
         <file>msp_interleave_q15.obj</file>
         <name>msp_interleave_q15.obj</name>
      </input_file>
      <input_file id="fl-47">
         <path>.\dsplib\source\utility\</path>
         <kind>object</kind>
         <file>msp_iq31_to_q15.obj</file>
         <name>msp_iq31_to_q15.obj</name>
      </input_file>
      <input_file id="fl-48">
         <path>.\dsplib\source\utility\</path>
         <kind>object</kind>
         <file>msp_q15_to_iq31.obj</file>
         <name>msp_q15_to_iq31.obj</name>
      </input_file>
      <input_file id="fl-49">
         <path>.\dsplib\source\utility\</path>
         <kind>object</kind>
         <file>msp_sinusoid_q15.obj</file>
         <name>msp_sinusoid_q15.obj</name>
      </input_file>
      <input_file id="fl-4a">
         <path>.\dsplib\source\vector\</path>
         <kind>object</kind>
         <file>msp_abs_iq31.obj</file>
         <name>msp_abs_iq31.obj</name>
      </input_file>
      <input_file id="fl-4b">
         <path>.\dsplib\source\vector\</path>
         <kind>object</kind>
         <file>msp_abs_q15.obj</file>
         <name>msp_abs_q15.obj</name>
      </input_file>
      <input_file id="fl-4c">
         <path>.\dsplib\source\vector\</path>
         <kind>object</kind>
         <file>msp_add_iq31.obj</file>
         <name>msp_add_iq31.obj</name>
      </input_file>
      <input_file id="fl-4d">
         <path>.\dsplib\source\vector\</path>
         <kind>object</kind>
         <file>msp_add_q15.obj</file>
         <name>msp_add_q15.obj</name>
      </input_file>
      <input_file id="fl-4e">
         <path>.\dsplib\source\vector\</path>
         <kind>object</kind>
         <file>msp_cmplx_add_iq31.obj</file>
         <name>msp_cmplx_add_iq31.obj</name>
      </input_file>
      <input_file id="fl-4f">
         <path>.\dsplib\source\vector\</path>
         <kind>object</kind>
         <file>msp_cmplx_add_q15.obj</file>
         <name>msp_cmplx_add_q15.obj</name>
      </input_file>
      <input_file id="fl-50">
         <path>.\dsplib\source\vector\</path>
         <kind>object</kind>
         <file>msp_cmplx_conj_iq31.obj</file>
         <name>msp_cmplx_conj_iq31.obj</name>
      </input_file>
      <input_file id="fl-51">
         <path>.\dsplib\source\vector\</path>
         <kind>object</kind>
         <file>msp_cmplx_conj_q15.obj</file>
         <name>msp_cmplx_conj_q15.obj</name>
      </input_file>
      <input_file id="fl-52">
         <path>.\dsplib\source\vector\</path>
         <kind>object</kind>
         <file>msp_cmplx_mac_iq31.obj</file>
         <name>msp_cmplx_mac_iq31.obj</name>
      </input_file>
      <input_file id="fl-53">
         <path>.\dsplib\source\vector\</path>
         <kind>object</kind>
         <file>msp_cmplx_mac_q15.obj</file>
         <name>msp_cmplx_mac_q15.obj</name>
      </input_file>
      <input_file id="fl-54">
         <path>.\dsplib\source\vector\</path>
         <kind>object</kind>
         <file>msp_cmplx_mpy_iq31.obj</file>
         <name>msp_cmplx_mpy_iq31.obj</name>
      </input_file>
      <input_file id="fl-55">
         <path>.\dsplib\source\vector\</path>
         <kind>object</kind>
         <file>msp_cmplx_mpy_q15.obj</file>
         <name>msp_cmplx_mpy_q15.obj</name>
      </input_file>
      <input_file id="fl-56">
         <path>.\dsplib\source\vector\</path>
         <kind>object</kind>
         <file>msp_cmplx_mpy_real_iq31.obj</file>
         <name>msp_cmplx_mpy_real_iq31.obj</name>
      </input_file>
      <input_file id="fl-57">
         <path>.\dsplib\source\vector\</path>
         <kind>object</kind>
         <file>msp_cmplx_mpy_real_q15.obj</file>
         <name>msp_cmplx_mpy_real_q15.obj</name>
      </input_file>
      <input_file id="fl-58">
         <path>.\dsplib\source\vector\</path>
         <kind>object</kind>
         <file>msp_cmplx_scale_iq31.obj</file>
         <name>msp_cmplx_scale_iq31.obj</name>
      </input_file>
      <input_file id="fl-59">
         <path>.\dsplib\source\vector\</path>
         <kind>object</kind>
         <file>msp_cmplx_scale_q15.obj</file>
         <name>msp_cmplx_scale_q15.obj</name>
      </input_file>
      <input_file id="fl-5a">
         <path>.\dsplib\source\vector\</path>
         <kind>object</kind>
         <file>msp_cmplx_shift_iq31.obj</file>
         <name>msp_cmplx_shift_iq31.obj</name>
      </input_file>
      <input_file id="fl-5b">
         <path>.\dsplib\source\vector\</path>
         <kind>object</kind>
         <file>msp_cmplx_shift_q15.obj</file>
         <name>msp_cmplx_shift_q15.obj</name>
      </input_file>
      <input_file id="fl-5c">
         <path>.\dsplib\source\vector\</path>
         <kind>object</kind>
         <file>msp_cmplx_sub_iq31.obj</file>
         <name>msp_cmplx_sub_iq31.obj</name>
      </input_file>
      <input_file id="fl-5d">
         <path>.\dsplib\source\vector\</path>
         <kind>object</kind>
         <file>msp_cmplx_sub_q15.obj</file>
         <name>msp_cmplx_sub_q15.obj</name>
      </input_file>
      <input_file id="fl-5e">
         <path>.\dsplib\source\vector\</path>
         <kind>object</kind>
         <file>msp_mac_iq31.obj</file>
         <name>msp_mac_iq31.obj</name>
      </input_file>
      <input_file id="fl-5f">
         <path>.\dsplib\source\vector\</path>
         <kind>object</kind>
         <file>msp_mac_q15.obj</file>
         <name>msp_mac_q15.obj</name>
      </input_file>
      <input_file id="fl-60">
         <path>.\dsplib\source\vector\</path>
         <kind>object</kind>
         <file>msp_max_iq31.obj</file>
         <name>msp_max_iq31.obj</name>
      </input_file>
      <input_file id="fl-61">
         <path>.\dsplib\source\vector\</path>
         <kind>object</kind>
         <file>msp_max_q15.obj</file>
         <name>msp_max_q15.obj</name>
      </input_file>
      <input_file id="fl-62">
         <path>.\dsplib\source\vector\</path>
         <kind>object</kind>
         <file>msp_max_uq15.obj</file>
         <name>msp_max_uq15.obj</name>
      </input_file>
      <input_file id="fl-63">
         <path>.\dsplib\source\vector\</path>
         <kind>object</kind>
         <file>msp_max_uq31.obj</file>
         <name>msp_max_uq31.obj</name>
      </input_file>
      <input_file id="fl-64">
         <path>.\dsplib\source\vector\</path>
         <kind>object</kind>
         <file>msp_min_iq31.obj</file>
         <name>msp_min_iq31.obj</name>
      </input_file>
      <input_file id="fl-65">
         <path>.\dsplib\source\vector\</path>
         <kind>object</kind>
         <file>msp_min_q15.obj</file>
         <name>msp_min_q15.obj</name>
      </input_file>
      <input_file id="fl-66">
         <path>.\dsplib\source\vector\</path>
         <kind>object</kind>
         <file>msp_min_uq15.obj</file>
         <name>msp_min_uq15.obj</name>
      </input_file>
      <input_file id="fl-67">
         <path>.\dsplib\source\vector\</path>
         <kind>object</kind>
         <file>msp_min_uq31.obj</file>
         <name>msp_min_uq31.obj</name>
      </input_file>
      <input_file id="fl-68">
         <path>.\dsplib\source\vector\</path>
         <kind>object</kind>
         <file>msp_mpy_iq31.obj</file>
         <name>msp_mpy_iq31.obj</name>
      </input_file>
      <input_file id="fl-69">
         <path>.\dsplib\source\vector\</path>
         <kind>object</kind>
         <file>msp_mpy_q15.obj</file>
         <name>msp_mpy_q15.obj</name>
      </input_file>
      <input_file id="fl-6a">
         <path>.\dsplib\source\vector\</path>
         <kind>object</kind>
         <file>msp_neg_iq31.obj</file>
         <name>msp_neg_iq31.obj</name>
      </input_file>
      <input_file id="fl-6b">
         <path>.\dsplib\source\vector\</path>
         <kind>object</kind>
         <file>msp_neg_q15.obj</file>
         <name>msp_neg_q15.obj</name>
      </input_file>
      <input_file id="fl-6c">
         <path>.\dsplib\source\vector\</path>
         <kind>object</kind>
         <file>msp_offset_iq31.obj</file>
         <name>msp_offset_iq31.obj</name>
      </input_file>
      <input_file id="fl-6d">
         <path>.\dsplib\source\vector\</path>
         <kind>object</kind>
         <file>msp_offset_q15.obj</file>
         <name>msp_offset_q15.obj</name>
      </input_file>
      <input_file id="fl-6e">
         <path>.\dsplib\source\vector\</path>
         <kind>object</kind>
         <file>msp_scale_iq31.obj</file>
         <name>msp_scale_iq31.obj</name>
      </input_file>
      <input_file id="fl-6f">
         <path>.\dsplib\source\vector\</path>
         <kind>object</kind>
         <file>msp_scale_q15.obj</file>
         <name>msp_scale_q15.obj</name>
      </input_file>
      <input_file id="fl-70">
         <path>.\dsplib\source\vector\</path>
         <kind>object</kind>
         <file>msp_shift_iq31.obj</file>
         <name>msp_shift_iq31.obj</name>
      </input_file>
      <input_file id="fl-71">
         <path>.\dsplib\source\vector\</path>
         <kind>object</kind>
         <file>msp_shift_q15.obj</file>
         <name>msp_shift_q15.obj</name>
      </input_file>
      <input_file id="fl-72">
         <path>.\dsplib\source\vector\</path>
         <kind>object</kind>
         <file>msp_sub_iq31.obj</file>
         <name>msp_sub_iq31.obj</name>
      </input_file>
      <input_file id="fl-73">
         <path>.\dsplib\source\vector\</path>
         <kind>object</kind>
         <file>msp_sub_q15.obj</file>
         <name>msp_sub_q15.obj</name>
      </input_file>
      <input_file id="fl-7d">
         <kind>object</kind>
         <file>&lt;internal&gt;</file>
         <name>&lt;internal&gt;</name>
      </input_file>
      <input_file id="fl-7e">
         <path>E:\TI_Borad\simplelink_msp432e4_sdk_4_20_00_12\source\ti\devices\msp432e4\driverlib\lib\ccs\m4f\</path>
         <kind>archive</kind>
         <file>msp432e4_driverlib.a</file>
         <name>adc.o</name>
      </input_file>
      <input_file id="fl-7f">
         <path>E:\TI_Borad\simplelink_msp432e4_sdk_4_20_00_12\source\ti\devices\msp432e4\driverlib\lib\ccs\m4f\</path>
         <kind>archive</kind>
         <file>msp432e4_driverlib.a</file>
         <name>interrupt.o</name>
      </input_file>
      <input_file id="fl-80">
         <path>E:\TI_Borad\simplelink_msp432e4_sdk_4_20_00_12\source\ti\devices\msp432e4\driverlib\lib\ccs\m4f\</path>
         <kind>archive</kind>
         <file>msp432e4_driverlib.a</file>
         <name>sysctl.o</name>
      </input_file>
      <input_file id="fl-81">
         <path>E:\TI_Borad\simplelink_msp432e4_sdk_4_20_00_12\source\ti\devices\msp432e4\driverlib\lib\ccs\m4f\</path>
         <kind>archive</kind>
         <file>msp432e4_driverlib.a</file>
         <name>timer.o</name>
      </input_file>
      <input_file id="fl-82">
         <path>E:\TI_Borad\simplelink_msp432e4_sdk_4_20_00_12\source\ti\devices\msp432e4\driverlib\lib\ccs\m4f\</path>
         <kind>archive</kind>
         <file>msp432e4_driverlib.a</file>
         <name>uart.o</name>
      </input_file>
      <input_file id="fl-83">
         <path>E:\TI_Borad\simplelink_msp432e4_sdk_4_20_00_12\source\ti\devices\msp432e4\driverlib\lib\ccs\m4f\</path>
         <kind>archive</kind>
         <file>msp432e4_driverlib.a</file>
         <name>cpu.o</name>
      </input_file>
      <input_file id="fl-139">
         <path>E:\TI_CCS_IDE\ccs\tools\compiler\ti-cgt-arm_20.2.7.LTS\lib\</path>
         <kind>archive</kind>
         <file>rtsv7M4_T_le_v4SPD16_eabi.lib</file>
         <name>e_sqrtf.c.obj</name>
      </input_file>
      <input_file id="fl-13a">
         <path>E:\TI_CCS_IDE\ccs\tools\compiler\ti-cgt-arm_20.2.7.LTS\lib\</path>
         <kind>archive</kind>
         <file>rtsv7M4_T_le_v4SPD16_eabi.lib</file>
         <name>e_sqrt.c.obj</name>
      </input_file>
      <input_file id="fl-13b">
         <path>E:\TI_CCS_IDE\ccs\tools\compiler\ti-cgt-arm_20.2.7.LTS\lib\</path>
         <kind>archive</kind>
         <file>rtsv7M4_T_le_v4SPD16_eabi.lib</file>
         <name>vsprintf.c.obj</name>
      </input_file>
      <input_file id="fl-13c">
         <path>E:\TI_CCS_IDE\ccs\tools\compiler\ti-cgt-arm_20.2.7.LTS\lib\</path>
         <kind>archive</kind>
         <file>rtsv7M4_T_le_v4SPD16_eabi.lib</file>
         <name>fd_add_t2.asm.obj</name>
      </input_file>
      <input_file id="fl-13d">
         <path>E:\TI_CCS_IDE\ccs\tools\compiler\ti-cgt-arm_20.2.7.LTS\lib\</path>
         <kind>archive</kind>
         <file>rtsv7M4_T_le_v4SPD16_eabi.lib</file>
         <name>fd_mul_t2.asm.obj</name>
      </input_file>
      <input_file id="fl-13e">
         <path>E:\TI_CCS_IDE\ccs\tools\compiler\ti-cgt-arm_20.2.7.LTS\lib\</path>
         <kind>archive</kind>
         <file>rtsv7M4_T_le_v4SPD16_eabi.lib</file>
         <name>fd_toi_t2.asm.obj</name>
      </input_file>
      <input_file id="fl-13f">
         <path>E:\TI_CCS_IDE\ccs\tools\compiler\ti-cgt-arm_20.2.7.LTS\lib\</path>
         <kind>archive</kind>
         <file>rtsv7M4_T_le_v4SPD16_eabi.lib</file>
         <name>fd_tos_t2.asm.obj</name>
      </input_file>
      <input_file id="fl-140">
         <path>E:\TI_CCS_IDE\ccs\tools\compiler\ti-cgt-arm_20.2.7.LTS\lib\</path>
         <kind>archive</kind>
         <file>rtsv7M4_T_le_v4SPD16_eabi.lib</file>
         <name>fd_tou_t2.asm.obj</name>
      </input_file>
      <input_file id="fl-141">
         <path>E:\TI_CCS_IDE\ccs\tools\compiler\ti-cgt-arm_20.2.7.LTS\lib\</path>
         <kind>archive</kind>
         <file>rtsv7M4_T_le_v4SPD16_eabi.lib</file>
         <name>fs_tod_t2.asm.obj</name>
      </input_file>
      <input_file id="fl-142">
         <path>E:\TI_CCS_IDE\ccs\tools\compiler\ti-cgt-arm_20.2.7.LTS\lib\</path>
         <kind>archive</kind>
         <file>rtsv7M4_T_le_v4SPD16_eabi.lib</file>
         <name>i_tofd_t2.asm.obj</name>
      </input_file>
      <input_file id="fl-143">
         <path>E:\TI_CCS_IDE\ccs\tools\compiler\ti-cgt-arm_20.2.7.LTS\lib\</path>
         <kind>archive</kind>
         <file>rtsv7M4_T_le_v4SPD16_eabi.lib</file>
         <name>ll_asr_t2.asm.obj</name>
      </input_file>
      <input_file id="fl-144">
         <path>E:\TI_CCS_IDE\ccs\tools\compiler\ti-cgt-arm_20.2.7.LTS\lib\</path>
         <kind>archive</kind>
         <file>rtsv7M4_T_le_v4SPD16_eabi.lib</file>
         <name>memcpy_t2.asm.obj</name>
      </input_file>
      <input_file id="fl-145">
         <path>E:\TI_CCS_IDE\ccs\tools\compiler\ti-cgt-arm_20.2.7.LTS\lib\</path>
         <kind>archive</kind>
         <file>rtsv7M4_T_le_v4SPD16_eabi.lib</file>
         <name>u_tofd_t2.asm.obj</name>
      </input_file>
      <input_file id="fl-146">
         <path>E:\TI_CCS_IDE\ccs\tools\compiler\ti-cgt-arm_20.2.7.LTS\lib\</path>
         <kind>archive</kind>
         <file>rtsv7M4_T_le_v4SPD16_eabi.lib</file>
         <name>copy_zero_init.c.obj</name>
      </input_file>
      <input_file id="fl-147">
         <path>E:\TI_CCS_IDE\ccs\tools\compiler\ti-cgt-arm_20.2.7.LTS\lib\</path>
         <kind>archive</kind>
         <file>rtsv7M4_T_le_v4SPD16_eabi.lib</file>
         <name>copy_decompress_none.c.obj</name>
      </input_file>
      <input_file id="fl-148">
         <path>E:\TI_CCS_IDE\ccs\tools\compiler\ti-cgt-arm_20.2.7.LTS\lib\</path>
         <kind>archive</kind>
         <file>rtsv7M4_T_le_v4SPD16_eabi.lib</file>
         <name>copy_decompress_lzss.c.obj</name>
      </input_file>
      <input_file id="fl-149">
         <path>E:\TI_CCS_IDE\ccs\tools\compiler\ti-cgt-arm_20.2.7.LTS\lib\</path>
         <kind>archive</kind>
         <file>rtsv7M4_T_le_v4SPD16_eabi.lib</file>
         <name>strlen.c.obj</name>
      </input_file>
      <input_file id="fl-14a">
         <path>E:\TI_CCS_IDE\ccs\tools\compiler\ti-cgt-arm_20.2.7.LTS\lib\</path>
         <kind>archive</kind>
         <file>rtsv7M4_T_le_v4SPD16_eabi.lib</file>
         <name>boot_cortex_m.c.obj</name>
      </input_file>
      <input_file id="fl-14b">
         <path>E:\TI_CCS_IDE\ccs\tools\compiler\ti-cgt-arm_20.2.7.LTS\lib\</path>
         <kind>archive</kind>
         <file>rtsv7M4_T_le_v4SPD16_eabi.lib</file>
         <name>errno.c.obj</name>
      </input_file>
      <input_file id="fl-14c">
         <path>E:\TI_CCS_IDE\ccs\tools\compiler\ti-cgt-arm_20.2.7.LTS\lib\</path>
         <kind>archive</kind>
         <file>rtsv7M4_T_le_v4SPD16_eabi.lib</file>
         <name>_printfi.c.obj</name>
      </input_file>
      <input_file id="fl-14d">
         <path>E:\TI_CCS_IDE\ccs\tools\compiler\ti-cgt-arm_20.2.7.LTS\lib\</path>
         <kind>archive</kind>
         <file>rtsv7M4_T_le_v4SPD16_eabi.lib</file>
         <name>fd_cmp_t2.asm.obj</name>
      </input_file>
      <input_file id="fl-14e">
         <path>E:\TI_CCS_IDE\ccs\tools\compiler\ti-cgt-arm_20.2.7.LTS\lib\</path>
         <kind>archive</kind>
         <file>rtsv7M4_T_le_v4SPD16_eabi.lib</file>
         <name>fd_div_t2.asm.obj</name>
      </input_file>
      <input_file id="fl-14f">
         <path>E:\TI_CCS_IDE\ccs\tools\compiler\ti-cgt-arm_20.2.7.LTS\lib\</path>
         <kind>archive</kind>
         <file>rtsv7M4_T_le_v4SPD16_eabi.lib</file>
         <name>memset_t2.asm.obj</name>
      </input_file>
      <input_file id="fl-150">
         <path>E:\TI_CCS_IDE\ccs\tools\compiler\ti-cgt-arm_20.2.7.LTS\lib\</path>
         <kind>archive</kind>
         <file>rtsv7M4_T_le_v4SPD16_eabi.lib</file>
         <name>ull_div_t2.asm.obj</name>
      </input_file>
      <input_file id="fl-151">
         <path>E:\TI_CCS_IDE\ccs\tools\compiler\ti-cgt-arm_20.2.7.LTS\lib\</path>
         <kind>archive</kind>
         <file>rtsv7M4_T_le_v4SPD16_eabi.lib</file>
         <name>autoinit.c.obj</name>
      </input_file>
      <input_file id="fl-152">
         <path>E:\TI_CCS_IDE\ccs\tools\compiler\ti-cgt-arm_20.2.7.LTS\lib\</path>
         <kind>archive</kind>
         <file>rtsv7M4_T_le_v4SPD16_eabi.lib</file>
         <name>pre_init.c.obj</name>
      </input_file>
      <input_file id="fl-153">
         <path>E:\TI_CCS_IDE\ccs\tools\compiler\ti-cgt-arm_20.2.7.LTS\lib\</path>
         <kind>archive</kind>
         <file>rtsv7M4_T_le_v4SPD16_eabi.lib</file>
         <name>cpy_tbl.c.obj</name>
      </input_file>
      <input_file id="fl-154">
         <path>E:\TI_CCS_IDE\ccs\tools\compiler\ti-cgt-arm_20.2.7.LTS\lib\</path>
         <kind>archive</kind>
         <file>rtsv7M4_T_le_v4SPD16_eabi.lib</file>
         <name>exit.c.obj</name>
      </input_file>
      <input_file id="fl-155">
         <path>E:\TI_CCS_IDE\ccs\tools\compiler\ti-cgt-arm_20.2.7.LTS\lib\</path>
         <kind>archive</kind>
         <file>rtsv7M4_T_le_v4SPD16_eabi.lib</file>
         <name>_lock.c.obj</name>
      </input_file>
      <input_file id="fl-156">
         <path>E:\TI_CCS_IDE\ccs\tools\compiler\ti-cgt-arm_20.2.7.LTS\lib\</path>
         <kind>archive</kind>
         <file>rtsv7M4_T_le_v4SPD16_eabi.lib</file>
         <name>_ltoa.c.obj</name>
      </input_file>
      <input_file id="fl-157">
         <path>E:\TI_CCS_IDE\ccs\tools\compiler\ti-cgt-arm_20.2.7.LTS\lib\</path>
         <kind>archive</kind>
         <file>rtsv7M4_T_le_v4SPD16_eabi.lib</file>
         <name>args_main.c.obj</name>
      </input_file>
      <input_file id="fl-158">
         <path>E:\TI_CCS_IDE\ccs\tools\compiler\ti-cgt-arm_20.2.7.LTS\lib\</path>
         <kind>archive</kind>
         <file>rtsv7M4_T_le_v4SPD16_eabi.lib</file>
         <name>atoi.c.obj</name>
      </input_file>
      <input_file id="fl-159">
         <path>E:\TI_CCS_IDE\ccs\tools\compiler\ti-cgt-arm_20.2.7.LTS\lib\</path>
         <kind>archive</kind>
         <file>rtsv7M4_T_le_v4SPD16_eabi.lib</file>
         <name>ctype.c.obj</name>
      </input_file>
      <input_file id="fl-15a">
         <path>E:\TI_CCS_IDE\ccs\tools\compiler\ti-cgt-arm_20.2.7.LTS\lib\</path>
         <kind>archive</kind>
         <file>rtsv7M4_T_le_v4SPD16_eabi.lib</file>
         <name>memccpy.c.obj</name>
      </input_file>
      <input_file id="fl-15b">
         <path>E:\TI_CCS_IDE\ccs\tools\compiler\ti-cgt-arm_20.2.7.LTS\lib\</path>
         <kind>archive</kind>
         <file>rtsv7M4_T_le_v4SPD16_eabi.lib</file>
         <name>strchr.c.obj</name>
      </input_file>
      <input_file id="fl-15c">
         <path>E:\TI_CCS_IDE\ccs\tools\compiler\ti-cgt-arm_20.2.7.LTS\lib\</path>
         <kind>archive</kind>
         <file>rtsv7M4_T_le_v4SPD16_eabi.lib</file>
         <name>wcslen.c.obj</name>
      </input_file>
      <input_file id="fl-15d">
         <path>E:\TI_CCS_IDE\ccs\tools\compiler\ti-cgt-arm_20.2.7.LTS\lib\</path>
         <kind>archive</kind>
         <file>rtsv7M4_T_le_v4SPD16_eabi.lib</file>
         <name>s_frexp.c.obj</name>
      </input_file>
      <input_file id="fl-15e">
         <path>E:\TI_CCS_IDE\ccs\tools\compiler\ti-cgt-arm_20.2.7.LTS\lib\</path>
         <kind>archive</kind>
         <file>rtsv7M4_T_le_v4SPD16_eabi.lib</file>
         <name>s_scalbn.c.obj</name>
      </input_file>
      <input_file id="fl-15f">
         <path>E:\TI_CCS_IDE\ccs\tools\compiler\ti-cgt-arm_20.2.7.LTS\lib\</path>
         <kind>archive</kind>
         <file>rtsv7M4_T_le_v4SPD16_eabi.lib</file>
         <name>div0.asm.obj</name>
      </input_file>
      <input_file id="fl-160">
         <path>E:\TI_CCS_IDE\ccs\tools\compiler\ti-cgt-arm_20.2.7.LTS\lib\</path>
         <kind>archive</kind>
         <file>rtsv7M4_T_le_v4SPD16_eabi.lib</file>
         <name>s_copysign.c.obj</name>
      </input_file>
   </input_file_list>
   <object_component_list>
      <object_component id="oc-13">
         <name>.intvecs:retain</name>
         <load_address>0x0</load_address>
         <run_address>0x0</run_address>
         <size>0x208</size>
         <input_file_ref idref="fl-9"/>
      </object_component>
      <object_component id="oc-37c">
         <name>.text:__TI_printfi</name>
         <load_address>0x208</load_address>
         <run_address>0x208</run_address>
         <size>0xa4e</size>
         <input_file_ref idref="fl-14c"/>
      </object_component>
      <object_component id="oc-2e">
         <name>.text:Default_Handler</name>
         <load_address>0xc56</load_address>
         <run_address>0xc56</run_address>
         <size>0x2</size>
         <input_file_ref idref="fl-9"/>
      </object_component>
      <object_component id="oc-121">
         <name>.text:SysCtlClockFreqSet</name>
         <load_address>0xc58</load_address>
         <run_address>0xc58</run_address>
         <size>0x2e0</size>
         <input_file_ref idref="fl-80"/>
      </object_component>
      <object_component id="oc-3e0">
         <name>.text:_pconv_a</name>
         <load_address>0xf38</load_address>
         <run_address>0xf38</run_address>
         <size>0x270</size>
         <input_file_ref idref="fl-14c"/>
      </object_component>
      <object_component id="oc-243">
         <name>.text:get_harmonic_5</name>
         <load_address>0x11a8</load_address>
         <run_address>0x11a8</run_address>
         <size>0x270</size>
         <input_file_ref idref="fl-3"/>
      </object_component>
      <object_component id="oc-169">
         <name>.text:fit_Fs</name>
         <load_address>0x1418</load_address>
         <run_address>0x1418</run_address>
         <size>0x248</size>
         <input_file_ref idref="fl-3"/>
      </object_component>
      <object_component id="oc-151">
         <name>.text:Init_adc0_dma</name>
         <load_address>0x1660</load_address>
         <run_address>0x1660</run_address>
         <size>0x1dc</size>
         <input_file_ref idref="fl-3"/>
      </object_component>
      <object_component id="oc-3ce">
         <name>.text:_pconv_g</name>
         <load_address>0x183c</load_address>
         <run_address>0x183c</run_address>
         <size>0x1d0</size>
         <input_file_ref idref="fl-14c"/>
      </object_component>
      <object_component id="oc-2c3">
         <name>.text</name>
         <load_address>0x1a0c</load_address>
         <run_address>0x1a0c</run_address>
         <size>0x1b6</size>
         <input_file_ref idref="fl-13c"/>
      </object_component>
      <object_component id="oc-1fc">
         <name>.text:msp_cmplx_fft_fixed_q15</name>
         <load_address>0x1bc2</load_address>
         <run_address>0x1bc2</run_address>
         <size>0x1b0</size>
         <input_file_ref idref="fl-2d"/>
      </object_component>
      <object_component id="oc-202">
         <name>.text:msp_split_q15</name>
         <load_address>0x1d72</load_address>
         <run_address>0x1d72</run_address>
         <size>0x1a0</size>
         <input_file_ref idref="fl-39"/>
      </object_component>
      <object_component id="oc-470">
         <name>.text</name>
         <load_address>0x1f12</load_address>
         <run_address>0x1f12</run_address>
         <size>0x2</size>
         <input_file_ref idref="fl-15f"/>
      </object_component>
      <object_component id="oc-c4">
         <name>.text:main</name>
         <load_address>0x1f14</load_address>
         <run_address>0x1f14</run_address>
         <size>0x168</size>
         <input_file_ref idref="fl-2"/>
      </object_component>
      <object_component id="oc-249">
         <name>.text:printf_data_to_bluetooth_and_screen</name>
         <load_address>0x207c</load_address>
         <run_address>0x207c</run_address>
         <size>0x168</size>
         <input_file_ref idref="fl-3"/>
      </object_component>
      <object_component id="oc-20f">
         <name>.text:sqrt</name>
         <load_address>0x21e4</load_address>
         <run_address>0x21e4</run_address>
         <size>0x158</size>
         <input_file_ref idref="fl-13a"/>
      </object_component>
      <object_component id="oc-3da">
         <name>.text:_pconv_e</name>
         <load_address>0x233c</load_address>
         <run_address>0x233c</run_address>
         <size>0x13c</size>
         <input_file_ref idref="fl-14c"/>
      </object_component>
      <object_component id="oc-413">
         <name>.text</name>
         <load_address>0x2478</load_address>
         <run_address>0x2478</run_address>
         <size>0x136</size>
         <input_file_ref idref="fl-14e"/>
      </object_component>
      <object_component id="oc-430">
         <name>.text:fcvt</name>
         <load_address>0x25b0</load_address>
         <run_address>0x25b0</run_address>
         <size>0x124</size>
         <input_file_ref idref="fl-14c"/>
      </object_component>
      <object_component id="oc-444">
         <name>.text:scalbn</name>
         <load_address>0x26d4</load_address>
         <run_address>0x26d4</run_address>
         <size>0x110</size>
         <input_file_ref idref="fl-15e"/>
      </object_component>
      <object_component id="oc-22e">
         <name>.text</name>
         <load_address>0x27e4</load_address>
         <run_address>0x27e4</run_address>
         <size>0xfc</size>
         <input_file_ref idref="fl-13d"/>
      </object_component>
      <object_component id="oc-34">
         <name>.text:ADC0SS2_IRQHandler</name>
         <load_address>0x28e0</load_address>
         <run_address>0x28e0</run_address>
         <size>0xf8</size>
         <input_file_ref idref="fl-2"/>
      </object_component>
      <object_component id="oc-1ee">
         <name>.text:ADCSequenceStepConfigure</name>
         <load_address>0x29d8</load_address>
         <run_address>0x29d8</run_address>
         <size>0xee</size>
         <input_file_ref idref="fl-7e"/>
      </object_component>
      <object_component id="oc-29e">
         <name>.text:msp_cmplx_bitrev_q15</name>
         <load_address>0x2ac8</load_address>
         <run_address>0x2ac8</run_address>
         <size>0xec</size>
         <input_file_ref idref="fl-2b"/>
      </object_component>
      <object_component id="oc-3c3">
         <name>.text:_ltostr</name>
         <load_address>0x2bb4</load_address>
         <run_address>0x2bb4</run_address>
         <size>0xb1</size>
         <input_file_ref idref="fl-14c"/>
      </object_component>
      <object_component id="oc-4e">
         <name>.text</name>
         <load_address>0x2c66</load_address>
         <run_address>0x2c66</run_address>
         <size>0x9c</size>
         <input_file_ref idref="fl-144"/>
      </object_component>
      <object_component id="oc-40c">
         <name>.text</name>
         <load_address>0x2d02</load_address>
         <run_address>0x2d02</run_address>
         <size>0x96</size>
         <input_file_ref idref="fl-150"/>
      </object_component>
      <object_component id="oc-1c3">
         <name>.text:_SysCtlFrequencyGet</name>
         <load_address>0x2d98</load_address>
         <run_address>0x2d98</run_address>
         <size>0x90</size>
         <input_file_ref idref="fl-80"/>
      </object_component>
      <object_component id="oc-3c9">
         <name>.text:__aeabi_cdcmple</name>
         <load_address>0x2e28</load_address>
         <run_address>0x2e28</run_address>
         <size>0x86</size>
         <input_file_ref idref="fl-14d"/>
      </object_component>
      <object_component id="oc-418">
         <name>.text:__aeabi_cdrcmple</name>
         <load_address>0x2eae</load_address>
         <run_address>0x2eae</run_address>
         <size>0x86</size>
         <input_file_ref idref="fl-14d"/>
      </object_component>
      <object_component id="oc-361">
         <name>.text:__q15cmpy</name>
         <load_address>0x2f34</load_address>
         <run_address>0x2f34</run_address>
         <size>0x7c</size>
         <input_file_ref idref="fl-2d"/>
      </object_component>
      <object_component id="oc-2b8">
         <name>.text:__q15cmpy</name>
         <load_address>0x2fb0</load_address>
         <run_address>0x2fb0</run_address>
         <size>0x7c</size>
         <input_file_ref idref="fl-39"/>
      </object_component>
      <object_component id="oc-15d">
         <name>.text:cplx_abs_q15</name>
         <load_address>0x302c</load_address>
         <run_address>0x302c</run_address>
         <size>0x7a</size>
         <input_file_ref idref="fl-5"/>
      </object_component>
      <object_component id="oc-b8">
         <name>.text</name>
         <load_address>0x30a6</load_address>
         <run_address>0x30a6</run_address>
         <size>0x7a</size>
         <input_file_ref idref="fl-14f"/>
      </object_component>
      <object_component id="oc-145">
         <name>.text:Init_Tim2_int</name>
         <load_address>0x3120</load_address>
         <run_address>0x3120</run_address>
         <size>0x78</size>
         <input_file_ref idref="fl-8"/>
      </object_component>
      <object_component id="oc-2b0">
         <name>.text:msp_cmplx_btfly_fixed_q15</name>
         <load_address>0x3198</load_address>
         <run_address>0x3198</run_address>
         <size>0x78</size>
         <input_file_ref idref="fl-2d"/>
      </object_component>
      <object_component id="oc-1de">
         <name>.text:UARTStdioConfig</name>
         <load_address>0x3210</load_address>
         <run_address>0x3210</run_address>
         <size>0x74</size>
         <input_file_ref idref="fl-6"/>
      </object_component>
      <object_component id="oc-163">
         <name>.text:get_base_wave_idx</name>
         <load_address>0x3284</load_address>
         <run_address>0x3284</run_address>
         <size>0x74</size>
         <input_file_ref idref="fl-3"/>
      </object_component>
      <object_component id="oc-429">
         <name>.text:_mcpy</name>
         <load_address>0x32f8</load_address>
         <run_address>0x32f8</run_address>
         <size>0x6e</size>
         <input_file_ref idref="fl-14c"/>
      </object_component>
      <object_component id="oc-233">
         <name>.text</name>
         <load_address>0x3366</load_address>
         <run_address>0x3366</run_address>
         <size>0x6e</size>
         <input_file_ref idref="fl-13f"/>
      </object_component>
      <object_component id="oc-139">
         <name>.text:ConfigureUART1_screen</name>
         <load_address>0x33d4</load_address>
         <run_address>0x33d4</run_address>
         <size>0x6c</size>
         <input_file_ref idref="fl-6"/>
      </object_component>
      <object_component id="oc-13f">
         <name>.text:ConfigureUART2_bluetooth</name>
         <load_address>0x3440</load_address>
         <run_address>0x3440</run_address>
         <size>0x6c</size>
         <input_file_ref idref="fl-6"/>
      </object_component>
      <object_component id="oc-133">
         <name>.text:ConfigureUART0_debug</name>
         <load_address>0x34ac</load_address>
         <run_address>0x34ac</run_address>
         <size>0x68</size>
         <input_file_ref idref="fl-6"/>
      </object_component>
      <object_component id="oc-16">
         <name>.text:decompress:lzss:__TI_decompress_lzss</name>
         <load_address>0x3514</load_address>
         <run_address>0x3514</run_address>
         <size>0x68</size>
         <input_file_ref idref="fl-148"/>
      </object_component>
      <object_component id="oc-43e">
         <name>.text:frexp</name>
         <load_address>0x357c</load_address>
         <run_address>0x357c</run_address>
         <size>0x64</size>
         <input_file_ref idref="fl-15d"/>
      </object_component>
      <object_component id="oc-2a4">
         <name>.text:msp_cmplx_btfly_c0_fixed_q15</name>
         <load_address>0x35e0</load_address>
         <run_address>0x35e0</run_address>
         <size>0x64</size>
         <input_file_ref idref="fl-2d"/>
      </object_component>
      <object_component id="oc-2aa">
         <name>.text:msp_cmplx_btfly_c1_fixed_q15</name>
         <load_address>0x3644</load_address>
         <run_address>0x3644</run_address>
         <size>0x64</size>
         <input_file_ref idref="fl-2d"/>
      </object_component>
      <object_component id="oc-1f4">
         <name>.text:TimerControlTrigger</name>
         <load_address>0x36a8</load_address>
         <run_address>0x36a8</run_address>
         <size>0x60</size>
         <input_file_ref idref="fl-81"/>
      </object_component>
      <object_component id="oc-21c">
         <name>.text:max_ui16_normal</name>
         <load_address>0x3708</load_address>
         <run_address>0x3708</run_address>
         <size>0x5e</size>
         <input_file_ref idref="fl-5"/>
      </object_component>
      <object_component id="oc-309">
         <name>.text:max_ui16_normal_st_end</name>
         <load_address>0x3766</load_address>
         <run_address>0x3766</run_address>
         <size>0x5a</size>
         <input_file_ref idref="fl-5"/>
      </object_component>
      <object_component id="oc-34d">
         <name>.text:delay_us</name>
         <load_address>0x37c0</load_address>
         <run_address>0x37c0</run_address>
         <size>0x58</size>
         <input_file_ref idref="fl-4"/>
      </object_component>
      <object_component id="oc-3d4">
         <name>.text:_pconv_f</name>
         <load_address>0x3818</load_address>
         <run_address>0x3818</run_address>
         <size>0x56</size>
         <input_file_ref idref="fl-14c"/>
      </object_component>
      <object_component id="oc-41d">
         <name>.text:__TI_ltoa</name>
         <load_address>0x386e</load_address>
         <run_address>0x386e</run_address>
         <size>0x54</size>
         <input_file_ref idref="fl-156"/>
      </object_component>
      <object_component id="oc-157">
         <name>.text:msp_fft_fixed_q15</name>
         <load_address>0x38c2</load_address>
         <run_address>0x38c2</run_address>
         <size>0x54</size>
         <input_file_ref idref="fl-33"/>
      </object_component>
      <object_component id="oc-423">
         <name>.text:_ecpy</name>
         <load_address>0x3916</load_address>
         <run_address>0x3916</run_address>
         <size>0x52</size>
         <input_file_ref idref="fl-14c"/>
      </object_component>
      <object_component id="oc-3bd">
         <name>.text:atoi</name>
         <load_address>0x3968</load_address>
         <run_address>0x3968</run_address>
         <size>0x4c</size>
         <input_file_ref idref="fl-158"/>
      </object_component>
      <object_component id="oc-12d">
         <name>.text:Init_LED</name>
         <load_address>0x39b4</load_address>
         <run_address>0x39b4</run_address>
         <size>0x48</size>
         <input_file_ref idref="fl-2"/>
      </object_component>
      <object_component id="oc-215">
         <name>.text</name>
         <load_address>0x39fc</load_address>
         <run_address>0x39fc</run_address>
         <size>0x48</size>
         <input_file_ref idref="fl-13e"/>
      </object_component>
      <object_component id="oc-1d7">
         <name>.text:SysCtlPeripheralReady</name>
         <load_address>0x3a44</load_address>
         <run_address>0x3a44</run_address>
         <size>0x44</size>
         <input_file_ref idref="fl-80"/>
      </object_component>
      <object_component id="oc-1bd">
         <name>.text:_SysCtlMemTimingGet</name>
         <load_address>0x3a88</load_address>
         <run_address>0x3a88</run_address>
         <size>0x44</size>
         <input_file_ref idref="fl-80"/>
      </object_component>
      <object_component id="oc-184">
         <name>.text:__TI_auto_init_nobinit_nopinit:__TI_auto_init_nobinit_nopinit</name>
         <load_address>0x3acc</load_address>
         <run_address>0x3acc</run_address>
         <size>0x44</size>
         <input_file_ref idref="fl-151"/>
      </object_component>
      <object_component id="oc-304">
         <name>.text</name>
         <load_address>0x3b10</load_address>
         <run_address>0x3b10</run_address>
         <size>0x44</size>
         <input_file_ref idref="fl-140"/>
      </object_component>
      <object_component id="oc-223">
         <name>.text:set_Fs</name>
         <load_address>0x3b54</load_address>
         <run_address>0x3b54</run_address>
         <size>0x44</size>
         <input_file_ref idref="fl-3"/>
      </object_component>
      <object_component id="oc-23d">
         <name>.text:USART_printf</name>
         <load_address>0x3b98</load_address>
         <run_address>0x3b98</run_address>
         <size>0x40</size>
         <input_file_ref idref="fl-6"/>
      </object_component>
      <object_component id="oc-436">
         <name>.text:_fcpy</name>
         <load_address>0x3bd8</load_address>
         <run_address>0x3bd8</run_address>
         <size>0x3e</size>
         <input_file_ref idref="fl-14c"/>
      </object_component>
      <object_component id="oc-3a">
         <name>.text:TIMER2A_IRQHandler</name>
         <load_address>0x3c18</load_address>
         <run_address>0x3c18</run_address>
         <size>0x3c</size>
         <input_file_ref idref="fl-2"/>
      </object_component>
      <object_component id="oc-2f6">
         <name>.text:UART_Transmit_nums</name>
         <load_address>0x3c54</load_address>
         <run_address>0x3c54</run_address>
         <size>0x3a</size>
         <input_file_ref idref="fl-6"/>
      </object_component>
      <object_component id="oc-238">
         <name>.text</name>
         <load_address>0x3c8e</load_address>
         <run_address>0x3c8e</run_address>
         <size>0x38</size>
         <input_file_ref idref="fl-141"/>
      </object_component>
      <object_component id="oc-6c">
         <name>.text:_c_int00_noargs:_c_int00_noargs</name>
         <load_address>0x3cc8</load_address>
         <run_address>0x3cc8</run_address>
         <size>0x34</size>
         <input_file_ref idref="fl-14a"/>
      </object_component>
      <object_component id="oc-20a">
         <name>.text</name>
         <load_address>0x3cfc</load_address>
         <run_address>0x3cfc</run_address>
         <size>0x2e</size>
         <input_file_ref idref="fl-142"/>
      </object_component>
      <object_component id="oc-30f">
         <name>.text:sqrtf</name>
         <load_address>0x3d2c</load_address>
         <run_address>0x3d2c</run_address>
         <size>0x28</size>
         <input_file_ref idref="fl-139"/>
      </object_component>
      <object_component id="oc-2ea">
         <name>.text:vsprintf</name>
         <load_address>0x3d54</load_address>
         <run_address>0x3d54</run_address>
         <size>0x28</size>
         <input_file_ref idref="fl-13b"/>
      </object_component>
      <object_component id="oc-14b">
         <name>.text:Init_fft</name>
         <load_address>0x3d7c</load_address>
         <run_address>0x3d7c</run_address>
         <size>0x24</size>
         <input_file_ref idref="fl-3"/>
      </object_component>
      <object_component id="oc-80">
         <name>.text:SystemInit</name>
         <load_address>0x3da0</load_address>
         <run_address>0x3da0</run_address>
         <size>0x20</size>
         <input_file_ref idref="fl-7"/>
      </object_component>
      <object_component id="oc-229">
         <name>.text</name>
         <load_address>0x3dc0</load_address>
         <run_address>0x3dc0</run_address>
         <size>0x20</size>
         <input_file_ref idref="fl-145"/>
      </object_component>
      <object_component id="oc-2d9">
         <name>.text:TimerDisable</name>
         <load_address>0x3de0</load_address>
         <run_address>0x3de0</run_address>
         <size>0x1e</size>
         <input_file_ref idref="fl-81"/>
      </object_component>
      <object_component id="oc-2df">
         <name>.text:TimerEnable</name>
         <load_address>0x3dfe</load_address>
         <run_address>0x3dfe</run_address>
         <size>0x1e</size>
         <input_file_ref idref="fl-81"/>
      </object_component>
      <object_component id="oc-392">
         <name>.text:UARTCharPut</name>
         <load_address>0x3e1c</load_address>
         <run_address>0x3e1c</run_address>
         <size>0x1e</size>
         <input_file_ref idref="fl-82"/>
      </object_component>
      <object_component id="oc-28a">
         <name>.text:delay_ms</name>
         <load_address>0x3e3a</load_address>
         <run_address>0x3e3a</run_address>
         <size>0x1e</size>
         <input_file_ref idref="fl-4"/>
      </object_component>
      <object_component id="oc-127">
         <name>.text:delay_init</name>
         <load_address>0x3e58</load_address>
         <run_address>0x3e58</run_address>
         <size>0x1c</size>
         <input_file_ref idref="fl-4"/>
      </object_component>
      <object_component id="oc-3e6">
         <name>.text:memccpy</name>
         <load_address>0x3e74</load_address>
         <run_address>0x3e74</run_address>
         <size>0x1c</size>
         <input_file_ref idref="fl-15a"/>
      </object_component>
      <object_component id="oc-485">
         <name>.text:copysign</name>
         <load_address>0x3e90</load_address>
         <run_address>0x3e90</run_address>
         <size>0x1a</size>
         <input_file_ref idref="fl-160"/>
      </object_component>
      <object_component id="oc-382">
         <name>.text:_outs</name>
         <load_address>0x3eaa</load_address>
         <run_address>0x3eaa</run_address>
         <size>0x18</size>
         <input_file_ref idref="fl-13b"/>
      </object_component>
      <object_component id="oc-44a">
         <name>.text:strchr</name>
         <load_address>0x3ec2</load_address>
         <run_address>0x3ec2</run_address>
         <size>0x16</size>
         <input_file_ref idref="fl-15b"/>
      </object_component>
      <object_component id="oc-2f0">
         <name>.text:strlen</name>
         <load_address>0x3ed8</load_address>
         <run_address>0x3ed8</run_address>
         <size>0x14</size>
         <input_file_ref idref="fl-149"/>
      </object_component>
      <object_component id="oc-88">
         <name>.text:ADCIntClearEx</name>
         <load_address>0x3eec</load_address>
         <run_address>0x3eec</run_address>
         <size>0x12</size>
         <input_file_ref idref="fl-7e"/>
      </object_component>
      <object_component id="oc-3ec">
         <name>.text:wcslen</name>
         <load_address>0x3efe</load_address>
         <run_address>0x3efe</run_address>
         <size>0x12</size>
         <input_file_ref idref="fl-15c"/>
      </object_component>
      <object_component id="oc-1c">
         <name>.text:decompress:none:__TI_decompress_none</name>
         <load_address>0x3f10</load_address>
         <run_address>0x3f10</run_address>
         <size>0xe</size>
         <input_file_ref idref="fl-147"/>
      </object_component>
      <object_component id="oc-28">
         <name>.text:Reset_Handler</name>
         <load_address>0x3f1e</load_address>
         <run_address>0x3f1e</run_address>
         <size>0xc</size>
         <input_file_ref idref="fl-9"/>
      </object_component>
      <object_component id="oc-60">
         <name>.text:decompress:ZI:__TI_zero_init</name>
         <load_address>0x3f2a</load_address>
         <run_address>0x3f2a</run_address>
         <size>0xc</size>
         <input_file_ref idref="fl-146"/>
      </object_component>
      <object_component id="oc-388">
         <name>.text:_outc</name>
         <load_address>0x3f36</load_address>
         <run_address>0x3f36</run_address>
         <size>0xa</size>
         <input_file_ref idref="fl-13b"/>
      </object_component>
      <object_component id="oc-2c8">
         <name>.text:__aeabi_errno_addr</name>
         <load_address>0x3f40</load_address>
         <run_address>0x3f40</run_address>
         <size>0x8</size>
         <input_file_ref idref="fl-14b"/>
      </object_component>
      <object_component id="oc-be">
         <name>.text:_system_pre_init</name>
         <load_address>0x3f48</load_address>
         <run_address>0x3f48</run_address>
         <size>0x4</size>
         <input_file_ref idref="fl-152"/>
      </object_component>
      <object_component id="oc-178">
         <name>.text:abort:abort</name>
         <load_address>0x3f4c</load_address>
         <run_address>0x3f4c</run_address>
         <size>0x4</size>
         <input_file_ref idref="fl-154"/>
      </object_component>
      <object_component id="oc-1e8">
         <name>.const:msp_cmplx_twiddle_table_2048_q15</name>
         <load_address>0x3f50</load_address>
         <run_address>0x3f50</run_address>
         <size>0x1004</size>
         <input_file_ref idref="fl-3a"/>
      </object_component>
      <object_component id="oc-1cf">
         <name>.const:g_pppui32XTALtoVCO</name>
         <load_address>0x4f54</load_address>
         <run_address>0x4f54</run_address>
         <size>0x1b0</size>
         <input_file_ref idref="fl-80"/>
      </object_component>
      <object_component id="oc-407">
         <name>.const:.string:_ctypes_</name>
         <load_address>0x5104</load_address>
         <run_address>0x5104</run_address>
         <size>0x101</size>
         <input_file_ref idref="fl-159"/>
      </object_component>
      <object_component id="oc-35a">
         <name>.const:.string:msp_cmplx_bitrev_table_ui8</name>
         <load_address>0x5205</load_address>
         <run_address>0x5205</run_address>
         <size>0x100</size>
         <input_file_ref idref="fl-3a"/>
      </object_component>
      <object_component id="oc-276">
         <name>.const:g_sXTALtoMEMTIM</name>
         <load_address>0x5308</load_address>
         <run_address>0x5308</run_address>
         <size>0x30</size>
         <input_file_ref idref="fl-80"/>
      </object_component>
      <object_component id="oc-1c9">
         <name>.const:g_pui32Xtals</name>
         <load_address>0x5338</load_address>
         <run_address>0x5338</run_address>
         <size>0x28</size>
         <input_file_ref idref="fl-80"/>
      </object_component>
      <object_component id="oc-293">
         <name>.const:g_ui32UARTBase</name>
         <load_address>0x5360</load_address>
         <run_address>0x5360</run_address>
         <size>0xc</size>
         <input_file_ref idref="fl-6"/>
      </object_component>
      <object_component id="oc-290">
         <name>.const:g_ui32UARTPeriph</name>
         <load_address>0x536c</load_address>
         <run_address>0x536c</run_address>
         <size>0xc</size>
         <input_file_ref idref="fl-6"/>
      </object_component>
      <object_component id="oc-1cc">
         <name>.const:g_pui32VCOFrequencies</name>
         <load_address>0x5378</load_address>
         <run_address>0x5378</run_address>
         <size>0x8</size>
         <input_file_ref idref="fl-80"/>
      </object_component>
      <object_component id="oc-4da">
         <name>.cinit..data.load</name>
         <load_address>0x5380</load_address>
         <run_address>0x5380</run_address>
         <size>0x1c</size>
      </object_component>
      <object_component id="oc-4d8">
         <name>__TI_handler_table</name>
         <load_address>0x539c</load_address>
         <run_address>0x539c</run_address>
         <size>0xc</size>
      </object_component>
      <object_component id="oc-4db">
         <name>.cinit..bss.load</name>
         <load_address>0x53a8</load_address>
         <run_address>0x53a8</run_address>
         <size>0x8</size>
      </object_component>
      <object_component id="oc-4d9">
         <name>__TI_cinit_table</name>
         <load_address>0x53b0</load_address>
         <run_address>0x53b0</run_address>
         <size>0x10</size>
      </object_component>
      <object_component id="oc-8e">
         <name>.data</name>
         <load_address>0x2000414c</load_address>
         <run_address>0x2000414c</run_address>
         <size>0x4</size>
         <input_file_ref idref="fl-2"/>
      </object_component>
      <object_component id="oc-170">
         <name>.data:THD_Str</name>
         <load_address>0x20004108</load_address>
         <run_address>0x20004108</run_address>
         <size>0x28</size>
         <input_file_ref idref="fl-2"/>
      </object_component>
      <object_component id="oc-174">
         <name>.data:FIT_FS_Str</name>
         <load_address>0x20004144</load_address>
         <run_address>0x20004144</run_address>
         <size>0x8</size>
         <input_file_ref idref="fl-2"/>
      </object_component>
      <object_component id="oc-24f">
         <name>.data</name>
         <load_address>0x20004158</load_address>
         <run_address>0x20004158</run_address>
         <size>0x2</size>
         <input_file_ref idref="fl-3"/>
      </object_component>
      <object_component id="oc-316">
         <name>.data:harmonic_average_buf$2</name>
         <load_address>0x20004130</load_address>
         <run_address>0x20004130</run_address>
         <size>0x14</size>
         <input_file_ref idref="fl-3"/>
      </object_component>
      <object_component id="oc-1d3">
         <name>.data</name>
         <load_address>0x2000415a</load_address>
         <run_address>0x2000415a</run_address>
         <size>0x1</size>
         <input_file_ref idref="fl-4"/>
      </object_component>
      <object_component id="oc-d6">
         <name>.data</name>
         <load_address>0x20004154</load_address>
         <run_address>0x20004154</run_address>
         <size>0x4</size>
         <input_file_ref idref="fl-7"/>
      </object_component>
      <object_component id="oc-36e">
         <name>.data</name>
         <load_address>0x20004150</load_address>
         <run_address>0x20004150</run_address>
         <size>0x4</size>
         <input_file_ref idref="fl-14b"/>
      </object_component>
      <object_component id="oc-2fc">
         <name>.bss:buffer$1</name>
         <uninitialized>true</uninitialized>
         <run_address>0x20003000</run_address>
         <size>0x100</size>
         <input_file_ref idref="fl-6"/>
      </object_component>
      <object_component id="oc-94">
         <name>.common:adc_buffer_0</name>
         <uninitialized>true</uninitialized>
         <run_address>0x20000000</run_address>
         <size>0x1000</size>
      </object_component>
      <object_component id="oc-91">
         <name>.common:adc_buffer_1</name>
         <uninitialized>true</uninitialized>
         <run_address>0x20001000</run_address>
         <size>0x1000</size>
      </object_component>
      <object_component id="oc-173">
         <name>.common:fft_mag_buf</name>
         <uninitialized>true</uninitialized>
         <run_address>0x20002000</run_address>
         <size>0x800</size>
      </object_component>
      <object_component id="oc-16f">
         <name>.common:params_fft_2048</name>
         <uninitialized>true</uninitialized>
         <run_address>0x20003100</run_address>
         <size>0x8</size>
      </object_component>
      <object_component id="oc-1fa">
         <name>.common:pui8ControlTable</name>
         <uninitialized>true</uninitialized>
         <run_address>0x20002800</run_address>
         <size>0x800</size>
      </object_component>
      <object_component id="oc-25">
         <name>.stack</name>
         <uninitialized>true</uninitialized>
         <run_address>0x20003108</run_address>
         <size>0x4</size>
         <input_file_ref idref="fl-14a"/>
      </object_component>
      <object_component id="oc-4dd">
         <name>.stack</name>
         <uninitialized>true</uninitialized>
         <run_address>0x20003108</run_address>
         <size>0x0</size>
      </object_component>
      <object_component id="oc-92">
         <name>.debug_info</name>
         <load_address>0x0</load_address>
         <run_address>0x0</run_address>
         <size>0xc3a</size>
         <input_file_ref idref="fl-2"/>
      </object_component>
      <object_component id="oc-8f">
         <name>.debug_info</name>
         <load_address>0xc3a</load_address>
         <run_address>0xc3a</run_address>
         <size>0x18d</size>
         <input_file_ref idref="fl-2"/>
      </object_component>
      <object_component id="oc-171">
         <name>.debug_info</name>
         <load_address>0xdc7</load_address>
         <run_address>0xdc7</run_address>
         <size>0x131</size>
         <input_file_ref idref="fl-2"/>
      </object_component>
      <object_component id="oc-175">
         <name>.debug_info</name>
         <load_address>0xef8</load_address>
         <run_address>0xef8</run_address>
         <size>0x137</size>
         <input_file_ref idref="fl-2"/>
      </object_component>
      <object_component id="oc-12e">
         <name>.debug_info</name>
         <load_address>0x102f</load_address>
         <run_address>0x102f</run_address>
         <size>0x1e8</size>
         <input_file_ref idref="fl-2"/>
      </object_component>
      <object_component id="oc-c5">
         <name>.debug_info</name>
         <load_address>0x1217</load_address>
         <run_address>0x1217</run_address>
         <size>0x373</size>
         <input_file_ref idref="fl-2"/>
      </object_component>
      <object_component id="oc-35">
         <name>.debug_info</name>
         <load_address>0x158a</load_address>
         <run_address>0x158a</run_address>
         <size>0x261</size>
         <input_file_ref idref="fl-2"/>
      </object_component>
      <object_component id="oc-3b">
         <name>.debug_info</name>
         <load_address>0x17eb</load_address>
         <run_address>0x17eb</run_address>
         <size>0x208</size>
         <input_file_ref idref="fl-2"/>
      </object_component>
      <object_component id="oc-f3">
         <name>.debug_info</name>
         <load_address>0x19f3</load_address>
         <run_address>0x19f3</run_address>
         <size>0xc4</size>
         <input_file_ref idref="fl-2"/>
      </object_component>
      <object_component id="oc-e4">
         <name>.debug_info</name>
         <load_address>0x1ab7</load_address>
         <run_address>0x1ab7</run_address>
         <size>0xc5</size>
         <input_file_ref idref="fl-2"/>
      </object_component>
      <object_component id="oc-9e">
         <name>.debug_info</name>
         <load_address>0x1b7c</load_address>
         <run_address>0x1b7c</run_address>
         <size>0x26b</size>
         <input_file_ref idref="fl-2"/>
      </object_component>
      <object_component id="oc-e9">
         <name>.debug_info</name>
         <load_address>0x1de7</load_address>
         <run_address>0x1de7</run_address>
         <size>0x1028</size>
         <input_file_ref idref="fl-2"/>
      </object_component>
      <object_component id="oc-107">
         <name>.debug_info</name>
         <load_address>0x2e0f</load_address>
         <run_address>0x2e0f</run_address>
         <size>0x186</size>
         <input_file_ref idref="fl-2"/>
      </object_component>
      <object_component id="oc-39b">
         <name>.debug_info</name>
         <load_address>0x2f95</load_address>
         <run_address>0x2f95</run_address>
         <size>0x196</size>
         <input_file_ref idref="fl-2"/>
      </object_component>
      <object_component id="oc-ee">
         <name>.debug_info</name>
         <load_address>0x312b</load_address>
         <run_address>0x312b</run_address>
         <size>0x8b</size>
         <input_file_ref idref="fl-2"/>
      </object_component>
      <object_component id="oc-10c">
         <name>.debug_info</name>
         <load_address>0x31b6</load_address>
         <run_address>0x31b6</run_address>
         <size>0x2a4</size>
         <input_file_ref idref="fl-2"/>
      </object_component>
      <object_component id="oc-96">
         <name>.debug_info</name>
         <load_address>0x345a</load_address>
         <run_address>0x345a</run_address>
         <size>0xbb</size>
         <input_file_ref idref="fl-2"/>
      </object_component>
      <object_component id="oc-2ff">
         <name>.debug_info</name>
         <load_address>0x3515</load_address>
         <run_address>0x3515</run_address>
         <size>0x2c</size>
         <input_file_ref idref="fl-2"/>
      </object_component>
      <object_component id="oc-f8">
         <name>.debug_info</name>
         <load_address>0x3541</load_address>
         <run_address>0x3541</run_address>
         <size>0x35</size>
         <input_file_ref idref="fl-2"/>
      </object_component>
      <object_component id="oc-fd">
         <name>.debug_info</name>
         <load_address>0x3576</load_address>
         <run_address>0x3576</run_address>
         <size>0x7da</size>
         <input_file_ref idref="fl-2"/>
      </object_component>
      <object_component id="oc-102">
         <name>.debug_info</name>
         <load_address>0x3d50</load_address>
         <run_address>0x3d50</run_address>
         <size>0x27b</size>
         <input_file_ref idref="fl-2"/>
      </object_component>
      <object_component id="oc-1ec">
         <name>.debug_info</name>
         <load_address>0x3fcb</load_address>
         <run_address>0x3fcb</run_address>
         <size>0xb92</size>
         <input_file_ref idref="fl-3"/>
      </object_component>
      <object_component id="oc-153">
         <name>.debug_info</name>
         <load_address>0x4b5d</load_address>
         <run_address>0x4b5d</run_address>
         <size>0x2b9</size>
         <input_file_ref idref="fl-3"/>
      </object_component>
      <object_component id="oc-224">
         <name>.debug_info</name>
         <load_address>0x4e16</load_address>
         <run_address>0x4e16</run_address>
         <size>0x1b3</size>
         <input_file_ref idref="fl-3"/>
      </object_component>
      <object_component id="oc-14d">
         <name>.debug_info</name>
         <load_address>0x4fc9</load_address>
         <run_address>0x4fc9</run_address>
         <size>0x164</size>
         <input_file_ref idref="fl-3"/>
      </object_component>
      <object_component id="oc-165">
         <name>.debug_info</name>
         <load_address>0x512d</load_address>
         <run_address>0x512d</run_address>
         <size>0x26b</size>
         <input_file_ref idref="fl-3"/>
      </object_component>
      <object_component id="oc-16b">
         <name>.debug_info</name>
         <load_address>0x5398</load_address>
         <run_address>0x5398</run_address>
         <size>0x31d</size>
         <input_file_ref idref="fl-3"/>
      </object_component>
      <object_component id="oc-245">
         <name>.debug_info</name>
         <load_address>0x56b5</load_address>
         <run_address>0x56b5</run_address>
         <size>0x3c6</size>
         <input_file_ref idref="fl-3"/>
      </object_component>
      <object_component id="oc-24b">
         <name>.debug_info</name>
         <load_address>0x5a7b</load_address>
         <run_address>0x5a7b</run_address>
         <size>0x26d</size>
         <input_file_ref idref="fl-3"/>
      </object_component>
      <object_component id="oc-1d4">
         <name>.debug_info</name>
         <load_address>0x5ce8</load_address>
         <run_address>0x5ce8</run_address>
         <size>0x102</size>
         <input_file_ref idref="fl-4"/>
      </object_component>
      <object_component id="oc-129">
         <name>.debug_info</name>
         <load_address>0x5dea</load_address>
         <run_address>0x5dea</run_address>
         <size>0x137</size>
         <input_file_ref idref="fl-4"/>
      </object_component>
      <object_component id="oc-34f">
         <name>.debug_info</name>
         <load_address>0x5f21</load_address>
         <run_address>0x5f21</run_address>
         <size>0x164</size>
         <input_file_ref idref="fl-4"/>
      </object_component>
      <object_component id="oc-28b">
         <name>.debug_info</name>
         <load_address>0x6085</load_address>
         <run_address>0x6085</run_address>
         <size>0x161</size>
         <input_file_ref idref="fl-4"/>
      </object_component>
      <object_component id="oc-49">
         <name>.debug_info</name>
         <load_address>0x61e6</load_address>
         <run_address>0x61e6</run_address>
         <size>0x84</size>
         <input_file_ref idref="fl-4"/>
      </object_component>
      <object_component id="oc-21b">
         <name>.debug_info</name>
         <load_address>0x626a</load_address>
         <run_address>0x626a</run_address>
         <size>0x854</size>
         <input_file_ref idref="fl-5"/>
      </object_component>
      <object_component id="oc-15f">
         <name>.debug_info</name>
         <load_address>0x6abe</load_address>
         <run_address>0x6abe</run_address>
         <size>0x20e</size>
         <input_file_ref idref="fl-5"/>
      </object_component>
      <object_component id="oc-21e">
         <name>.debug_info</name>
         <load_address>0x6ccc</load_address>
         <run_address>0x6ccc</run_address>
         <size>0x21d</size>
         <input_file_ref idref="fl-5"/>
      </object_component>
      <object_component id="oc-30a">
         <name>.debug_info</name>
         <load_address>0x6ee9</load_address>
         <run_address>0x6ee9</run_address>
         <size>0x223</size>
         <input_file_ref idref="fl-5"/>
      </object_component>
      <object_component id="oc-2fe">
         <name>.debug_info</name>
         <load_address>0x710c</load_address>
         <run_address>0x710c</run_address>
         <size>0x8c0</size>
         <input_file_ref idref="fl-6"/>
      </object_component>
      <object_component id="oc-294">
         <name>.debug_info</name>
         <load_address>0x79cc</load_address>
         <run_address>0x79cc</run_address>
         <size>0x115</size>
         <input_file_ref idref="fl-6"/>
      </object_component>
      <object_component id="oc-291">
         <name>.debug_info</name>
         <load_address>0x7ae1</load_address>
         <run_address>0x7ae1</run_address>
         <size>0x119</size>
         <input_file_ref idref="fl-6"/>
      </object_component>
      <object_component id="oc-1df">
         <name>.debug_info</name>
         <load_address>0x7bfa</load_address>
         <run_address>0x7bfa</run_address>
         <size>0x248</size>
         <input_file_ref idref="fl-6"/>
      </object_component>
      <object_component id="oc-134">
         <name>.debug_info</name>
         <load_address>0x7e42</load_address>
         <run_address>0x7e42</run_address>
         <size>0x1cc</size>
         <input_file_ref idref="fl-6"/>
      </object_component>
      <object_component id="oc-13a">
         <name>.debug_info</name>
         <load_address>0x800e</load_address>
         <run_address>0x800e</run_address>
         <size>0x1ce</size>
         <input_file_ref idref="fl-6"/>
      </object_component>
      <object_component id="oc-140">
         <name>.debug_info</name>
         <load_address>0x81dc</load_address>
         <run_address>0x81dc</run_address>
         <size>0x1d4</size>
         <input_file_ref idref="fl-6"/>
      </object_component>
      <object_component id="oc-2f7">
         <name>.debug_info</name>
         <load_address>0x83b0</load_address>
         <run_address>0x83b0</run_address>
         <size>0x207</size>
         <input_file_ref idref="fl-6"/>
      </object_component>
      <object_component id="oc-23e">
         <name>.debug_info</name>
         <load_address>0x85b7</load_address>
         <run_address>0x85b7</run_address>
         <size>0x1ee</size>
[...]
      <symbol id="sm-51a">
         <name>__aeabi_i2d</name>
         <value>0x3cfd</value>
         <object_component_ref idref="oc-20a"/>
      </symbol>
      <symbol id="sm-536">
         <name>memcpy</name>
         <value>0x2c67</value>
         <object_component_ref idref="oc-4e"/>
      </symbol>
      <symbol id="sm-537">
         <name>__aeabi_memcpy</name>
         <value>0x2c67</value>
         <object_component_ref idref="oc-4e"/>
      </symbol>
      <symbol id="sm-538">
         <name>__aeabi_memcpy8</name>
         <value>0x2c67</value>
         <object_component_ref idref="oc-4e"/>
      </symbol>
      <symbol id="sm-539">
         <name>__aeabi_memcpy4</name>
         <value>0x2c67</value>
         <object_component_ref idref="oc-4e"/>
      </symbol>
      <symbol id="sm-543">
         <name>__aeabi_ui2d</name>
         <value>0x3dc1</value>
         <object_component_ref idref="oc-229"/>
      </symbol>
      <symbol id="sm-55a">
         <name>__TI_zero_init</name>
         <value>0x3f2b</value>
         <object_component_ref idref="oc-60"/>
      </symbol>
      <symbol id="sm-571">
         <name>__TI_decompress_none</name>
         <value>0x3f11</value>
         <object_component_ref idref="oc-1c"/>
      </symbol>
      <symbol id="sm-594">
         <name>__TI_decompress_lzss</name>
         <value>0x3515</value>
         <object_component_ref idref="oc-16"/>
      </symbol>
      <symbol id="sm-5a2">
         <name>strlen</name>
         <value>0x3ed9</value>
         <object_component_ref idref="oc-2f0"/>
      </symbol>
      <symbol id="sm-5b5">
         <name>__stack</name>
         <value>0x20003108</value>
         <object_component_ref idref="oc-25"/>
      </symbol>
      <symbol id="sm-5b6">
         <name>_c_int00_noargs</name>
         <value>0x3cc9</value>
         <object_component_ref idref="oc-6c"/>
      </symbol>
      <symbol id="sm-5cc">
         <name>__aeabi_errno_addr</name>
         <value>0x3f41</value>
         <object_component_ref idref="oc-2c8"/>
      </symbol>
      <symbol id="sm-5cd">
         <name>errno</name>
         <value>0x20004150</value>
         <object_component_ref idref="oc-36e"/>
      </symbol>
      <symbol id="sm-732">
         <name>__TI_printfi</name>
         <value>0x209</value>
         <object_component_ref idref="oc-37c"/>
      </symbol>
      <symbol id="sm-754">
         <name>__aeabi_cdcmpeq</name>
         <value>0x2e29</value>
         <object_component_ref idref="oc-3c9"/>
      </symbol>
      <symbol id="sm-755">
         <name>__aeabi_cdcmple</name>
         <value>0x2e29</value>
         <object_component_ref idref="oc-3c9"/>
      </symbol>
      <symbol id="sm-756">
         <name>__aeabi_cdrcmple</name>
         <value>0x2eaf</value>
         <object_component_ref idref="oc-418"/>
      </symbol>
      <symbol id="sm-76a">
         <name>__aeabi_ddiv</name>
         <value>0x2479</value>
         <object_component_ref idref="oc-413"/>
      </symbol>
      <symbol id="sm-779">
         <name>__aeabi_memset</name>
         <value>0x30a9</value>
         <object_component_ref idref="oc-b8"/>
      </symbol>
      <symbol id="sm-77a">
         <name>memset</name>
         <value>0x30af</value>
         <object_component_ref idref="oc-b8"/>
      </symbol>
      <symbol id="sm-77b">
         <name>__aeabi_memset8</name>
         <value>0x30a9</value>
         <object_component_ref idref="oc-b8"/>
      </symbol>
      <symbol id="sm-77c">
         <name>__aeabi_memset4</name>
         <value>0x30a9</value>
         <object_component_ref idref="oc-b8"/>
      </symbol>
      <symbol id="sm-77d">
         <name>__aeabi_memclr8</name>
         <value>0x30a7</value>
         <object_component_ref idref="oc-b8"/>
      </symbol>
      <symbol id="sm-77e">
         <name>__aeabi_memclr4</name>
         <value>0x30a7</value>
         <object_component_ref idref="oc-b8"/>
      </symbol>
      <symbol id="sm-77f">
         <name>__aeabi_memclr</name>
         <value>0x30a7</value>
         <object_component_ref idref="oc-b8"/>
      </symbol>
      <symbol id="sm-78c">
         <name>__aeabi_uldivmod</name>
         <value>0x2d03</value>
         <object_component_ref idref="oc-40c"/>
      </symbol>
      <symbol id="sm-7b4">
         <name>__TI_auto_init_nobinit_nopinit</name>
         <value>0x3acd</value>
         <object_component_ref idref="oc-184"/>
      </symbol>
      <symbol id="sm-7be">
         <name>_system_pre_init</name>
         <value>0x3f49</value>
         <object_component_ref idref="oc-be"/>
      </symbol>
      <symbol id="sm-7ca">
         <name>C$$EXIT</name>
         <value>0x3f4d</value>
         <object_component_ref idref="oc-178"/>
      </symbol>
      <symbol id="sm-7cb">
         <name>abort</name>
         <value>0x3f4d</value>
         <object_component_ref idref="oc-178"/>
      </symbol>
      <symbol id="sm-7db">
         <name>__TI_ltoa</name>
         <value>0x386f</value>
         <object_component_ref idref="oc-41d"/>
      </symbol>
      <symbol id="sm-7f2">
         <name>atoi</name>
         <value>0x3969</value>
         <object_component_ref idref="oc-3bd"/>
      </symbol>
      <symbol id="sm-7fd">
         <name>_ctypes_</name>
         <value>0x5104</value>
         <object_component_ref idref="oc-407"/>
      </symbol>
      <symbol id="sm-80d">
         <name>memccpy</name>
         <value>0x3e75</value>
         <object_component_ref idref="oc-3e6"/>
      </symbol>
      <symbol id="sm-81d">
         <name>strchr</name>
         <value>0x3ec3</value>
         <object_component_ref idref="oc-44a"/>
      </symbol>
      <symbol id="sm-836">
         <name>wcslen</name>
         <value>0x3eff</value>
         <object_component_ref idref="oc-3ec"/>
      </symbol>
      <symbol id="sm-856">
         <name>frexpl</name>
         <value>0x357d</value>
         <object_component_ref idref="oc-43e"/>
      </symbol>
      <symbol id="sm-857">
         <name>frexp</name>
         <value>0x357d</value>
         <object_component_ref idref="oc-43e"/>
      </symbol>
      <symbol id="sm-874">
         <name>scalbn</name>
         <value>0x26d5</value>
         <object_component_ref idref="oc-444"/>
      </symbol>
      <symbol id="sm-875">
         <name>scalbnl</name>
         <value>0x26d5</value>
         <object_component_ref idref="oc-444"/>
      </symbol>
      <symbol id="sm-876">
         <name>ldexpl</name>
         <value>0x26d5</value>
         <object_component_ref idref="oc-444"/>
      </symbol>
      <symbol id="sm-877">
         <name>ldexp</name>
         <value>0x26d5</value>
         <object_component_ref idref="oc-444"/>
      </symbol>
      <symbol id="sm-881">
         <name>__aeabi_idiv0</name>
         <value>0x1f13</value>
         <object_component_ref idref="oc-470"/>
      </symbol>
      <symbol id="sm-882">
         <name>__aeabi_ldiv0</name>
         <value>0x1f13</value>
         <object_component_ref idref="oc-470"/>
      </symbol>
      <symbol id="sm-88c">
         <name>copysign</name>
         <value>0x3e91</value>
         <object_component_ref idref="oc-485"/>
      </symbol>
      <symbol id="sm-88d">
         <name>copysignl</name>
         <value>0x3e91</value>
         <object_component_ref idref="oc-485"/>
      </symbol>
      <symbol id="sm-88e">
         <name>__TI_static_base__</name>
         <value>0x0</value>
      </symbol>
      <symbol id="sm-891">
         <name>__mpu_init</name>
         <value>0x0</value>
      </symbol>
      <symbol id="sm-892">
         <name>_system_post_cinit</name>
         <value>0x0</value>
      </symbol>
      <symbol id="sm-893">
         <name>NMI_Handler</name>
         <value>0xc57</value>
      </symbol>
      <symbol id="sm-894">
         <name>HardFault_Handler</name>
         <value>0xc57</value>
      </symbol>
      <symbol id="sm-895">
         <name>MemManage_Handler</name>
         <value>0xc57</value>
      </symbol>
      <symbol id="sm-896">
         <name>BusFault_Handler</name>
         <value>0xc57</value>
      </symbol>
      <symbol id="sm-897">
         <name>UsageFault_Handler</name>
         <value>0xc57</value>
      </symbol>
      <symbol id="sm-898">
         <name>SVC_Handler</name>
         <value>0xc57</value>
      </symbol>
      <symbol id="sm-899">
         <name>DebugMon_Handler</name>
         <value>0xc57</value>
      </symbol>
      <symbol id="sm-89a">
         <name>PendSV_Handler</name>
         <value>0xc57</value>
      </symbol>
      <symbol id="sm-89b">
         <name>SysTick_Handler</name>
         <value>0xc57</value>
      </symbol>
      <symbol id="sm-89c">
         <name>GPIOA_IRQHandler</name>
         <value>0xc57</value>
      </symbol>
      <symbol id="sm-89d">
         <name>GPIOB_IRQHandler</name>
         <value>0xc57</value>
      </symbol>
      <symbol id="sm-89e">
         <name>GPIOC_IRQHandler</name>
         <value>0xc57</value>
      </symbol>
      <symbol id="sm-89f">
         <name>GPIOD_IRQHandler</name>
         <value>0xc57</value>
      </symbol>
      <symbol id="sm-8a0">
         <name>GPIOE_IRQHandler</name>
         <value>0xc57</value>
      </symbol>
      <symbol id="sm-8a1">
         <name>UART0_IRQHandler</name>
         <value>0xc57</value>
      </symbol>
      <symbol id="sm-8a2">
         <name>UART1_IRQHandler</name>
         <value>0xc57</value>
      </symbol>
      <symbol id="sm-8a3">
         <name>SSI0_IRQHandler</name>
         <value>0xc57</value>
      </symbol>
      <symbol id="sm-8a4">
         <name>I2C0_IRQHandler</name>
         <value>0xc57</value>
      </symbol>
      <symbol id="sm-8a5">
         <name>PWM0_FAULT_IRQHandler</name>
         <value>0xc57</value>
      </symbol>
      <symbol id="sm-8a6">
         <name>PWM0_0_IRQHandler</name>
         <value>0xc57</value>
      </symbol>
      <symbol id="sm-8a7">
         <name>PWM0_1_IRQHandler</name>
         <value>0xc57</value>
      </symbol>
      <symbol id="sm-8a8">
         <name>PWM0_2_IRQHandler</name>
         <value>0xc57</value>
      </symbol>
      <symbol id="sm-8a9">
         <name>QEI0_IRQHandler</name>
         <value>0xc57</value>
      </symbol>
      <symbol id="sm-8aa">
         <name>ADC0SS0_IRQHandler</name>
         <value>0xc57</value>
      </symbol>
      <symbol id="sm-8ab">
         <name>ADC0SS1_IRQHandler</name>
         <value>0xc57</value>
      </symbol>
      <symbol id="sm-8ac">
         <name>ADC0SS2_IRQHandler</name>
         <value>0x28e1</value>
      </symbol>
      <symbol id="sm-8ad">
         <name>ADC0SS3_IRQHandler</name>
         <value>0xc57</value>
      </symbol>
      <symbol id="sm-8ae">
         <name>WATCHDOG_IRQHandler</name>
         <value>0xc57</value>
      </symbol>
      <symbol id="sm-8af">
         <name>TIMER0A_IRQHandler</name>
         <value>0xc57</value>
      </symbol>
      <symbol id="sm-8b0">
         <name>TIMER0B_IRQHandler</name>
         <value>0xc57</value>
      </symbol>
      <symbol id="sm-8b1">
         <name>TIMER1A_IRQHandler</name>
         <value>0xc57</value>
      </symbol>
      <symbol id="sm-8b2">
         <name>TIMER1B_IRQHandler</name>
         <value>0xc57</value>
      </symbol>
      <symbol id="sm-8b3">
         <name>TIMER2A_IRQHandler</name>
         <value>0x3c19</value>
      </symbol>
      <symbol id="sm-8b4">
         <name>TIMER2B_IRQHandler</name>
         <value>0xc57</value>
      </symbol>
      <symbol id="sm-8b5">
         <name>COMP0_IRQHandler</name>
         <value>0xc57</value>
      </symbol>
      <symbol id="sm-8b6">
         <name>COMP1_IRQHandler</name>
         <value>0xc57</value>
      </symbol>
      <symbol id="sm-8b7">
         <name>COMP2_IRQHandler</name>
         <value>0xc57</value>
      </symbol>
      <symbol id="sm-8b8">
         <name>SYSCTL_IRQHandler</name>
         <value>0xc57</value>
      </symbol>
      <symbol id="sm-8b9">
         <name>FLASH_IRQHandler</name>
         <value>0xc57</value>
      </symbol>
      <symbol id="sm-8ba">
         <name>GPIOF_IRQHandler</name>
         <value>0xc57</value>
      </symbol>
      <symbol id="sm-8bb">
         <name>GPIOG_IRQHandler</name>
         <value>0xc57</value>
      </symbol>
      <symbol id="sm-8bc">
         <name>GPIOH_IRQHandler</name>
         <value>0xc57</value>
      </symbol>
      <symbol id="sm-8bd">
         <name>UART2_IRQHandler</name>
         <value>0xc57</value>
      </symbol>
      <symbol id="sm-8be">
         <name>SSI1_IRQHandler</name>
         <value>0xc57</value>
      </symbol>
      <symbol id="sm-8bf">
         <name>TIMER3A_IRQHandler</name>
         <value>0xc57</value>
      </symbol>
      <symbol id="sm-8c0">
         <name>TIMER3B_IRQHandler</name>
         <value>0xc57</value>
      </symbol>
      <symbol id="sm-8c1">
         <name>I2C1_IRQHandler</name>
         <value>0xc57</value>
      </symbol>
      <symbol id="sm-8c2">
         <name>CAN0_IRQHandler</name>
         <value>0xc57</value>
      </symbol>
      <symbol id="sm-8c3">
         <name>CAN1_IRQHandler</name>
         <value>0xc57</value>
      </symbol>
      <symbol id="sm-8c4">
         <name>EMAC0_IRQHandler</name>
         <value>0xc57</value>
      </symbol>
      <symbol id="sm-8c5">
         <name>HIBERNATE_IRQHandler</name>
         <value>0xc57</value>
      </symbol>
      <symbol id="sm-8c6">
         <name>USB0_IRQHandler</name>
         <value>0xc57</value>
      </symbol>
      <symbol id="sm-8c7">
         <name>PWM0_3_IRQHandler</name>
         <value>0xc57</value>
      </symbol>
      <symbol id="sm-8c8">
         <name>UDMA_IRQHandler</name>
         <value>0xc57</value>
      </symbol>
      <symbol id="sm-8c9">
         <name>UDMAERR_IRQHandler</name>
         <value>0xc57</value>
      </symbol>
      <symbol id="sm-8ca">
         <name>ADC1SS0_IRQHandler</name>
         <value>0xc57</value>
      </symbol>
      <symbol id="sm-8cb">
         <name>ADC1SS1_IRQHandler</name>
         <value>0xc57</value>
      </symbol>
      <symbol id="sm-8cc">
         <name>ADC1SS2_IRQHandler</name>
         <value>0xc57</value>
      </symbol>
      <symbol id="sm-8cd">
         <name>ADC1SS3_IRQHandler</name>
         <value>0xc57</value>
      </symbol>
      <symbol id="sm-8ce">
         <name>EPI0_IRQHandler</name>
         <value>0xc57</value>
      </symbol>
      <symbol id="sm-8cf">
         <name>GPIOJ_IRQHandler</name>
         <value>0xc57</value>
      </symbol>
      <symbol id="sm-8d0">
         <name>GPIOK_IRQHandler</name>
         <value>0xc57</value>
      </symbol>
      <symbol id="sm-8d1">
         <name>GPIOL_IRQHandler</name>
         <value>0xc57</value>
      </symbol>
      <symbol id="sm-8d2">
         <name>SSI2_IRQHandler</name>
         <value>0xc57</value>
      </symbol>
      <symbol id="sm-8d3">
         <name>SSI3_IRQHandler</name>
         <value>0xc57</value>
      </symbol>
      <symbol id="sm-8d4">
         <name>UART3_IRQHandler</name>
         <value>0xc57</value>
      </symbol>
      <symbol id="sm-8d5">
         <name>UART4_IRQHandler</name>
         <value>0xc57</value>
      </symbol>
      <symbol id="sm-8d6">
         <name>UART5_IRQHandler</name>
         <value>0xc57</value>
      </symbol>
      <symbol id="sm-8d7">
         <name>UART6_IRQHandler</name>
         <value>0xc57</value>
      </symbol>
      <symbol id="sm-8d8">
         <name>UART7_IRQHandler</name>
         <value>0xc57</value>
      </symbol>
      <symbol id="sm-8d9">
         <name>I2C2_IRQHandler</name>
         <value>0xc57</value>
      </symbol>
      <symbol id="sm-8da">
         <name>I2C3_IRQHandler</name>
         <value>0xc57</value>
      </symbol>
      <symbol id="sm-8db">
         <name>TIMER4A_IRQHandler</name>
         <value>0xc57</value>
      </symbol>
      <symbol id="sm-8dc">
         <name>TIMER4B_IRQHandler</name>
         <value>0xc57</value>
      </symbol>
      <symbol id="sm-8dd">
         <name>TIMER5A_IRQHandler</name>
         <value>0xc57</value>
      </symbol>
      <symbol id="sm-8de">
         <name>TIMER5B_IRQHandler</name>
         <value>0xc57</value>
      </symbol>
      <symbol id="sm-8df">
         <name>SYSEXC_IRQHandler</name>
         <value>0xc57</value>
      </symbol>
      <symbol id="sm-8e0">
         <name>I2C4_IRQHandler</name>
         <value>0xc57</value>
      </symbol>
      <symbol id="sm-8e1">
         <name>I2C5_IRQHandler</name>
         <value>0xc57</value>
      </symbol>
      <symbol id="sm-8e2">
         <name>GPIOM_IRQHandler</name>
         <value>0xc57</value>
      </symbol>
      <symbol id="sm-8e3">
         <name>GPION_IRQHandler</name>
         <value>0xc57</value>
      </symbol>
      <symbol id="sm-8e4">
         <name>TAMPER0_IRQHandler</name>
         <value>0xc57</value>
      </symbol>
      <symbol id="sm-8e5">
         <name>GPIOP0_IRQHandler</name>
         <value>0xc57</value>
      </symbol>
      <symbol id="sm-8e6">
         <name>GPIOP1_IRQHandler</name>
         <value>0xc57</value>
      </symbol>
      <symbol id="sm-8e7">
         <name>GPIOP2_IRQHandler</name>
         <value>0xc57</value>
      </symbol>
      <symbol id="sm-8e8">
         <name>GPIOP3_IRQHandler</name>
         <value>0xc57</value>
      </symbol>
      <symbol id="sm-8e9">
         <name>GPIOP4_IRQHandler</name>
         <value>0xc57</value>
      </symbol>
      <symbol id="sm-8ea">
         <name>GPIOP5_IRQHandler</name>
         <value>0xc57</value>
      </symbol>
      <symbol id="sm-8eb">
         <name>GPIOP6_IRQHandler</name>
         <value>0xc57</value>
      </symbol>
      <symbol id="sm-8ec">
         <name>GPIOP7_IRQHandler</name>
         <value>0xc57</value>
      </symbol>
      <symbol id="sm-8ed">
         <name>GPIOQ0_IRQHandler</name>
         <value>0xc57</value>
      </symbol>
      <symbol id="sm-8ee">
         <name>GPIOQ1_IRQHandler</name>
         <value>0xc57</value>
      </symbol>
      <symbol id="sm-8ef">
         <name>GPIOQ2_IRQHandler</name>
         <value>0xc57</value>
      </symbol>
      <symbol id="sm-8f0">
         <name>GPIOQ3_IRQHandler</name>
         <value>0xc57</value>
      </symbol>
      <symbol id="sm-8f1">
         <name>GPIOQ4_IRQHandler</name>
         <value>0xc57</value>
      </symbol>
      <symbol id="sm-8f2">
         <name>GPIOQ5_IRQHandler</name>
         <value>0xc57</value>
      </symbol>
      <symbol id="sm-8f3">
         <name>GPIOQ6_IRQHandler</name>
         <value>0xc57</value>
      </symbol>
      <symbol id="sm-8f4">
         <name>GPIOQ7_IRQHandler</name>
         <value>0xc57</value>
      </symbol>
      <symbol id="sm-8f5">
         <name>SHA0_IRQHandler</name>
         <value>0xc57</value>
      </symbol>
      <symbol id="sm-8f6">
         <name>AES0_IRQHandler</name>
         <value>0xc57</value>
      </symbol>
      <symbol id="sm-8f7">
         <name>DES0_IRQHandler</name>
         <value>0xc57</value>
      </symbol>
      <symbol id="sm-8f8">
         <name>TIMER6A_IRQHandler</name>
         <value>0xc57</value>
      </symbol>
      <symbol id="sm-8f9">
         <name>TIMER6B_IRQHandler</name>
         <value>0xc57</value>
      </symbol>
      <symbol id="sm-8fa">
         <name>TIMER7A_IRQHandler</name>
         <value>0xc57</value>
      </symbol>
      <symbol id="sm-8fb">
         <name>TIMER7B_IRQHandler</name>
         <value>0xc57</value>
      </symbol>
      <symbol id="sm-8fc">
         <name>I2C6_IRQHandler</name>
         <value>0xc57</value>
      </symbol>
      <symbol id="sm-8fd">
         <name>I2C7_IRQHandler</name>
         <value>0xc57</value>
      </symbol>
      <symbol id="sm-8fe">
         <name>I2C8_IRQHandler</name>
         <value>0xc57</value>
      </symbol>
      <symbol id="sm-8ff">
         <name>I2C9_IRQHandler</name>
         <value>0xc57</value>
      </symbol>
   </symbol_table>
   <title>Link successful</title>
</link_info>
