<?xml version="1.0" encoding="ISO-8859-1" ?>
<link_info>
   <banner>TI ARM Linker PC v20.2.7.LTS</banner>
   <copyright>Copyright (c) 1996-2018 Texas Instruments Incorporated</copyright>
   <link_time>0x64ce23d9</link_time>
   <link_errors>0x0</link_errors>
   <output_file>ds_0_copy.out</output_file>
   <entry_point>
      <name>_c_int00_noargs</name>
      <address>0x4545</address>
   </entry_point>
   <input_file_list>
      <input_file id="fl-2">
         <path>.\</path>
         <kind>object</kind>
         <file>AD9833.obj</file>
         <name>AD9833.obj</name>
      </input_file>
      <input_file id="fl-3">
         <path>.\</path>
         <kind>object</kind>
         <file>adc0_singleended_multichannel_timertrigger_dmareq.obj</file>
         <name>adc0_singleended_multichannel_timertrigger_dmareq.obj</name>
      </input_file>
      <input_file id="fl-4">
         <path>.\</path>
         <kind>object</kind>
         <file>adc_fft.obj</file>
         <name>adc_fft.obj</name>
      </input_file>
      <input_file id="fl-5">
         <path>.\</path>
         <kind>object</kind>
         <file>delay.obj</file>
         <name>delay.obj</name>
      </input_file>
      <input_file id="fl-6">
         <path>.\</path>
         <kind>object</kind>
         <file>measure_z.obj</file>
         <name>measure_z.obj</name>
      </input_file>
      <input_file id="fl-7">
         <path>.\</path>
         <kind>object</kind>
         <file>my_math.obj</file>
         <name>my_math.obj</name>
      </input_file>
      <input_file id="fl-8">
         <path>.\</path>
         <kind>object</kind>
         <file>my_usart.obj</file>
         <name>my_usart.obj</name>
      </input_file>
      <input_file id="fl-9">
         <path>.\</path>
         <kind>object</kind>
         <file>system_msp432e401y.obj</file>
         <name>system_msp432e401y.obj</name>
      </input_file>
      <input_file id="fl-a">
         <path>.\</path>
         <kind>object</kind>
         <file>tim_10k_1k_90d.obj</file>
         <name>tim_10k_1k_90d.obj</name>
      </input_file>
      <input_file id="fl-b">
         <path>.\</path>
         <kind>object</kind>
         <file>tim_counter.obj</file>
         <name>tim_counter.obj</name>
      </input_file>
      <input_file id="fl-c">
         <path>.\ccs\</path>
         <kind>object</kind>
         <file>startup_msp432e401y_ccs.obj</file>
         <name>startup_msp432e401y_ccs.obj</name>
      </input_file>
      <input_file id="fl-d">
         <path>.\dsplib\source\filter\</path>
         <kind>object</kind>
         <file>msp_biquad_cascade_df1_q15.obj</file>
         <name>msp_biquad_cascade_df1_q15.obj</name>
      </input_file>
      <input_file id="fl-e">
         <path>.\dsplib\source\filter\</path>
         <kind>object</kind>
         <file>msp_biquad_cascade_df2_ext_q15.obj</file>
         <name>msp_biquad_cascade_df2_ext_q15.obj</name>
      </input_file>
      <input_file id="fl-f">
         <path>.\dsplib\source\filter\</path>
         <kind>object</kind>
         <file>msp_biquad_cascade_df2_q15.obj</file>
         <name>msp_biquad_cascade_df2_q15.obj</name>
      </input_file>
      <input_file id="fl-10">
         <path>.\dsplib\source\filter\</path>
         <kind>object</kind>
         <file>msp_biquad_df1_q15.obj</file>
         <name>msp_biquad_df1_q15.obj</name>
      </input_file>
      <input_file id="fl-11">
         <path>.\dsplib\source\filter\</path>
         <kind>object</kind>
         <file>msp_biquad_df2_ext_q15.obj</file>
         <name>msp_biquad_df2_ext_q15.obj</name>
      </input_file>
      <input_file id="fl-12">
         <path>.\dsplib\source\filter\</path>
         <kind>object</kind>
         <file>msp_biquad_df2_q15.obj</file>
         <name>msp_biquad_df2_q15.obj</name>
      </input_file>
      <input_file id="fl-13">
         <path>.\dsplib\source\filter\</path>
         <kind>object</kind>
         <file>msp_cmplx_fir_iq31.obj</file>
         <name>msp_cmplx_fir_iq31.obj</name>
      </input_file>
      <input_file id="fl-14">
         <path>.\dsplib\source\filter\</path>
         <kind>object</kind>
         <file>msp_cmplx_fir_q15.obj</file>
         <name>msp_cmplx_fir_q15.obj</name>
      </input_file>
      <input_file id="fl-15">
         <path>.\dsplib\source\filter\</path>
         <kind>object</kind>
         <file>msp_fir_iq31.obj</file>
         <name>msp_fir_iq31.obj</name>
      </input_file>
      <input_file id="fl-16">
         <path>.\dsplib\source\filter\</path>
         <kind>object</kind>
         <file>msp_fir_q15.obj</file>
         <name>msp_fir_q15.obj</name>
      </input_file>
      <input_file id="fl-17">
         <path>.\dsplib\source\lea\</path>
         <kind>object</kind>
         <file>msp_lea_flags.obj</file>
         <name>msp_lea_flags.obj</name>
      </input_file>
      <input_file id="fl-18">
         <path>.\dsplib\source\lea\</path>
         <kind>object</kind>
         <file>msp_lea_init.obj</file>
         <name>msp_lea_init.obj</name>
      </input_file>
      <input_file id="fl-19">
         <path>.\dsplib\source\lea\</path>
         <kind>object</kind>
         <file>msp_lea_isr.obj</file>
         <name>msp_lea_isr.obj</name>
      </input_file>
      <input_file id="fl-1a">
         <path>.\dsplib\source\lea\</path>
         <kind>object</kind>
         <file>msp_lea_patch.obj</file>
         <name>msp_lea_patch.obj</name>
      </input_file>
      <input_file id="fl-1b">
         <path>.\dsplib\source\matrix\</path>
         <kind>object</kind>
         <file>msp_matrix_abs_iq31.obj</file>
         <name>msp_matrix_abs_iq31.obj</name>
      </input_file>
      <input_file id="fl-1c">
         <path>.\dsplib\source\matrix\</path>
         <kind>object</kind>
         <file>msp_matrix_abs_q15.obj</file>
         <name>msp_matrix_abs_q15.obj</name>
      </input_file>
      <input_file id="fl-1d">
         <path>.\dsplib\source\matrix\</path>
         <kind>object</kind>
         <file>msp_matrix_add_iq31.obj</file>
         <name>msp_matrix_add_iq31.obj</name>
      </input_file>
      <input_file id="fl-1e">
         <path>.\dsplib\source\matrix\</path>
         <kind>object</kind>
         <file>msp_matrix_add_q15.obj</file>
         <name>msp_matrix_add_q15.obj</name>
      </input_file>
      <input_file id="fl-1f">
         <path>.\dsplib\source\matrix\</path>
         <kind>object</kind>
         <file>msp_matrix_mpy_iq31.obj</file>
         <name>msp_matrix_mpy_iq31.obj</name>
      </input_file>
      <input_file id="fl-20">
         <path>.\dsplib\source\matrix\</path>
         <kind>object</kind>
         <file>msp_matrix_mpy_q15.obj</file>
         <name>msp_matrix_mpy_q15.obj</name>
      </input_file>
      <input_file id="fl-21">
         <path>.\dsplib\source\matrix\</path>
         <kind>object</kind>
         <file>msp_matrix_neg_iq31.obj</file>
         <name>msp_matrix_neg_iq31.obj</name>
      </input_file>
      <input_file id="fl-22">
         <path>.\dsplib\source\matrix\</path>
         <kind>object</kind>
         <file>msp_matrix_neg_q15.obj</file>
         <name>msp_matrix_neg_q15.obj</name>
      </input_file>
      <input_file id="fl-23">
         <path>.\dsplib\source\matrix\</path>
         <kind>object</kind>
         <file>msp_matrix_offset_iq31.obj</file>
         <name>msp_matrix_offset_iq31.obj</name>
      </input_file>
      <input_file id="fl-24">
         <path>.\dsplib\source\matrix\</path>
         <kind>object</kind>
         <file>msp_matrix_offset_q15.obj</file>
         <name>msp_matrix_offset_q15.obj</name>
      </input_file>
      <input_file id="fl-25">
         <path>.\dsplib\source\matrix\</path>
         <kind>object</kind>
         <file>msp_matrix_scale_iq31.obj</file>
         <name>msp_matrix_scale_iq31.obj</name>
      </input_file>
      <input_file id="fl-26">
         <path>.\dsplib\source\matrix\</path>
         <kind>object</kind>
         <file>msp_matrix_scale_q15.obj</file>
         <name>msp_matrix_scale_q15.obj</name>
      </input_file>
      <input_file id="fl-27">
         <path>.\dsplib\source\matrix\</path>
         <kind>object</kind>
         <file>msp_matrix_shift_iq31.obj</file>
         <name>msp_matrix_shift_iq31.obj</name>
      </input_file>
      <input_file id="fl-28">
         <path>.\dsplib\source\matrix\</path>
         <kind>object</kind>
         <file>msp_matrix_shift_q15.obj</file>
         <name>msp_matrix_shift_q15.obj</name>
      </input_file>
      <input_file id="fl-29">
         <path>.\dsplib\source\matrix\</path>
         <kind>object</kind>
         <file>msp_matrix_sub_iq31.obj</file>
         <name>msp_matrix_sub_iq31.obj</name>
      </input_file>
      <input_file id="fl-2a">
         <path>.\dsplib\source\matrix\</path>
         <kind>object</kind>
         <file>msp_matrix_sub_q15.obj</file>
         <name>msp_matrix_sub_q15.obj</name>
      </input_file>
      <input_file id="fl-2b">
         <path>.\dsplib\source\matrix\</path>
         <kind>object</kind>
         <file>msp_matrix_trans_iq31.obj</file>
         <name>msp_matrix_trans_iq31.obj</name>
      </input_file>
      <input_file id="fl-2c">
         <path>.\dsplib\source\matrix\</path>
         <kind>object</kind>
         <file>msp_matrix_trans_q15.obj</file>
         <name>msp_matrix_trans_q15.obj</name>
      </input_file>
      <input_file id="fl-2d">
         <path>.\dsplib\source\transform\</path>
         <kind>object</kind>
         <file>msp_cmplx_bitrev_iq31.obj</file>
         <name>msp_cmplx_bitrev_iq31.obj</name>
      </input_file>
      <input_file id="fl-2e">
         <path>.\dsplib\source\transform\</path>
         <kind>object</kind>
         <file>msp_cmplx_bitrev_q15.obj</file>
         <name>msp_cmplx_bitrev_q15.obj</name>
      </input_file>
      <input_file id="fl-2f">
         <path>.\dsplib\source\transform\</path>
         <kind>object</kind>
         <file>msp_cmplx_fft_auto_q15.obj</file>
         <name>msp_cmplx_fft_auto_q15.obj</name>
      </input_file>
      <input_file id="fl-30">
         <path>.\dsplib\source\transform\</path>
         <kind>object</kind>
         <file>msp_cmplx_fft_fixed_q15.obj</file>
         <name>msp_cmplx_fft_fixed_q15.obj</name>
      </input_file>
      <input_file id="fl-31">
         <path>.\dsplib\source\transform\</path>
         <kind>object</kind>
         <file>msp_cmplx_fft_iq31.obj</file>
         <name>msp_cmplx_fft_iq31.obj</name>
      </input_file>
      <input_file id="fl-32">
         <path>.\dsplib\source\transform\</path>
         <kind>object</kind>
         <file>msp_cmplx_ifft_auto_q15.obj</file>
         <name>msp_cmplx_ifft_auto_q15.obj</name>
      </input_file>
      <input_file id="fl-33">
         <path>.\dsplib\source\transform\</path>
         <kind>object</kind>
         <file>msp_cmplx_ifft_fixed_q15.obj</file>
         <name>msp_cmplx_ifft_fixed_q15.obj</name>
      </input_file>
      <input_file id="fl-34">
         <path>.\dsplib\source\transform\</path>
         <kind>object</kind>
         <file>msp_cmplx_ifft_iq31.obj</file>
         <name>msp_cmplx_ifft_iq31.obj</name>
      </input_file>
      <input_file id="fl-35">
         <path>.\dsplib\source\transform\</path>
         <kind>object</kind>
         <file>msp_fft_auto_q15.obj</file>
         <name>msp_fft_auto_q15.obj</name>
      </input_file>
      <input_file id="fl-36">
         <path>.\dsplib\source\transform\</path>
         <kind>object</kind>
         <file>msp_fft_fixed_q15.obj</file>
         <name>msp_fft_fixed_q15.obj</name>
      </input_file>
      <input_file id="fl-37">
         <path>.\dsplib\source\transform\</path>
         <kind>object</kind>
         <file>msp_fft_iq31.obj</file>
         <name>msp_fft_iq31.obj</name>
      </input_file>
      <input_file id="fl-38">
         <path>.\dsplib\source\transform\</path>
         <kind>object</kind>
         <file>msp_ifft_auto_q15.obj</file>
         <name>msp_ifft_auto_q15.obj</name>
      </input_file>
      <input_file id="fl-39">
         <path>.\dsplib\source\transform\</path>
         <kind>object</kind>
         <file>msp_ifft_fixed_q15.obj</file>
         <name>msp_ifft_fixed_q15.obj</name>
      </input_file>
      <input_file id="fl-3a">
         <path>.\dsplib\source\transform\</path>
         <kind>object</kind>
         <file>msp_ifft_iq31.obj</file>
         <name>msp_ifft_iq31.obj</name>
      </input_file>
      <input_file id="fl-3b">
         <path>.\dsplib\source\transform\</path>
         <kind>object</kind>
         <file>msp_split_iq31.obj</file>
         <name>msp_split_iq31.obj</name>
      </input_file>
      <input_file id="fl-3c">
         <path>.\dsplib\source\transform\</path>
         <kind>object</kind>
         <file>msp_split_q15.obj</file>
         <name>msp_split_q15.obj</name>
      </input_file>
      <input_file id="fl-3d">
         <path>.\dsplib\source\transform\</path>
         <kind>object</kind>
         <file>msp_transform_tables.obj</file>
         <name>msp_transform_tables.obj</name>
      </input_file>
      <input_file id="fl-3e">
         <path>.\dsplib\source\utility\</path>
         <kind>object</kind>
         <file>msp_cmplx_fill_iq31.obj</file>
         <name>msp_cmplx_fill_iq31.obj</name>
      </input_file>
      <input_file id="fl-3f">
         <path>.\dsplib\source\utility\</path>
         <kind>object</kind>
         <file>msp_cmplx_fill_q15.obj</file>
         <name>msp_cmplx_fill_q15.obj</name>
      </input_file>
      <input_file id="fl-40">
         <path>.\dsplib\source\utility\</path>
         <kind>object</kind>
         <file>msp_cmplx_iq31.obj</file>
         <name>msp_cmplx_iq31.obj</name>
      </input_file>
      <input_file id="fl-41">
         <path>.\dsplib\source\utility\</path>
         <kind>object</kind>
         <file>msp_cmplx_q15.obj</file>
         <name>msp_cmplx_q15.obj</name>
      </input_file>
      <input_file id="fl-42">
         <path>.\dsplib\source\utility\</path>
         <kind>object</kind>
         <file>msp_copy_iq31.obj</file>
         <name>msp_copy_iq31.obj</name>
      </input_file>
      <input_file id="fl-43">
         <path>.\dsplib\source\utility\</path>
         <kind>object</kind>
         <file>msp_copy_q15.obj</file>
         <name>msp_copy_q15.obj</name>
      </input_file>
      <input_file id="fl-44">
         <path>.\dsplib\source\utility\</path>
         <kind>object</kind>
         <file>msp_deinterleave_iq31.obj</file>
         <name>msp_deinterleave_iq31.obj</name>
      </input_file>
      <input_file id="fl-45">
         <path>.\dsplib\source\utility\</path>
         <kind>object</kind>
         <file>msp_deinterleave_q15.obj</file>
         <name>msp_deinterleave_q15.obj</name>
      </input_file>
      <input_file id="fl-46">
         <path>.\dsplib\source\utility\</path>
         <kind>object</kind>
         <file>msp_fill_iq31.obj</file>
         <name>msp_fill_iq31.obj</name>
      </input_file>
      <input_file id="fl-47">
         <path>.\dsplib\source\utility\</path>
         <kind>object</kind>
         <file>msp_fill_q15.obj</file>
         <name>msp_fill_q15.obj</name>
      </input_file>
      <input_file id="fl-48">
         <path>.\dsplib\source\utility\</path>
         <kind>object</kind>
         <file>msp_interleave_iq31.obj</file>
         <name>msp_interleave_iq31.obj</name>
      </input_file>
      <input_file id="fl-49">
         <path>.\dsplib\source\utility\</path>
         <kind>object</kind>
         <file>msp_interleave_q15.obj</file>
         <name>msp_interleave_q15.obj</name>
      </input_file>
      <input_file id="fl-4a">
         <path>.\dsplib\source\utility\</path>
         <kind>object</kind>
         <file>msp_iq31_to_q15.obj</file>
         <name>msp_iq31_to_q15.obj</name>
      </input_file>
      <input_file id="fl-4b">
         <path>.\dsplib\source\utility\</path>
         <kind>object</kind>
         <file>msp_q15_to_iq31.obj</file>
         <name>msp_q15_to_iq31.obj</name>
      </input_file>
      <input_file id="fl-4c">
         <path>.\dsplib\source\utility\</path>
         <kind>object</kind>
         <file>msp_sinusoid_q15.obj</file>
         <name>msp_sinusoid_q15.obj</name>
      </input_file>
      <input_file id="fl-4d">
         <path>.\dsplib\source\vector\</path>
         <kind>object</kind>
         <file>msp_abs_iq31.obj</file>
         <name>msp_abs_iq31.obj</name>
      </input_file>
      <input_file id="fl-4e">
         <path>.\dsplib\source\vector\</path>
         <kind>object</kind>
         <file>msp_abs_q15.obj</file>
         <name>msp_abs_q15.obj</name>
      </input_file>
      <input_file id="fl-4f">
         <path>.\dsplib\source\vector\</path>
         <kind>object</kind>
         <file>msp_add_iq31.obj</file>
         <name>msp_add_iq31.obj</name>
      </input_file>
      <input_file id="fl-50">
         <path>.\dsplib\source\vector\</path>
         <kind>object</kind>
         <file>msp_add_q15.obj</file>
         <name>msp_add_q15.obj</name>
      </input_file>
      <input_file id="fl-51">
         <path>.\dsplib\source\vector\</path>
         <kind>object</kind>
         <file>msp_cmplx_add_iq31.obj</file>
         <name>msp_cmplx_add_iq31.obj</name>
      </input_file>
      <input_file id="fl-52">
         <path>.\dsplib\source\vector\</path>
         <kind>object</kind>
         <file>msp_cmplx_add_q15.obj</file>
         <name>msp_cmplx_add_q15.obj</name>
      </input_file>
      <input_file id="fl-53">
         <path>.\dsplib\source\vector\</path>
         <kind>object</kind>
         <file>msp_cmplx_conj_iq31.obj</file>
         <name>msp_cmplx_conj_iq31.obj</name>
      </input_file>
      <input_file id="fl-54">
         <path>.\dsplib\source\vector\</path>
         <kind>object</kind>
         <file>msp_cmplx_conj_q15.obj</file>
         <name>msp_cmplx_conj_q15.obj</name>
      </input_file>
      <input_file id="fl-55">
         <path>.\dsplib\source\vector\</path>
         <kind>object</kind>
         <file>msp_cmplx_mac_iq31.obj</file>
         <name>msp_cmplx_mac_iq31.obj</name>
      </input_file>
      <input_file id="fl-56">
         <path>.\dsplib\source\vector\</path>
         <kind>object</kind>
         <file>msp_cmplx_mac_q15.obj</file>
         <name>msp_cmplx_mac_q15.obj</name>
      </input_file>
      <input_file id="fl-57">
         <path>.\dsplib\source\vector\</path>
         <kind>object</kind>
         <file>msp_cmplx_mpy_iq31.obj</file>
         <name>msp_cmplx_mpy_iq31.obj</name>
      </input_file>
      <input_file id="fl-58">
         <path>.\dsplib\source\vector\</path>
         <kind>object</kind>
         <file>msp_cmplx_mpy_q15.obj</file>
         <name>msp_cmplx_mpy_q15.obj</name>
      </input_file>
      <input_file id="fl-59">
         <path>.\dsplib\source\vector\</path>
         <kind>object</kind>
         <file>msp_cmplx_mpy_real_iq31.obj</file>
         <name>msp_cmplx_mpy_real_iq31.obj</name>
      </input_file>
      <input_file id="fl-5a">
         <path>.\dsplib\source\vector\</path>
         <kind>object</kind>
         <file>msp_cmplx_mpy_real_q15.obj</file>
         <name>msp_cmplx_mpy_real_q15.obj</name>
      </input_file>
      <input_file id="fl-5b">
         <path>.\dsplib\source\vector\</path>
         <kind>object</kind>
         <file>msp_cmplx_scale_iq31.obj</file>
         <name>msp_cmplx_scale_iq31.obj</name>
      </input_file>
      <input_file id="fl-5c">
         <path>.\dsplib\source\vector\</path>
         <kind>object</kind>
         <file>msp_cmplx_scale_q15.obj</file>
         <name>msp_cmplx_scale_q15.obj</name>
      </input_file>
      <input_file id="fl-5d">
         <path>.\dsplib\source\vector\</path>
         <kind>object</kind>
         <file>msp_cmplx_shift_iq31.obj</file>
         <name>msp_cmplx_shift_iq31.obj</name>
      </input_file>
      <input_file id="fl-5e">
         <path>.\dsplib\source\vector\</path>
         <kind>object</kind>
         <file>msp_cmplx_shift_q15.obj</file>
         <name>msp_cmplx_shift_q15.obj</name>
      </input_file>
      <input_file id="fl-5f">
         <path>.\dsplib\source\vector\</path>
         <kind>object</kind>
         <file>msp_cmplx_sub_iq31.obj</file>
         <name>msp_cmplx_sub_iq31.obj</name>
      </input_file>
      <input_file id="fl-60">
         <path>.\dsplib\source\vector\</path>
         <kind>object</kind>
         <file>msp_cmplx_sub_q15.obj</file>
         <name>msp_cmplx_sub_q15.obj</name>
      </input_file>
      <input_file id="fl-61">
         <path>.\dsplib\source\vector\</path>
         <kind>object</kind>
         <file>msp_mac_iq31.obj</file>
         <name>msp_mac_iq31.obj</name>
      </input_file>
      <input_file id="fl-62">
         <path>.\dsplib\source\vector\</path>
         <kind>object</kind>
         <file>msp_mac_q15.obj</file>
         <name>msp_mac_q15.obj</name>
      </input_file>
      <input_file id="fl-63">
         <path>.\dsplib\source\vector\</path>
         <kind>object</kind>
         <file>msp_max_iq31.obj</file>
         <name>msp_max_iq31.obj</name>
      </input_file>
      <input_file id="fl-64">
         <path>.\dsplib\source\vector\</path>
         <kind>object</kind>
         <file>msp_max_q15.obj</file>
         <name>msp_max_q15.obj</name>
      </input_file>
      <input_file id="fl-65">
         <path>.\dsplib\source\vector\</path>
         <kind>object</kind>
         <file>msp_max_uq15.obj</file>
         <name>msp_max_uq15.obj</name>
      </input_file>
      <input_file id="fl-66">
         <path>.\dsplib\source\vector\</path>
         <kind>object</kind>
         <file>msp_max_uq31.obj</file>
         <name>msp_max_uq31.obj</name>
      </input_file>
      <input_file id="fl-67">
         <path>.\dsplib\source\vector\</path>
         <kind>object</kind>
         <file>msp_min_iq31.obj</file>
         <name>msp_min_iq31.obj</name>
      </input_file>
      <input_file id="fl-68">
         <path>.\dsplib\source\vector\</path>
         <kind>object</kind>
         <file>msp_min_q15.obj</file>
         <name>msp_min_q15.obj</name>
      </input_file>
      <input_file id="fl-69">
         <path>.\dsplib\source\vector\</path>
         <kind>object</kind>
         <file>msp_min_uq15.obj</file>
         <name>msp_min_uq15.obj</name>
      </input_file>
      <input_file id="fl-6a">
         <path>.\dsplib\source\vector\</path>
         <kind>object</kind>
         <file>msp_min_uq31.obj</file>
         <name>msp_min_uq31.obj</name>
      </input_file>
      <input_file id="fl-6b">
         <path>.\dsplib\source\vector\</path>
         <kind>object</kind>
         <file>msp_mpy_iq31.obj</file>
         <name>msp_mpy_iq31.obj</name>
      </input_file>
      <input_file id="fl-6c">
         <path>.\dsplib\source\vector\</path>
         <kind>object</kind>
         <file>msp_mpy_q15.obj</file>
         <name>msp_mpy_q15.obj</name>
      </input_file>
      <input_file id="fl-6d">
         <path>.\dsplib\source\vector\</path>
         <kind>object</kind>
         <file>msp_neg_iq31.obj</file>
         <name>msp_neg_iq31.obj</name>
      </input_file>
      <input_file id="fl-6e">
         <path>.\dsplib\source\vector\</path>
         <kind>object</kind>
         <file>msp_neg_q15.obj</file>
         <name>msp_neg_q15.obj</name>
      </input_file>
      <input_file id="fl-6f">
         <path>.\dsplib\source\vector\</path>
         <kind>object</kind>
         <file>msp_offset_iq31.obj</file>
         <name>msp_offset_iq31.obj</name>
      </input_file>
      <input_file id="fl-70">
         <path>.\dsplib\source\vector\</path>
         <kind>object</kind>
         <file>msp_offset_q15.obj</file>
         <name>msp_offset_q15.obj</name>
      </input_file>
      <input_file id="fl-71">
         <path>.\dsplib\source\vector\</path>
         <kind>object</kind>
         <file>msp_scale_iq31.obj</file>
         <name>msp_scale_iq31.obj</name>
      </input_file>
      <input_file id="fl-72">
         <path>.\dsplib\source\vector\</path>
         <kind>object</kind>
         <file>msp_scale_q15.obj</file>
         <name>msp_scale_q15.obj</name>
      </input_file>
      <input_file id="fl-73">
         <path>.\dsplib\source\vector\</path>
         <kind>object</kind>
         <file>msp_shift_iq31.obj</file>
         <name>msp_shift_iq31.obj</name>
      </input_file>
      <input_file id="fl-74">
         <path>.\dsplib\source\vector\</path>
         <kind>object</kind>
         <file>msp_shift_q15.obj</file>
         <name>msp_shift_q15.obj</name>
      </input_file>
      <input_file id="fl-75">
         <path>.\dsplib\source\vector\</path>
         <kind>object</kind>
         <file>msp_sub_iq31.obj</file>
         <name>msp_sub_iq31.obj</name>
      </input_file>
      <input_file id="fl-76">
         <path>.\dsplib\source\vector\</path>
         <kind>object</kind>
         <file>msp_sub_q15.obj</file>
         <name>msp_sub_q15.obj</name>
      </input_file>
      <input_file id="fl-80">
         <kind>object</kind>
         <file>&lt;internal&gt;</file>
         <name>&lt;internal&gt;</name>
      </input_file>
      <input_file id="fl-81">
         <path>E:\TI_Borad\simplelink_msp432e4_sdk_4_20_00_12\source\ti\devices\msp432e4\driverlib\lib\ccs\m4f\</path>
         <kind>archive</kind>
         <file>msp432e4_driverlib.a</file>
         <name>adc.o</name>
      </input_file>
      <input_file id="fl-82">
         <path>E:\TI_Borad\simplelink_msp432e4_sdk_4_20_00_12\source\ti\devices\msp432e4\driverlib\lib\ccs\m4f\</path>
         <kind>archive</kind>
         <file>msp432e4_driverlib.a</file>
         <name>interrupt.o</name>
      </input_file>
      <input_file id="fl-83">
         <path>E:\TI_Borad\simplelink_msp432e4_sdk_4_20_00_12\source\ti\devices\msp432e4\driverlib\lib\ccs\m4f\</path>
         <kind>archive</kind>
         <file>msp432e4_driverlib.a</file>
         <name>sysctl.o</name>
      </input_file>
      <input_file id="fl-84">
         <path>E:\TI_Borad\simplelink_msp432e4_sdk_4_20_00_12\source\ti\devices\msp432e4\driverlib\lib\ccs\m4f\</path>
         <kind>archive</kind>
         <file>msp432e4_driverlib.a</file>
         <name>timer.o</name>
      </input_file>
      <input_file id="fl-85">
         <path>E:\TI_Borad\simplelink_msp432e4_sdk_4_20_00_12\source\ti\devices\msp432e4\driverlib\lib\ccs\m4f\</path>
         <kind>archive</kind>
         <file>msp432e4_driverlib.a</file>
         <name>uart.o</name>
      </input_file>
      <input_file id="fl-86">
         <path>E:\TI_Borad\simplelink_msp432e4_sdk_4_20_00_12\source\ti\devices\msp432e4\driverlib\lib\ccs\m4f\</path>
         <kind>archive</kind>
         <file>msp432e4_driverlib.a</file>
         <name>cpu.o</name>
      </input_file>
      <input_file id="fl-13c">
         <path>E:\TI_CCS_IDE\ccs\tools\compiler\ti-cgt-arm_20.2.7.LTS\lib\</path>
         <kind>archive</kind>
         <file>rtsv7M4_T_le_v4SPD16_eabi.lib</file>
         <name>e_sqrtf.c.obj</name>
      </input_file>
      <input_file id="fl-13d">
         <path>E:\TI_CCS_IDE\ccs\tools\compiler\ti-cgt-arm_20.2.7.LTS\lib\</path>
         <kind>archive</kind>
         <file>rtsv7M4_T_le_v4SPD16_eabi.lib</file>
         <name>s_atanf.c.obj</name>
      </input_file>
      <input_file id="fl-13e">
         <path>E:\TI_CCS_IDE\ccs\tools\compiler\ti-cgt-arm_20.2.7.LTS\lib\</path>
         <kind>archive</kind>
         <file>rtsv7M4_T_le_v4SPD16_eabi.lib</file>
         <name>s_cosf.c.obj</name>
      </input_file>
      <input_file id="fl-13f">
         <path>E:\TI_CCS_IDE\ccs\tools\compiler\ti-cgt-arm_20.2.7.LTS\lib\</path>
         <kind>archive</kind>
         <file>rtsv7M4_T_le_v4SPD16_eabi.lib</file>
         <name>s_tanf.c.obj</name>
      </input_file>
      <input_file id="fl-140">
         <path>E:\TI_CCS_IDE\ccs\tools\compiler\ti-cgt-arm_20.2.7.LTS\lib\</path>
         <kind>archive</kind>
         <file>rtsv7M4_T_le_v4SPD16_eabi.lib</file>
         <name>e_sqrt.c.obj</name>
      </input_file>
      <input_file id="fl-141">
         <path>E:\TI_CCS_IDE\ccs\tools\compiler\ti-cgt-arm_20.2.7.LTS\lib\</path>
         <kind>archive</kind>
         <file>rtsv7M4_T_le_v4SPD16_eabi.lib</file>
         <name>vsprintf.c.obj</name>
      </input_file>
      <input_file id="fl-142">
         <path>E:\TI_CCS_IDE\ccs\tools\compiler\ti-cgt-arm_20.2.7.LTS\lib\</path>
         <kind>archive</kind>
         <file>rtsv7M4_T_le_v4SPD16_eabi.lib</file>
         <name>fd_add_t2.asm.obj</name>
      </input_file>
      <input_file id="fl-143">
         <path>E:\TI_CCS_IDE\ccs\tools\compiler\ti-cgt-arm_20.2.7.LTS\lib\</path>
         <kind>archive</kind>
         <file>rtsv7M4_T_le_v4SPD16_eabi.lib</file>
         <name>fd_cmp_t2.asm.obj</name>
      </input_file>
      <input_file id="fl-144">
         <path>E:\TI_CCS_IDE\ccs\tools\compiler\ti-cgt-arm_20.2.7.LTS\lib\</path>
         <kind>archive</kind>
         <file>rtsv7M4_T_le_v4SPD16_eabi.lib</file>
         <name>fd_div_t2.asm.obj</name>
      </input_file>
      <input_file id="fl-145">
         <path>E:\TI_CCS_IDE\ccs\tools\compiler\ti-cgt-arm_20.2.7.LTS\lib\</path>
         <kind>archive</kind>
         <file>rtsv7M4_T_le_v4SPD16_eabi.lib</file>
         <name>fd_mul_t2.asm.obj</name>
      </input_file>
      <input_file id="fl-146">
         <path>E:\TI_CCS_IDE\ccs\tools\compiler\ti-cgt-arm_20.2.7.LTS\lib\</path>
         <kind>archive</kind>
         <file>rtsv7M4_T_le_v4SPD16_eabi.lib</file>
         <name>fd_toi_t2.asm.obj</name>
      </input_file>
      <input_file id="fl-147">
         <path>E:\TI_CCS_IDE\ccs\tools\compiler\ti-cgt-arm_20.2.7.LTS\lib\</path>
         <kind>archive</kind>
         <file>rtsv7M4_T_le_v4SPD16_eabi.lib</file>
         <name>fd_tos_t2.asm.obj</name>
      </input_file>
      <input_file id="fl-148">
         <path>E:\TI_CCS_IDE\ccs\tools\compiler\ti-cgt-arm_20.2.7.LTS\lib\</path>
         <kind>archive</kind>
         <file>rtsv7M4_T_le_v4SPD16_eabi.lib</file>
         <name>fd_tou_t2.asm.obj</name>
      </input_file>
      <input_file id="fl-149">
         <path>E:\TI_CCS_IDE\ccs\tools\compiler\ti-cgt-arm_20.2.7.LTS\lib\</path>
         <kind>archive</kind>
         <file>rtsv7M4_T_le_v4SPD16_eabi.lib</file>
         <name>fs_tod_t2.asm.obj</name>
      </input_file>
      <input_file id="fl-14a">
         <path>E:\TI_CCS_IDE\ccs\tools\compiler\ti-cgt-arm_20.2.7.LTS\lib\</path>
         <kind>archive</kind>
         <file>rtsv7M4_T_le_v4SPD16_eabi.lib</file>
         <name>i_tofd_t2.asm.obj</name>
      </input_file>
      <input_file id="fl-14b">
         <path>E:\TI_CCS_IDE\ccs\tools\compiler\ti-cgt-arm_20.2.7.LTS\lib\</path>
         <kind>archive</kind>
         <file>rtsv7M4_T_le_v4SPD16_eabi.lib</file>
         <name>ll_asr_t2.asm.obj</name>
      </input_file>
      <input_file id="fl-14c">
         <path>E:\TI_CCS_IDE\ccs\tools\compiler\ti-cgt-arm_20.2.7.LTS\lib\</path>
         <kind>archive</kind>
         <file>rtsv7M4_T_le_v4SPD16_eabi.lib</file>
         <name>memcpy_t2.asm.obj</name>
      </input_file>
      <input_file id="fl-14d">
         <path>E:\TI_CCS_IDE\ccs\tools\compiler\ti-cgt-arm_20.2.7.LTS\lib\</path>
         <kind>archive</kind>
         <file>rtsv7M4_T_le_v4SPD16_eabi.lib</file>
         <name>u_tofd_t2.asm.obj</name>
      </input_file>
      <input_file id="fl-14e">
         <path>E:\TI_CCS_IDE\ccs\tools\compiler\ti-cgt-arm_20.2.7.LTS\lib\</path>
         <kind>archive</kind>
         <file>rtsv7M4_T_le_v4SPD16_eabi.lib</file>
         <name>memset_t2.asm.obj</name>
      </input_file>
      <input_file id="fl-14f">
         <path>E:\TI_CCS_IDE\ccs\tools\compiler\ti-cgt-arm_20.2.7.LTS\lib\</path>
         <kind>archive</kind>
         <file>rtsv7M4_T_le_v4SPD16_eabi.lib</file>
         <name>copy_zero_init.c.obj</name>
      </input_file>
      <input_file id="fl-150">
         <path>E:\TI_CCS_IDE\ccs\tools\compiler\ti-cgt-arm_20.2.7.LTS\lib\</path>
         <kind>archive</kind>
         <file>rtsv7M4_T_le_v4SPD16_eabi.lib</file>
         <name>copy_decompress_none.c.obj</name>
      </input_file>
      <input_file id="fl-151">
         <path>E:\TI_CCS_IDE\ccs\tools\compiler\ti-cgt-arm_20.2.7.LTS\lib\</path>
         <kind>archive</kind>
         <file>rtsv7M4_T_le_v4SPD16_eabi.lib</file>
         <name>copy_decompress_lzss.c.obj</name>
      </input_file>
      <input_file id="fl-152">
         <path>E:\TI_CCS_IDE\ccs\tools\compiler\ti-cgt-arm_20.2.7.LTS\lib\</path>
         <kind>archive</kind>
         <file>rtsv7M4_T_le_v4SPD16_eabi.lib</file>
         <name>strlen.c.obj</name>
      </input_file>
      <input_file id="fl-153">
         <path>E:\TI_CCS_IDE\ccs\tools\compiler\ti-cgt-arm_20.2.7.LTS\lib\</path>
         <kind>archive</kind>
         <file>rtsv7M4_T_le_v4SPD16_eabi.lib</file>
         <name>boot_cortex_m.c.obj</name>
      </input_file>
      <input_file id="fl-154">
         <path>E:\TI_CCS_IDE\ccs\tools\compiler\ti-cgt-arm_20.2.7.LTS\lib\</path>
         <kind>archive</kind>
         <file>rtsv7M4_T_le_v4SPD16_eabi.lib</file>
         <name>errno.c.obj</name>
      </input_file>
      <input_file id="fl-155">
         <path>E:\TI_CCS_IDE\ccs\tools\compiler\ti-cgt-arm_20.2.7.LTS\lib\</path>
         <kind>archive</kind>
         <file>rtsv7M4_T_le_v4SPD16_eabi.lib</file>
         <name>_printfi.c.obj</name>
      </input_file>
      <input_file id="fl-156">
         <path>E:\TI_CCS_IDE\ccs\tools\compiler\ti-cgt-arm_20.2.7.LTS\lib\</path>
         <kind>archive</kind>
         <file>rtsv7M4_T_le_v4SPD16_eabi.lib</file>
         <name>ull_div_t2.asm.obj</name>
      </input_file>
      <input_file id="fl-157">
         <path>E:\TI_CCS_IDE\ccs\tools\compiler\ti-cgt-arm_20.2.7.LTS\lib\</path>
         <kind>archive</kind>
         <file>rtsv7M4_T_le_v4SPD16_eabi.lib</file>
         <name>autoinit.c.obj</name>
      </input_file>
      <input_file id="fl-158">
         <path>E:\TI_CCS_IDE\ccs\tools\compiler\ti-cgt-arm_20.2.7.LTS\lib\</path>
         <kind>archive</kind>
         <file>rtsv7M4_T_le_v4SPD16_eabi.lib</file>
         <name>pre_init.c.obj</name>
      </input_file>
      <input_file id="fl-159">
         <path>E:\TI_CCS_IDE\ccs\tools\compiler\ti-cgt-arm_20.2.7.LTS\lib\</path>
         <kind>archive</kind>
         <file>rtsv7M4_T_le_v4SPD16_eabi.lib</file>
         <name>cpy_tbl.c.obj</name>
      </input_file>
      <input_file id="fl-15a">
         <path>E:\TI_CCS_IDE\ccs\tools\compiler\ti-cgt-arm_20.2.7.LTS\lib\</path>
         <kind>archive</kind>
         <file>rtsv7M4_T_le_v4SPD16_eabi.lib</file>
         <name>exit.c.obj</name>
      </input_file>
      <input_file id="fl-15b">
         <path>E:\TI_CCS_IDE\ccs\tools\compiler\ti-cgt-arm_20.2.7.LTS\lib\</path>
         <kind>archive</kind>
         <file>rtsv7M4_T_le_v4SPD16_eabi.lib</file>
         <name>_lock.c.obj</name>
      </input_file>
      <input_file id="fl-15c">
         <path>E:\TI_CCS_IDE\ccs\tools\compiler\ti-cgt-arm_20.2.7.LTS\lib\</path>
         <kind>archive</kind>
         <file>rtsv7M4_T_le_v4SPD16_eabi.lib</file>
         <name>_ltoa.c.obj</name>
      </input_file>
      <input_file id="fl-15d">
         <path>E:\TI_CCS_IDE\ccs\tools\compiler\ti-cgt-arm_20.2.7.LTS\lib\</path>
         <kind>archive</kind>
         <file>rtsv7M4_T_le_v4SPD16_eabi.lib</file>
         <name>args_main.c.obj</name>
      </input_file>
      <input_file id="fl-15e">
         <path>E:\TI_CCS_IDE\ccs\tools\compiler\ti-cgt-arm_20.2.7.LTS\lib\</path>
         <kind>archive</kind>
         <file>rtsv7M4_T_le_v4SPD16_eabi.lib</file>
         <name>atoi.c.obj</name>
      </input_file>
      <input_file id="fl-15f">
         <path>E:\TI_CCS_IDE\ccs\tools\compiler\ti-cgt-arm_20.2.7.LTS\lib\</path>
         <kind>archive</kind>
         <file>rtsv7M4_T_le_v4SPD16_eabi.lib</file>
         <name>ctype.c.obj</name>
      </input_file>
      <input_file id="fl-160">
         <path>E:\TI_CCS_IDE\ccs\tools\compiler\ti-cgt-arm_20.2.7.LTS\lib\</path>
         <kind>archive</kind>
         <file>rtsv7M4_T_le_v4SPD16_eabi.lib</file>
         <name>memccpy.c.obj</name>
      </input_file>
      <input_file id="fl-161">
         <path>E:\TI_CCS_IDE\ccs\tools\compiler\ti-cgt-arm_20.2.7.LTS\lib\</path>
         <kind>archive</kind>
         <file>rtsv7M4_T_le_v4SPD16_eabi.lib</file>
         <name>strchr.c.obj</name>
      </input_file>
      <input_file id="fl-162">
         <path>E:\TI_CCS_IDE\ccs\tools\compiler\ti-cgt-arm_20.2.7.LTS\lib\</path>
         <kind>archive</kind>
         <file>rtsv7M4_T_le_v4SPD16_eabi.lib</file>
         <name>wcslen.c.obj</name>
      </input_file>
      <input_file id="fl-163">
         <path>E:\TI_CCS_IDE\ccs\tools\compiler\ti-cgt-arm_20.2.7.LTS\lib\</path>
         <kind>archive</kind>
         <file>rtsv7M4_T_le_v4SPD16_eabi.lib</file>
         <name>s_frexp.c.obj</name>
      </input_file>
      <input_file id="fl-164">
         <path>E:\TI_CCS_IDE\ccs\tools\compiler\ti-cgt-arm_20.2.7.LTS\lib\</path>
         <kind>archive</kind>
         <file>rtsv7M4_T_le_v4SPD16_eabi.lib</file>
         <name>s_scalbn.c.obj</name>
      </input_file>
      <input_file id="fl-165">
         <path>E:\TI_CCS_IDE\ccs\tools\compiler\ti-cgt-arm_20.2.7.LTS\lib\</path>
         <kind>archive</kind>
         <file>rtsv7M4_T_le_v4SPD16_eabi.lib</file>
         <name>div0.asm.obj</name>
      </input_file>
      <input_file id="fl-166">
         <path>E:\TI_CCS_IDE\ccs\tools\compiler\ti-cgt-arm_20.2.7.LTS\lib\</path>
         <kind>archive</kind>
         <file>rtsv7M4_T_le_v4SPD16_eabi.lib</file>
         <name>s_copysign.c.obj</name>
      </input_file>
   </input_file_list>
   <object_component_list>
      <object_component id="oc-13">
         <name>.intvecs:retain</name>
         <load_address>0x0</load_address>
         <run_address>0x0</run_address>
         <size>0x208</size>
         <input_file_ref idref="fl-c"/>
      </object_component>
      <object_component id="oc-231">
         <name>.text:__TI_printfi</name>
         <load_address>0x208</load_address>
         <run_address>0x208</run_address>
         <size>0xa4e</size>
         <input_file_ref idref="fl-155"/>
      </object_component>
      <object_component id="oc-2e">
         <name>.text:Default_Handler</name>
         <load_address>0xc56</load_address>
         <run_address>0xc56</run_address>
         <size>0x2</size>
         <input_file_ref idref="fl-c"/>
      </object_component>
      <object_component id="oc-1b8">
         <name>.text:choose_channel_C</name>
         <load_address>0xc58</load_address>
         <run_address>0xc58</run_address>
         <size>0x3fc</size>
         <input_file_ref idref="fl-3"/>
      </object_component>
      <object_component id="oc-15e">
         <name>.text:SysCtlClockFreqSet</name>
         <load_address>0x1054</load_address>
         <run_address>0x1054</run_address>
         <size>0x2e0</size>
         <input_file_ref idref="fl-83"/>
      </object_component>
      <object_component id="oc-da">
         <name>.text:main</name>
         <load_address>0x1334</load_address>
         <run_address>0x1334</run_address>
         <size>0x2b0</size>
         <input_file_ref idref="fl-3"/>
      </object_component>
      <object_component id="oc-345">
         <name>.text:_pconv_a</name>
         <load_address>0x15e4</load_address>
         <run_address>0x15e4</run_address>
         <size>0x270</size>
         <input_file_ref idref="fl-155"/>
      </object_component>
      <object_component id="oc-2d7">
         <name>.text:get_Phase_C</name>
         <load_address>0x1854</load_address>
         <run_address>0x1854</run_address>
         <size>0x26c</size>
         <input_file_ref idref="fl-6"/>
      </object_component>
      <object_component id="oc-333">
         <name>.text:_pconv_g</name>
         <load_address>0x1ac0</load_address>
         <run_address>0x1ac0</run_address>
         <size>0x1d0</size>
         <input_file_ref idref="fl-155"/>
      </object_component>
      <object_component id="oc-39c">
         <name>.text</name>
         <load_address>0x1c90</load_address>
         <run_address>0x1c90</run_address>
         <size>0x1b6</size>
         <input_file_ref idref="fl-142"/>
      </object_component>
      <object_component id="oc-4d7">
         <name>.text</name>
         <load_address>0x1e46</load_address>
         <run_address>0x1e46</run_address>
         <size>0x2</size>
         <input_file_ref idref="fl-165"/>
      </object_component>
      <object_component id="oc-182">
         <name>.text:Init_Timer_PWM_1k_90_d</name>
         <load_address>0x1e48</load_address>
         <run_address>0x1e48</run_address>
         <size>0x188</size>
         <input_file_ref idref="fl-a"/>
      </object_component>
      <object_component id="oc-1a6">
         <name>.text:Init_adc2_dma</name>
         <load_address>0x1fd0</load_address>
         <run_address>0x1fd0</run_address>
         <size>0x164</size>
         <input_file_ref idref="fl-4"/>
      </object_component>
      <object_component id="oc-1a0">
         <name>.text:Init_adc0_dma</name>
         <load_address>0x2134</load_address>
         <run_address>0x2134</run_address>
         <size>0x160</size>
         <input_file_ref idref="fl-4"/>
      </object_component>
      <object_component id="oc-3e3">
         <name>.text:atanf</name>
         <load_address>0x2294</load_address>
         <run_address>0x2294</run_address>
         <size>0x150</size>
         <input_file_ref idref="fl-13d"/>
      </object_component>
      <object_component id="oc-1d0">
         <name>.text:sweep_fre</name>
         <load_address>0x23e4</load_address>
         <run_address>0x23e4</run_address>
         <size>0x140</size>
         <input_file_ref idref="fl-3"/>
      </object_component>
      <object_component id="oc-33f">
         <name>.text:_pconv_e</name>
         <load_address>0x2524</load_address>
         <run_address>0x2524</run_address>
         <size>0x13c</size>
         <input_file_ref idref="fl-155"/>
      </object_component>
      <object_component id="oc-2eb">
         <name>.text</name>
         <load_address>0x2660</load_address>
         <run_address>0x2660</run_address>
         <size>0x136</size>
         <input_file_ref idref="fl-144"/>
      </object_component>
      <object_component id="oc-446">
         <name>.text:fcvt</name>
         <load_address>0x2798</load_address>
         <run_address>0x2798</run_address>
         <size>0x124</size>
         <input_file_ref idref="fl-155"/>
      </object_component>
      <object_component id="oc-2de">
         <name>.text:get_C</name>
         <load_address>0x28bc</load_address>
         <run_address>0x28bc</run_address>
         <size>0x11c</size>
         <input_file_ref idref="fl-6"/>
      </object_component>
      <object_component id="oc-45a">
         <name>.text:scalbn</name>
         <load_address>0x29d8</load_address>
         <run_address>0x29d8</run_address>
         <size>0x110</size>
         <input_file_ref idref="fl-164"/>
      </object_component>
      <object_component id="oc-3a">
         <name>.text:ADC1SS3_IRQHandler</name>
         <load_address>0x2ae8</load_address>
         <run_address>0x2ae8</run_address>
         <size>0x108</size>
         <input_file_ref idref="fl-3"/>
      </object_component>
      <object_component id="oc-34">
         <name>.text:ADC0SS2_IRQHandler</name>
         <load_address>0x2bf0</load_address>
         <run_address>0x2bf0</run_address>
         <size>0x104</size>
         <input_file_ref idref="fl-3"/>
      </object_component>
      <object_component id="oc-1db">
         <name>.text</name>
         <load_address>0x2cf4</load_address>
         <run_address>0x2cf4</run_address>
         <size>0xfc</size>
         <input_file_ref idref="fl-145"/>
      </object_component>
      <object_component id="oc-40">
         <name>.text:UART7_IRQHandler</name>
         <load_address>0x2df0</load_address>
         <run_address>0x2df0</run_address>
         <size>0xf8</size>
         <input_file_ref idref="fl-3"/>
      </object_component>
      <object_component id="oc-2ab">
         <name>.text:ADCSequenceStepConfigure</name>
         <load_address>0x2ee8</load_address>
         <run_address>0x2ee8</run_address>
         <size>0xee</size>
         <input_file_ref idref="fl-81"/>
      </object_component>
      <object_component id="oc-19a">
         <name>.text:AD9833_Set_Amplitude</name>
         <load_address>0x2fd8</load_address>
         <run_address>0x2fd8</run_address>
         <size>0xe4</size>
         <input_file_ref idref="fl-2"/>
      </object_component>
      <object_component id="oc-176">
         <name>.text:ConfigureUART7_screen</name>
         <load_address>0x30bc</load_address>
         <run_address>0x30bc</run_address>
         <size>0xd4</size>
         <input_file_ref idref="fl-8"/>
      </object_component>
      <object_component id="oc-3ce">
         <name>.text:quick_sort</name>
         <load_address>0x3190</load_address>
         <run_address>0x3190</run_address>
         <size>0xc4</size>
         <input_file_ref idref="fl-7"/>
      </object_component>
      <object_component id="oc-297">
         <name>.text:AD9833_Set_Freq</name>
         <load_address>0x3254</load_address>
         <run_address>0x3254</run_address>
         <size>0xbc</size>
         <input_file_ref idref="fl-2"/>
      </object_component>
      <object_component id="oc-38d">
         <name>.text:AD9833_Transmit</name>
         <load_address>0x3310</load_address>
         <run_address>0x3310</run_address>
         <size>0xbc</size>
         <input_file_ref idref="fl-2"/>
      </object_component>
      <object_component id="oc-3e9">
         <name>.text:cosf</name>
         <load_address>0x33cc</load_address>
         <run_address>0x33cc</run_address>
         <size>0xb4</size>
         <input_file_ref idref="fl-13e"/>
      </object_component>
      <object_component id="oc-328">
         <name>.text:_ltostr</name>
         <load_address>0x3480</load_address>
         <run_address>0x3480</run_address>
         <size>0xb1</size>
         <input_file_ref idref="fl-155"/>
      </object_component>
      <object_component id="oc-2c7">
         <name>.text:cal_fft</name>
         <load_address>0x3534</load_address>
         <run_address>0x3534</run_address>
         <size>0xac</size>
         <input_file_ref idref="fl-4"/>
      </object_component>
      <object_component id="oc-3c8">
         <name>.text:tanf</name>
         <load_address>0x35e0</load_address>
         <run_address>0x35e0</run_address>
         <size>0xac</size>
         <input_file_ref idref="fl-13f"/>
      </object_component>
      <object_component id="oc-54">
         <name>.text</name>
         <load_address>0x368c</load_address>
         <run_address>0x368c</run_address>
         <size>0x9c</size>
         <input_file_ref idref="fl-14c"/>
      </object_component>
      <object_component id="oc-427">
         <name>.text</name>
         <load_address>0x3728</load_address>
         <run_address>0x3728</run_address>
         <size>0x96</size>
         <input_file_ref idref="fl-156"/>
      </object_component>
      <object_component id="oc-1ca">
         <name>.text:Cal_C</name>
         <load_address>0x37c0</load_address>
         <run_address>0x37c0</run_address>
         <size>0x94</size>
         <input_file_ref idref="fl-3"/>
      </object_component>
      <object_component id="oc-2c1">
         <name>.text:start_measure_one_time</name>
         <load_address>0x3854</load_address>
         <run_address>0x3854</run_address>
         <size>0x94</size>
         <input_file_ref idref="fl-3"/>
      </object_component>
      <object_component id="oc-261">
         <name>.text:_SysCtlFrequencyGet</name>
         <load_address>0x38e8</load_address>
         <run_address>0x38e8</run_address>
         <size>0x90</size>
         <input_file_ref idref="fl-83"/>
      </object_component>
      <object_component id="oc-3bd">
         <name>.text:get_RMS</name>
         <load_address>0x3978</load_address>
         <run_address>0x3978</run_address>
         <size>0x8c</size>
         <input_file_ref idref="fl-7"/>
      </object_component>
      <object_component id="oc-32e">
         <name>.text:__aeabi_cdcmple</name>
         <load_address>0x3a04</load_address>
         <run_address>0x3a04</run_address>
         <size>0x86</size>
         <input_file_ref idref="fl-143"/>
      </object_component>
      <object_component id="oc-42e">
         <name>.text:__aeabi_cdrcmple</name>
         <load_address>0x3a8a</load_address>
         <run_address>0x3a8a</run_address>
         <size>0x86</size>
         <input_file_ref idref="fl-143"/>
      </object_component>
      <object_component id="oc-1b2">
         <name>.text:adc01_tim_config</name>
         <load_address>0x3b10</load_address>
         <run_address>0x3b10</run_address>
         <size>0x80</size>
         <input_file_ref idref="fl-4"/>
      </object_component>
      <object_component id="oc-ce">
         <name>.text</name>
         <load_address>0x3b90</load_address>
         <run_address>0x3b90</run_address>
         <size>0x7a</size>
         <input_file_ref idref="fl-14e"/>
      </object_component>
      <object_component id="oc-279">
         <name>.text:UARTStdioConfig</name>
         <load_address>0x3c0c</load_address>
         <run_address>0x3c0c</run_address>
         <size>0x74</size>
         <input_file_ref idref="fl-8"/>
      </object_component>
      <object_component id="oc-43f">
         <name>.text:_mcpy</name>
         <load_address>0x3c80</load_address>
         <run_address>0x3c80</run_address>
         <size>0x6e</size>
         <input_file_ref idref="fl-155"/>
      </object_component>
      <object_component id="oc-2f0">
         <name>.text</name>
         <load_address>0x3cee</load_address>
         <run_address>0x3cee</run_address>
         <size>0x6e</size>
         <input_file_ref idref="fl-147"/>
      </object_component>
      <object_component id="oc-170">
         <name>.text:ConfigureUART0_debug</name>
         <load_address>0x3d5c</load_address>
         <run_address>0x3d5c</run_address>
         <size>0x68</size>
         <input_file_ref idref="fl-8"/>
      </object_component>
      <object_component id="oc-16">
         <name>.text:decompress:lzss:__TI_decompress_lzss</name>
         <load_address>0x3dc4</load_address>
         <run_address>0x3dc4</run_address>
         <size>0x68</size>
         <input_file_ref idref="fl-151"/>
      </object_component>
      <object_component id="oc-454">
         <name>.text:frexp</name>
         <load_address>0x3e2c</load_address>
         <run_address>0x3e2c</run_address>
         <size>0x64</size>
         <input_file_ref idref="fl-163"/>
      </object_component>
      <object_component id="oc-3b7">
         <name>.text:average_ui16_normal</name>
         <load_address>0x3e90</load_address>
         <run_address>0x3e90</run_address>
         <size>0x62</size>
         <input_file_ref idref="fl-7"/>
      </object_component>
      <object_component id="oc-2ba">
         <name>.text:TimerControlTrigger</name>
         <load_address>0x3ef2</load_address>
         <run_address>0x3ef2</run_address>
         <size>0x60</size>
         <input_file_ref idref="fl-84"/>
      </object_component>
      <object_component id="oc-146">
         <name>.text:delay_us</name>
         <load_address>0x3f54</load_address>
         <run_address>0x3f54</run_address>
         <size>0x58</size>
         <input_file_ref idref="fl-5"/>
      </object_component>
      <object_component id="oc-339">
         <name>.text:_pconv_f</name>
         <load_address>0x3fac</load_address>
         <run_address>0x3fac</run_address>
         <size>0x56</size>
         <input_file_ref idref="fl-155"/>
      </object_component>
      <object_component id="oc-433">
         <name>.text:__TI_ltoa</name>
         <load_address>0x4002</load_address>
         <run_address>0x4002</run_address>
         <size>0x54</size>
         <input_file_ref idref="fl-15c"/>
      </object_component>
      <object_component id="oc-439">
         <name>.text:_ecpy</name>
         <load_address>0x4056</load_address>
         <run_address>0x4056</run_address>
         <size>0x52</size>
         <input_file_ref idref="fl-155"/>
      </object_component>
      <object_component id="oc-322">
         <name>.text:atoi</name>
         <load_address>0x40a8</load_address>
         <run_address>0x40a8</run_address>
         <size>0x4c</size>
         <input_file_ref idref="fl-15e"/>
      </object_component>
      <object_component id="oc-188">
         <name>.text:AD9833_Init_GPIO</name>
         <load_address>0x40f4</load_address>
         <run_address>0x40f4</run_address>
         <size>0x48</size>
         <input_file_ref idref="fl-2"/>
      </object_component>
      <object_component id="oc-16a">
         <name>.text:Init_LED</name>
         <load_address>0x413c</load_address>
         <run_address>0x413c</run_address>
         <size>0x48</size>
         <input_file_ref idref="fl-3"/>
      </object_component>
      <object_component id="oc-17c">
         <name>.text:Init_Switch_GPIO</name>
         <load_address>0x4184</load_address>
         <run_address>0x4184</run_address>
         <size>0x48</size>
         <input_file_ref idref="fl-6"/>
      </object_component>
      <object_component id="oc-1e0">
         <name>.text</name>
         <load_address>0x41cc</load_address>
         <run_address>0x41cc</run_address>
         <size>0x48</size>
         <input_file_ref idref="fl-146"/>
      </object_component>
      <object_component id="oc-272">
         <name>.text:SysCtlPeripheralReady</name>
         <load_address>0x4214</load_address>
         <run_address>0x4214</run_address>
         <size>0x44</size>
         <input_file_ref idref="fl-83"/>
      </object_component>
      <object_component id="oc-25b">
         <name>.text:_SysCtlMemTimingGet</name>
         <load_address>0x4258</load_address>
         <run_address>0x4258</run_address>
         <size>0x44</size>
         <input_file_ref idref="fl-83"/>
      </object_component>
      <object_component id="oc-1f8">
         <name>.text:__TI_auto_init_nobinit_nopinit:__TI_auto_init_nobinit_nopinit</name>
         <load_address>0x429c</load_address>
         <run_address>0x429c</run_address>
         <size>0x44</size>
         <input_file_ref idref="fl-157"/>
      </object_component>
      <object_component id="oc-3a1">
         <name>.text</name>
         <load_address>0x42e0</load_address>
         <run_address>0x42e0</run_address>
         <size>0x44</size>
         <input_file_ref idref="fl-148"/>
      </object_component>
      <object_component id="oc-3b0">
         <name>.text:set_Fs</name>
         <load_address>0x4324</load_address>
         <run_address>0x4324</run_address>
         <size>0x44</size>
         <input_file_ref idref="fl-4"/>
      </object_component>
      <object_component id="oc-1c4">
         <name>.text:Mea_Phase_C</name>
         <load_address>0x4368</load_address>
         <run_address>0x4368</run_address>
         <size>0x40</size>
         <input_file_ref idref="fl-3"/>
      </object_component>
      <object_component id="oc-a4">
         <name>.text:USART_printf</name>
         <load_address>0x43a8</load_address>
         <run_address>0x43a8</run_address>
         <size>0x40</size>
         <input_file_ref idref="fl-8"/>
      </object_component>
      <object_component id="oc-44c">
         <name>.text:_fcpy</name>
         <load_address>0x43e8</load_address>
         <run_address>0x43e8</run_address>
         <size>0x3e</size>
         <input_file_ref idref="fl-155"/>
      </object_component>
      <object_component id="oc-18e">
         <name>.text:AD9833_Init</name>
         <load_address>0x4428</load_address>
         <run_address>0x4428</run_address>
         <size>0x3c</size>
         <input_file_ref idref="fl-2"/>
      </object_component>
      <object_component id="oc-138">
         <name>.text:UART_Transmit_nums</name>
         <load_address>0x4464</load_address>
         <run_address>0x4464</run_address>
         <size>0x3a</size>
         <input_file_ref idref="fl-8"/>
      </object_component>
      <object_component id="oc-1be">
         <name>.text:Mea_RMS_C</name>
         <load_address>0x44a0</load_address>
         <run_address>0x44a0</run_address>
         <size>0x38</size>
         <input_file_ref idref="fl-3"/>
      </object_component>
      <object_component id="oc-1d6">
         <name>.text</name>
         <load_address>0x44d8</load_address>
         <run_address>0x44d8</run_address>
         <size>0x38</size>
         <input_file_ref idref="fl-149"/>
      </object_component>
      <object_component id="oc-29d">
         <name>.text:AD9833_Set_Phase</name>
         <load_address>0x4510</load_address>
         <run_address>0x4510</run_address>
         <size>0x34</size>
         <input_file_ref idref="fl-2"/>
      </object_component>
      <object_component id="oc-72">
         <name>.text:_c_int00_noargs:_c_int00_noargs</name>
         <load_address>0x4544</load_address>
         <run_address>0x4544</run_address>
         <size>0x34</size>
         <input_file_ref idref="fl-153"/>
      </object_component>
      <object_component id="oc-291">
         <name>.text:AD9833_Reset</name>
         <load_address>0x4578</load_address>
         <run_address>0x4578</run_address>
         <size>0x30</size>
         <input_file_ref idref="fl-2"/>
      </object_component>
      <object_component id="oc-2a3">
         <name>.text:AD9833_Set</name>
         <load_address>0x45a8</load_address>
         <run_address>0x45a8</run_address>
         <size>0x30</size>
         <input_file_ref idref="fl-2"/>
      </object_component>
      <object_component id="oc-1e5">
         <name>.text</name>
         <load_address>0x45d8</load_address>
         <run_address>0x45d8</run_address>
         <size>0x2e</size>
         <input_file_ref idref="fl-14a"/>
      </object_component>
      <object_component id="oc-282">
         <name>.text:TimerPrescaleSet</name>
         <load_address>0x4606</load_address>
         <run_address>0x4606</run_address>
         <size>0x2a</size>
         <input_file_ref idref="fl-84"/>
      </object_component>
      <object_component id="oc-2f5">
         <name>.text:sqrtf</name>
         <load_address>0x4630</load_address>
         <run_address>0x4630</run_address>
         <size>0x28</size>
         <input_file_ref idref="fl-13c"/>
      </object_component>
      <object_component id="oc-12c">
         <name>.text:vsprintf</name>
         <load_address>0x4658</load_address>
         <run_address>0x4658</run_address>
         <size>0x28</size>
         <input_file_ref idref="fl-141"/>
      </object_component>
      <object_component id="oc-1ac">
         <name>.text:Init_fft</name>
         <load_address>0x4680</load_address>
         <run_address>0x4680</run_address>
         <size>0x24</size>
         <input_file_ref idref="fl-4"/>
      </object_component>
      <object_component id="oc-2e5">
         <name>.text:Mea_RMS_L</name>
         <load_address>0x46a4</load_address>
         <run_address>0x46a4</run_address>
         <size>0x24</size>
         <input_file_ref idref="fl-3"/>
      </object_component>
      <object_component id="oc-86">
         <name>.text:SystemInit</name>
         <load_address>0x46c8</load_address>
         <run_address>0x46c8</run_address>
         <size>0x20</size>
         <input_file_ref idref="fl-9"/>
      </object_component>
      <object_component id="oc-397">
         <name>.text</name>
         <load_address>0x46e8</load_address>
         <run_address>0x46e8</run_address>
         <size>0x20</size>
         <input_file_ref idref="fl-14d"/>
      </object_component>
      <object_component id="oc-49a">
         <name>.text:TimerDisable</name>
         <load_address>0x4708</load_address>
         <run_address>0x4708</run_address>
         <size>0x1e</size>
         <input_file_ref idref="fl-84"/>
      </object_component>
      <object_component id="oc-4a0">
         <name>.text:TimerEnable</name>
         <load_address>0x4726</load_address>
         <run_address>0x4726</run_address>
         <size>0x1e</size>
         <input_file_ref idref="fl-84"/>
      </object_component>
      <object_component id="oc-247">
         <name>.text:UARTCharPut</name>
         <load_address>0x4744</load_address>
         <run_address>0x4744</run_address>
         <size>0x1e</size>
         <input_file_ref idref="fl-85"/>
      </object_component>
      <object_component id="oc-aa">
         <name>.text:delay_ms</name>
         <load_address>0x4762</load_address>
         <run_address>0x4762</run_address>
         <size>0x1e</size>
         <input_file_ref idref="fl-5"/>
      </object_component>
      <object_component id="oc-288">
         <name>.text:Delay_ns</name>
         <load_address>0x4780</load_address>
         <run_address>0x4780</run_address>
         <size>0x1c</size>
         <input_file_ref idref="fl-5"/>
      </object_component>
      <object_component id="oc-164">
         <name>.text:delay_init</name>
         <load_address>0x479c</load_address>
         <run_address>0x479c</run_address>
         <size>0x1c</size>
         <input_file_ref idref="fl-5"/>
      </object_component>
      <object_component id="oc-34b">
         <name>.text:memccpy</name>
         <load_address>0x47b8</load_address>
         <run_address>0x47b8</run_address>
         <size>0x1c</size>
         <input_file_ref idref="fl-160"/>
      </object_component>
      <object_component id="oc-194">
         <name>.text:AD9833_Default_Set</name>
         <load_address>0x47d4</load_address>
         <run_address>0x47d4</run_address>
         <size>0x1a</size>
         <input_file_ref idref="fl-2"/>
      </object_component>
      <object_component id="oc-4e6">
         <name>.text:copysign</name>
         <load_address>0x47ee</load_address>
         <run_address>0x47ee</run_address>
         <size>0x1a</size>
         <input_file_ref idref="fl-166"/>
      </object_component>
      <object_component id="oc-237">
         <name>.text:_outs</name>
         <load_address>0x4808</load_address>
         <run_address>0x4808</run_address>
         <size>0x18</size>
         <input_file_ref idref="fl-141"/>
      </object_component>
      <object_component id="oc-460">
         <name>.text:strchr</name>
         <load_address>0x4820</load_address>
         <run_address>0x4820</run_address>
         <size>0x16</size>
         <input_file_ref idref="fl-161"/>
      </object_component>
      <object_component id="oc-132">
         <name>.text:strlen</name>
         <load_address>0x4836</load_address>
         <run_address>0x4836</run_address>
         <size>0x14</size>
         <input_file_ref idref="fl-152"/>
      </object_component>
      <object_component id="oc-8e">
         <name>.text:ADCIntClearEx</name>
         <load_address>0x484a</load_address>
         <run_address>0x484a</run_address>
         <size>0x12</size>
         <input_file_ref idref="fl-81"/>
      </object_component>
      <object_component id="oc-351">
         <name>.text:wcslen</name>
         <load_address>0x485c</load_address>
         <run_address>0x485c</run_address>
         <size>0x12</size>
         <input_file_ref idref="fl-162"/>
      </object_component>
      <object_component id="oc-1c">
         <name>.text:decompress:none:__TI_decompress_none</name>
         <load_address>0x486e</load_address>
         <run_address>0x486e</run_address>
         <size>0xe</size>
         <input_file_ref idref="fl-150"/>
      </object_component>
      <object_component id="oc-28">
         <name>.text:Reset_Handler</name>
         <load_address>0x487c</load_address>
         <run_address>0x487c</run_address>
         <size>0xc</size>
         <input_file_ref idref="fl-c"/>
      </object_component>
      <object_component id="oc-66">
         <name>.text:decompress:ZI:__TI_zero_init</name>
         <load_address>0x4888</load_address>
         <run_address>0x4888</run_address>
         <size>0xc</size>
         <input_file_ref idref="fl-14f"/>
      </object_component>
      <object_component id="oc-23d">
         <name>.text:_outc</name>
         <load_address>0x4894</load_address>
         <run_address>0x4894</run_address>
         <size>0xa</size>
         <input_file_ref idref="fl-141"/>
      </object_component>
      <object_component id="oc-357">
         <name>.text:__aeabi_errno_addr</name>
         <load_address>0x48a0</load_address>
         <run_address>0x48a0</run_address>
         <size>0x8</size>
         <input_file_ref idref="fl-154"/>
      </object_component>
      <object_component id="oc-d4">
         <name>.text:_system_pre_init</name>
         <load_address>0x48a8</load_address>
         <run_address>0x48a8</run_address>
         <size>0x4</size>
         <input_file_ref idref="fl-158"/>
      </object_component>
      <object_component id="oc-1ec">
         <name>.text:abort:abort</name>
         <load_address>0x48ac</load_address>
         <run_address>0x48ac</run_address>
         <size>0x4</size>
         <input_file_ref idref="fl-15a"/>
      </object_component>
      <object_component id="oc-2b6">
         <name>.const:msp_cmplx_twiddle_table_2048_q15</name>
         <load_address>0x48b0</load_address>
         <run_address>0x48b0</run_address>
         <size>0x1004</size>
         <input_file_ref idref="fl-3d"/>
      </object_component>
      <object_component id="oc-26d">
         <name>.const:g_pppui32XTALtoVCO</name>
         <load_address>0x58b4</load_address>
         <run_address>0x58b4</run_address>
         <size>0x1b0</size>
         <input_file_ref idref="fl-83"/>
      </object_component>
      <object_component id="oc-422">
         <name>.const:.string:_ctypes_</name>
         <load_address>0x5a64</load_address>
         <run_address>0x5a64</run_address>
         <size>0x101</size>
         <input_file_ref idref="fl-15f"/>
      </object_component>
      <object_component id="oc-4b7">
         <name>.const:$O1$$</name>
         <load_address>0x5b68</load_address>
         <run_address>0x5b68</run_address>
         <size>0x34</size>
         <input_file_ref idref="fl-13d"/>
      </object_component>
      <object_component id="oc-372">
         <name>.const:g_sXTALtoMEMTIM</name>
         <load_address>0x5b9c</load_address>
         <run_address>0x5b9c</run_address>
         <size>0x30</size>
         <input_file_ref idref="fl-83"/>
      </object_component>
      <object_component id="oc-267">
         <name>.const:g_pui32Xtals</name>
         <load_address>0x5bcc</load_address>
         <run_address>0x5bcc</run_address>
         <size>0x28</size>
         <input_file_ref idref="fl-83"/>
      </object_component>
      <object_component id="oc-387">
         <name>.const:g_ui32UARTBase</name>
         <load_address>0x5bf4</load_address>
         <run_address>0x5bf4</run_address>
         <size>0xc</size>
         <input_file_ref idref="fl-8"/>
      </object_component>
      <object_component id="oc-384">
         <name>.const:g_ui32UARTPeriph</name>
         <load_address>0x5c00</load_address>
         <run_address>0x5c00</run_address>
         <size>0xc</size>
         <input_file_ref idref="fl-8"/>
      </object_component>
      <object_component id="oc-26a">
         <name>.const:g_pui32VCOFrequencies</name>
         <load_address>0x5c0c</load_address>
         <run_address>0x5c0c</run_address>
         <size>0x8</size>
         <input_file_ref idref="fl-83"/>
      </object_component>
      <object_component id="oc-2cd">
         <name>.const:$P$T0$1</name>
         <load_address>0x5c14</load_address>
         <run_address>0x5c14</run_address>
         <size>0x6</size>
         <input_file_ref idref="fl-3"/>
      </object_component>
      <object_component id="oc-54b">
         <name>.cinit..data.load</name>
         <load_address>0x5c20</load_address>
         <run_address>0x5c20</run_address>
         <size>0xd</size>
      </object_component>
      <object_component id="oc-549">
         <name>__TI_handler_table</name>
         <load_address>0x5c30</load_address>
         <run_address>0x5c30</run_address>
         <size>0xc</size>
      </object_component>
      <object_component id="oc-54c">
         <name>.cinit..bss.load</name>
         <load_address>0x5c40</load_address>
         <run_address>0x5c40</run_address>
         <size>0x8</size>
      </object_component>
      <object_component id="oc-54a">
         <name>__TI_cinit_table</name>
         <load_address>0x5c48</load_address>
         <run_address>0x5c48</run_address>
         <size>0x10</size>
      </object_component>
      <object_component id="oc-393">
         <name>.data</name>
         <load_address>0x20006420</load_address>
         <run_address>0x20006420</run_address>
         <size>0x2</size>
         <input_file_ref idref="fl-2"/>
      </object_component>
      <object_component id="oc-94">
         <name>.data</name>
         <load_address>0x2000640c</load_address>
         <run_address>0x2000640c</run_address>
         <size>0x8</size>
         <input_file_ref idref="fl-3"/>
      </object_component>
      <object_component id="oc-2d2">
         <name>.data:ratio_U1_U2</name>
         <load_address>0x20006400</load_address>
         <run_address>0x20006400</run_address>
         <size>0xc</size>
         <input_file_ref idref="fl-3"/>
      </object_component>
      <object_component id="oc-255">
         <name>.data</name>
         <load_address>0x20006422</load_address>
         <run_address>0x20006422</run_address>
         <size>0x1</size>
         <input_file_ref idref="fl-5"/>
      </object_component>
      <object_component id="oc-3d4">
         <name>.data:adc0_temp</name>
         <load_address>0x20005800</load_address>
         <run_address>0x20005800</run_address>
         <size>0x400</size>
         <input_file_ref idref="fl-6"/>
      </object_component>
      <object_component id="oc-3d7">
         <name>.data:adc1_temp</name>
         <load_address>0x20005c00</load_address>
         <run_address>0x20005c00</run_address>
         <size>0x400</size>
         <input_file_ref idref="fl-6"/>
      </object_component>
      <object_component id="oc-3da">
         <name>.data:get_phase_res</name>
         <load_address>0x20006000</load_address>
         <run_address>0x20006000</run_address>
         <size>0x400</size>
         <input_file_ref idref="fl-6"/>
      </object_component>
      <object_component id="oc-3dd">
         <name>.data</name>
         <load_address>0x20006414</load_address>
         <run_address>0x20006414</run_address>
         <size>0x4</size>
         <input_file_ref idref="fl-6"/>
      </object_component>
      <object_component id="oc-ec">
         <name>.data</name>
         <load_address>0x2000641c</load_address>
         <run_address>0x2000641c</run_address>
         <size>0x4</size>
         <input_file_ref idref="fl-9"/>
      </object_component>
      <object_component id="oc-470">
         <name>.data</name>
         <load_address>0x20006418</load_address>
         <run_address>0x20006418</run_address>
         <size>0x4</size>
         <input_file_ref idref="fl-154"/>
      </object_component>
      <object_component id="oc-13e">
         <name>.bss:buffer$1</name>
         <uninitialized>true</uninitialized>
         <run_address>0x20003e9c</run_address>
         <size>0x100</size>
         <input_file_ref idref="fl-8"/>
      </object_component>
      <object_component id="oc-9a">
         <name>.common:adc0_buffer_0</name>
         <uninitialized>true</uninitialized>
         <run_address>0x20001830</run_address>
         <size>0x800</size>
      </object_component>
      <object_component id="oc-97">
         <name>.common:adc0_buffer_1</name>
         <uninitialized>true</uninitialized>
         <run_address>0x20002030</run_address>
         <size>0x800</size>
      </object_component>
      <object_component id="oc-a2">
         <name>.common:adc2_buffer_0</name>
         <uninitialized>true</uninitialized>
         <run_address>0x20002830</run_address>
         <size>0x800</size>
      </object_component>
      <object_component id="oc-a1">
         <name>.common:adc2_buffer_1</name>
         <uninitialized>true</uninitialized>
         <run_address>0x20003030</run_address>
         <size>0x800</size>
      </object_component>
      <object_component id="oc-2fb">
         <name>.common:sweep_buf</name>
         <uninitialized>true</uninitialized>
         <run_address>0x20003830</run_address>
         <size>0x4b0</size>
      </object_component>
      <object_component id="oc-1ea">
         <name>.common:params</name>
         <uninitialized>true</uninitialized>
         <run_address>0x20003f9c</run_address>
         <size>0x8</size>
      </object_component>
      <object_component id="oc-2d0">
         <name>.common:ADC0_FFT_Str</name>
         <uninitialized>true</uninitialized>
         <run_address>0x20000000</run_address>
         <size>0xc18</size>
      </object_component>
      <object_component id="oc-2d1">
         <name>.common:ADC2_FFT_Str</name>
         <uninitialized>true</uninitialized>
         <run_address>0x20000c18</run_address>
         <size>0xc18</size>
      </object_component>
      <object_component id="oc-b0">
         <name>.common:MEASURE_Z_Str</name>
         <uninitialized>true</uninitialized>
         <run_address>0x20003ce0</run_address>
         <size>0x1bc</size>
      </object_component>
      <object_component id="oc-2b1">
         <name>.common:pui8ControlTable</name>
         <uninitialized>true</uninitialized>
         <run_address>0x20004000</run_address>
         <size>0x800</size>
      </object_component>
      <object_component id="oc-25">
         <name>.stack</name>
         <uninitialized>true</uninitialized>
         <run_address>0x20004800</run_address>
         <size>0x4</size>
         <input_file_ref idref="fl-153"/>
      </object_component>
      <object_component id="oc-54e">
         <name>.stack</name>
         <uninitialized>true</uninitialized>
         <run_address>0x20004800</run_address>
         <size>0x0</size>
      </object_component>
      <object_component id="oc-14d">
         <name>.debug_info</name>
         <load_address>0x0</load_address>
         <run_address>0x0</run_address>
         <size>0x7d6</size>
         <input_file_ref idref="fl-2"/>
      </object_component>
      <object_component id="oc-394">
         <name>.debug_info</name>
         <load_address>0x7d6</load_address>
         <run_address>0x7d6</run_address>
         <size>0xb9</size>
         <input_file_ref idref="fl-2"/>
      </object_component>
      <object_component id="oc-189">
         <name>.debug_info</name>
         <load_address>0x88f</load_address>
         <run_address>0x88f</run_address>
         <size>0x133</size>
         <input_file_ref idref="fl-2"/>
      </object_component>
      <object_component id="oc-18f">
         <name>.debug_info</name>
         <load_address>0x9c2</load_address>
         <run_address>0x9c2</run_address>
         <size>0x10d</size>
         <input_file_ref idref="fl-2"/>
      </object_component>
      <object_component id="oc-19b">
         <name>.debug_info</name>
         <load_address>0xacf</load_address>
         <run_address>0xacf</run_address>
         <size>0x186</size>
         <input_file_ref idref="fl-2"/>
      </object_component>
      <object_component id="oc-38e">
         <name>.debug_info</name>
         <load_address>0xc55</load_address>
         <run_address>0xc55</run_address>
         <size>0x173</size>
         <input_file_ref idref="fl-2"/>
      </object_component>
      <object_component id="oc-292">
         <name>.debug_info</name>
         <load_address>0xdc8</load_address>
         <run_address>0xdc8</run_address>
         <size>0x110</size>
         <input_file_ref idref="fl-2"/>
      </object_component>
      <object_component id="oc-298">
         <name>.debug_info</name>
         <load_address>0xed8</load_address>
         <run_address>0xed8</run_address>
         <size>0x1eb</size>
         <input_file_ref idref="fl-2"/>
      </object_component>
      <object_component id="oc-29e">
         <name>.debug_info</name>
         <load_address>0x10c3</load_address>
         <run_address>0x10c3</run_address>
         <size>0x153</size>
         <input_file_ref idref="fl-2"/>
      </object_component>
      <object_component id="oc-2a4">
         <name>.debug_info</name>
         <load_address>0x1216</load_address>
         <run_address>0x1216</run_address>
         <size>0x10c</size>
         <input_file_ref idref="fl-2"/>
      </object_component>
      <object_component id="oc-195">
         <name>.debug_info</name>
         <load_address>0x1322</load_address>
         <run_address>0x1322</run_address>
         <size>0x196</size>
         <input_file_ref idref="fl-2"/>
      </object_component>
      <object_component id="oc-b4">
         <name>.debug_info</name>
         <load_address>0x14b8</load_address>
         <run_address>0x14b8</run_address>
         <size>0x26b</size>
         <input_file_ref idref="fl-2"/>
      </object_component>
      <object_component id="oc-104">
         <name>.debug_info</name>
         <load_address>0x1723</load_address>
         <run_address>0x1723</run_address>
         <size>0x1028</size>
         <input_file_ref idref="fl-2"/>
      </object_component>
      <object_component id="oc-122">
         <name>.debug_info</name>
         <load_address>0x274b</load_address>
         <run_address>0x274b</run_address>
         <size>0x186</size>
         <input_file_ref idref="fl-2"/>
      </object_component>
      <object_component id="oc-250">
         <name>.debug_info</name>
         <load_address>0x28d1</load_address>
         <run_address>0x28d1</run_address>
         <size>0x196</size>
         <input_file_ref idref="fl-2"/>
      </object_component>
      <object_component id="oc-109">
         <name>.debug_info</name>
         <load_address>0x2a67</load_address>
         <run_address>0x2a67</run_address>
         <size>0x8b</size>
         <input_file_ref idref="fl-2"/>
      </object_component>
      <object_component id="oc-127">
         <name>.debug_info</name>
         <load_address>0x2af2</load_address>
         <run_address>0x2af2</run_address>
         <size>0x2a4</size>
         <input_file_ref idref="fl-2"/>
      </object_component>
      <object_component id="oc-9c">
         <name>.debug_info</name>
         <load_address>0x2d96</load_address>
         <run_address>0x2d96</run_address>
         <size>0xbb</size>
         <input_file_ref idref="fl-2"/>
      </object_component>
      <object_component id="oc-113">
         <name>.debug_info</name>
         <load_address>0x2e51</load_address>
         <run_address>0x2e51</run_address>
         <size>0x35</size>
         <input_file_ref idref="fl-2"/>
      </object_component>
      <object_component id="oc-98">
         <name>.debug_info</name>
         <load_address>0x2e86</load_address>
         <run_address>0x2e86</run_address>
         <size>0xead</size>
         <input_file_ref idref="fl-3"/>
      </object_component>
      <object_component id="oc-95">
         <name>.debug_info</name>
         <load_address>0x3d33</load_address>
         <run_address>0x3d33</run_address>
         <size>0x18a</size>
         <input_file_ref idref="fl-3"/>
      </object_component>
      <object_component id="oc-2d3">
         <name>.debug_info</name>
         <load_address>0x3ebd</load_address>
         <run_address>0x3ebd</run_address>
         <size>0xf5</size>
[...]
      <symbol id="sm-696">
         <name>__aeabi_d2iz</name>
         <value>0x41cd</value>
         <object_component_ref idref="oc-1e0"/>
      </symbol>
      <symbol id="sm-6a2">
         <name>__aeabi_d2f</name>
         <value>0x3cef</value>
         <object_component_ref idref="oc-2f0"/>
      </symbol>
      <symbol id="sm-6ac">
         <name>__aeabi_d2uiz</name>
         <value>0x42e1</value>
         <object_component_ref idref="oc-3a1"/>
      </symbol>
      <symbol id="sm-6b7">
         <name>__aeabi_f2d</name>
         <value>0x44d9</value>
         <object_component_ref idref="oc-1d6"/>
      </symbol>
      <symbol id="sm-6c1">
         <name>__aeabi_i2d</name>
         <value>0x45d9</value>
         <object_component_ref idref="oc-1e5"/>
      </symbol>
      <symbol id="sm-6dd">
         <name>memcpy</name>
         <value>0x368d</value>
         <object_component_ref idref="oc-54"/>
      </symbol>
      <symbol id="sm-6de">
         <name>__aeabi_memcpy</name>
         <value>0x368d</value>
         <object_component_ref idref="oc-54"/>
      </symbol>
      <symbol id="sm-6df">
         <name>__aeabi_memcpy8</name>
         <value>0x368d</value>
         <object_component_ref idref="oc-54"/>
      </symbol>
      <symbol id="sm-6e0">
         <name>__aeabi_memcpy4</name>
         <value>0x368d</value>
         <object_component_ref idref="oc-54"/>
      </symbol>
      <symbol id="sm-6ea">
         <name>__aeabi_ui2d</name>
         <value>0x46e9</value>
         <object_component_ref idref="oc-397"/>
      </symbol>
      <symbol id="sm-6f9">
         <name>__aeabi_memset</name>
         <value>0x3b93</value>
         <object_component_ref idref="oc-ce"/>
      </symbol>
      <symbol id="sm-6fa">
         <name>memset</name>
         <value>0x3b99</value>
         <object_component_ref idref="oc-ce"/>
      </symbol>
      <symbol id="sm-6fb">
         <name>__aeabi_memset8</name>
         <value>0x3b93</value>
         <object_component_ref idref="oc-ce"/>
      </symbol>
      <symbol id="sm-6fc">
         <name>__aeabi_memset4</name>
         <value>0x3b93</value>
         <object_component_ref idref="oc-ce"/>
      </symbol>
      <symbol id="sm-6fd">
         <name>__aeabi_memclr8</name>
         <value>0x3b91</value>
         <object_component_ref idref="oc-ce"/>
      </symbol>
      <symbol id="sm-6fe">
         <name>__aeabi_memclr4</name>
         <value>0x3b91</value>
         <object_component_ref idref="oc-ce"/>
      </symbol>
      <symbol id="sm-6ff">
         <name>__aeabi_memclr</name>
         <value>0x3b91</value>
         <object_component_ref idref="oc-ce"/>
      </symbol>
      <symbol id="sm-716">
         <name>__TI_zero_init</name>
         <value>0x4889</value>
         <object_component_ref idref="oc-66"/>
      </symbol>
      <symbol id="sm-72d">
         <name>__TI_decompress_none</name>
         <value>0x486f</value>
         <object_component_ref idref="oc-1c"/>
      </symbol>
      <symbol id="sm-750">
         <name>__TI_decompress_lzss</name>
         <value>0x3dc5</value>
         <object_component_ref idref="oc-16"/>
      </symbol>
      <symbol id="sm-75e">
         <name>strlen</name>
         <value>0x4837</value>
         <object_component_ref idref="oc-132"/>
      </symbol>
      <symbol id="sm-771">
         <name>__stack</name>
         <value>0x20004800</value>
         <object_component_ref idref="oc-25"/>
      </symbol>
      <symbol id="sm-772">
         <name>_c_int00_noargs</name>
         <value>0x4545</value>
         <object_component_ref idref="oc-72"/>
      </symbol>
      <symbol id="sm-788">
         <name>__aeabi_errno_addr</name>
         <value>0x48a1</value>
         <object_component_ref idref="oc-357"/>
      </symbol>
      <symbol id="sm-789">
         <name>errno</name>
         <value>0x20006418</value>
         <object_component_ref idref="oc-470"/>
      </symbol>
      <symbol id="sm-8ee">
         <name>__TI_printfi</name>
         <value>0x209</value>
         <object_component_ref idref="oc-231"/>
      </symbol>
      <symbol id="sm-8fb">
         <name>__aeabi_uldivmod</name>
         <value>0x3729</value>
         <object_component_ref idref="oc-427"/>
      </symbol>
      <symbol id="sm-923">
         <name>__TI_auto_init_nobinit_nopinit</name>
         <value>0x429d</value>
         <object_component_ref idref="oc-1f8"/>
      </symbol>
      <symbol id="sm-92d">
         <name>_system_pre_init</name>
         <value>0x48a9</value>
         <object_component_ref idref="oc-d4"/>
      </symbol>
      <symbol id="sm-939">
         <name>C$$EXIT</name>
         <value>0x48ad</value>
         <object_component_ref idref="oc-1ec"/>
      </symbol>
      <symbol id="sm-93a">
         <name>abort</name>
         <value>0x48ad</value>
         <object_component_ref idref="oc-1ec"/>
      </symbol>
      <symbol id="sm-94a">
         <name>__TI_ltoa</name>
         <value>0x4003</value>
         <object_component_ref idref="oc-433"/>
      </symbol>
      <symbol id="sm-961">
         <name>atoi</name>
         <value>0x40a9</value>
         <object_component_ref idref="oc-322"/>
      </symbol>
      <symbol id="sm-96c">
         <name>_ctypes_</name>
         <value>0x5a64</value>
         <object_component_ref idref="oc-422"/>
      </symbol>
      <symbol id="sm-97c">
         <name>memccpy</name>
         <value>0x47b9</value>
         <object_component_ref idref="oc-34b"/>
      </symbol>
      <symbol id="sm-98c">
         <name>strchr</name>
         <value>0x4821</value>
         <object_component_ref idref="oc-460"/>
      </symbol>
      <symbol id="sm-9a5">
         <name>wcslen</name>
         <value>0x485d</value>
         <object_component_ref idref="oc-351"/>
      </symbol>
      <symbol id="sm-9bb">
         <name>frexpl</name>
         <value>0x3e2d</value>
         <object_component_ref idref="oc-454"/>
      </symbol>
      <symbol id="sm-9bc">
         <name>frexp</name>
         <value>0x3e2d</value>
         <object_component_ref idref="oc-454"/>
      </symbol>
      <symbol id="sm-9d9">
         <name>scalbn</name>
         <value>0x29d9</value>
         <object_component_ref idref="oc-45a"/>
      </symbol>
      <symbol id="sm-9da">
         <name>scalbnl</name>
         <value>0x29d9</value>
         <object_component_ref idref="oc-45a"/>
      </symbol>
      <symbol id="sm-9db">
         <name>ldexpl</name>
         <value>0x29d9</value>
         <object_component_ref idref="oc-45a"/>
      </symbol>
      <symbol id="sm-9dc">
         <name>ldexp</name>
         <value>0x29d9</value>
         <object_component_ref idref="oc-45a"/>
      </symbol>
      <symbol id="sm-9e6">
         <name>__aeabi_idiv0</name>
         <value>0x1e47</value>
         <object_component_ref idref="oc-4d7"/>
      </symbol>
      <symbol id="sm-9e7">
         <name>__aeabi_ldiv0</name>
         <value>0x1e47</value>
         <object_component_ref idref="oc-4d7"/>
      </symbol>
      <symbol id="sm-9f1">
         <name>copysign</name>
         <value>0x47ef</value>
         <object_component_ref idref="oc-4e6"/>
      </symbol>
      <symbol id="sm-9f2">
         <name>copysignl</name>
         <value>0x47ef</value>
         <object_component_ref idref="oc-4e6"/>
      </symbol>
      <symbol id="sm-9f3">
         <name>__TI_static_base__</name>
         <value>0x0</value>
      </symbol>
      <symbol id="sm-9f6">
         <name>__mpu_init</name>
         <value>0x0</value>
      </symbol>
      <symbol id="sm-9f7">
         <name>_system_post_cinit</name>
         <value>0x0</value>
      </symbol>
      <symbol id="sm-9f8">
         <name>NMI_Handler</name>
         <value>0xc57</value>
      </symbol>
      <symbol id="sm-9f9">
         <name>HardFault_Handler</name>
         <value>0xc57</value>
      </symbol>
      <symbol id="sm-9fa">
         <name>MemManage_Handler</name>
         <value>0xc57</value>
      </symbol>
      <symbol id="sm-9fb">
         <name>BusFault_Handler</name>
         <value>0xc57</value>
      </symbol>
      <symbol id="sm-9fc">
         <name>UsageFault_Handler</name>
         <value>0xc57</value>
      </symbol>
      <symbol id="sm-9fd">
         <name>SVC_Handler</name>
         <value>0xc57</value>
      </symbol>
      <symbol id="sm-9fe">
         <name>DebugMon_Handler</name>
         <value>0xc57</value>
      </symbol>
      <symbol id="sm-9ff">
         <name>PendSV_Handler</name>
         <value>0xc57</value>
      </symbol>
      <symbol id="sm-a00">
         <name>SysTick_Handler</name>
         <value>0xc57</value>
      </symbol>
      <symbol id="sm-a01">
         <name>GPIOA_IRQHandler</name>
         <value>0xc57</value>
      </symbol>
      <symbol id="sm-a02">
         <name>GPIOB_IRQHandler</name>
         <value>0xc57</value>
      </symbol>
      <symbol id="sm-a03">
         <name>GPIOC_IRQHandler</name>
         <value>0xc57</value>
      </symbol>
      <symbol id="sm-a04">
         <name>GPIOD_IRQHandler</name>
         <value>0xc57</value>
      </symbol>
      <symbol id="sm-a05">
         <name>GPIOE_IRQHandler</name>
         <value>0xc57</value>
      </symbol>
      <symbol id="sm-a06">
         <name>UART0_IRQHandler</name>
         <value>0xc57</value>
      </symbol>
      <symbol id="sm-a07">
         <name>UART1_IRQHandler</name>
         <value>0xc57</value>
      </symbol>
      <symbol id="sm-a08">
         <name>SSI0_IRQHandler</name>
         <value>0xc57</value>
      </symbol>
      <symbol id="sm-a09">
         <name>I2C0_IRQHandler</name>
         <value>0xc57</value>
      </symbol>
      <symbol id="sm-a0a">
         <name>PWM0_FAULT_IRQHandler</name>
         <value>0xc57</value>
      </symbol>
      <symbol id="sm-a0b">
         <name>PWM0_0_IRQHandler</name>
         <value>0xc57</value>
      </symbol>
      <symbol id="sm-a0c">
         <name>PWM0_1_IRQHandler</name>
         <value>0xc57</value>
      </symbol>
      <symbol id="sm-a0d">
         <name>PWM0_2_IRQHandler</name>
         <value>0xc57</value>
      </symbol>
      <symbol id="sm-a0e">
         <name>QEI0_IRQHandler</name>
         <value>0xc57</value>
      </symbol>
      <symbol id="sm-a0f">
         <name>ADC0SS0_IRQHandler</name>
         <value>0xc57</value>
      </symbol>
      <symbol id="sm-a10">
         <name>ADC0SS1_IRQHandler</name>
         <value>0xc57</value>
      </symbol>
      <symbol id="sm-a11">
         <name>ADC0SS2_IRQHandler</name>
         <value>0x2bf1</value>
      </symbol>
      <symbol id="sm-a12">
         <name>ADC0SS3_IRQHandler</name>
         <value>0xc57</value>
      </symbol>
      <symbol id="sm-a13">
         <name>WATCHDOG_IRQHandler</name>
         <value>0xc57</value>
      </symbol>
      <symbol id="sm-a14">
         <name>TIMER0A_IRQHandler</name>
         <value>0xc57</value>
      </symbol>
      <symbol id="sm-a15">
         <name>TIMER0B_IRQHandler</name>
         <value>0xc57</value>
      </symbol>
      <symbol id="sm-a16">
         <name>TIMER1A_IRQHandler</name>
         <value>0xc57</value>
      </symbol>
      <symbol id="sm-a17">
         <name>TIMER1B_IRQHandler</name>
         <value>0xc57</value>
      </symbol>
      <symbol id="sm-a18">
         <name>TIMER2A_IRQHandler</name>
         <value>0xc57</value>
      </symbol>
      <symbol id="sm-a19">
         <name>TIMER2B_IRQHandler</name>
         <value>0xc57</value>
      </symbol>
      <symbol id="sm-a1a">
         <name>COMP0_IRQHandler</name>
         <value>0xc57</value>
      </symbol>
      <symbol id="sm-a1b">
         <name>COMP1_IRQHandler</name>
         <value>0xc57</value>
      </symbol>
      <symbol id="sm-a1c">
         <name>COMP2_IRQHandler</name>
         <value>0xc57</value>
      </symbol>
      <symbol id="sm-a1d">
         <name>SYSCTL_IRQHandler</name>
         <value>0xc57</value>
      </symbol>
      <symbol id="sm-a1e">
         <name>FLASH_IRQHandler</name>
         <value>0xc57</value>
      </symbol>
      <symbol id="sm-a1f">
         <name>GPIOF_IRQHandler</name>
         <value>0xc57</value>
      </symbol>
      <symbol id="sm-a20">
         <name>GPIOG_IRQHandler</name>
         <value>0xc57</value>
      </symbol>
      <symbol id="sm-a21">
         <name>GPIOH_IRQHandler</name>
         <value>0xc57</value>
      </symbol>
      <symbol id="sm-a22">
         <name>UART2_IRQHandler</name>
         <value>0xc57</value>
      </symbol>
      <symbol id="sm-a23">
         <name>SSI1_IRQHandler</name>
         <value>0xc57</value>
      </symbol>
      <symbol id="sm-a24">
         <name>TIMER3A_IRQHandler</name>
         <value>0xc57</value>
      </symbol>
      <symbol id="sm-a25">
         <name>TIMER3B_IRQHandler</name>
         <value>0xc57</value>
      </symbol>
      <symbol id="sm-a26">
         <name>I2C1_IRQHandler</name>
         <value>0xc57</value>
      </symbol>
      <symbol id="sm-a27">
         <name>CAN0_IRQHandler</name>
         <value>0xc57</value>
      </symbol>
      <symbol id="sm-a28">
         <name>CAN1_IRQHandler</name>
         <value>0xc57</value>
      </symbol>
      <symbol id="sm-a29">
         <name>EMAC0_IRQHandler</name>
         <value>0xc57</value>
      </symbol>
      <symbol id="sm-a2a">
         <name>HIBERNATE_IRQHandler</name>
         <value>0xc57</value>
      </symbol>
      <symbol id="sm-a2b">
         <name>USB0_IRQHandler</name>
         <value>0xc57</value>
      </symbol>
      <symbol id="sm-a2c">
         <name>PWM0_3_IRQHandler</name>
         <value>0xc57</value>
      </symbol>
      <symbol id="sm-a2d">
         <name>UDMA_IRQHandler</name>
         <value>0xc57</value>
      </symbol>
      <symbol id="sm-a2e">
         <name>UDMAERR_IRQHandler</name>
         <value>0xc57</value>
      </symbol>
      <symbol id="sm-a2f">
         <name>ADC1SS0_IRQHandler</name>
         <value>0xc57</value>
      </symbol>
      <symbol id="sm-a30">
         <name>ADC1SS1_IRQHandler</name>
         <value>0xc57</value>
      </symbol>
      <symbol id="sm-a31">
         <name>ADC1SS2_IRQHandler</name>
         <value>0xc57</value>
      </symbol>
      <symbol id="sm-a32">
         <name>ADC1SS3_IRQHandler</name>
         <value>0x2ae9</value>
      </symbol>
      <symbol id="sm-a33">
         <name>EPI0_IRQHandler</name>
         <value>0xc57</value>
      </symbol>
      <symbol id="sm-a34">
         <name>GPIOJ_IRQHandler</name>
         <value>0xc57</value>
      </symbol>
      <symbol id="sm-a35">
         <name>GPIOK_IRQHandler</name>
         <value>0xc57</value>
      </symbol>
      <symbol id="sm-a36">
         <name>GPIOL_IRQHandler</name>
         <value>0xc57</value>
      </symbol>
      <symbol id="sm-a37">
         <name>SSI2_IRQHandler</name>
         <value>0xc57</value>
      </symbol>
      <symbol id="sm-a38">
         <name>SSI3_IRQHandler</name>
         <value>0xc57</value>
      </symbol>
      <symbol id="sm-a39">
         <name>UART3_IRQHandler</name>
         <value>0xc57</value>
      </symbol>
      <symbol id="sm-a3a">
         <name>UART4_IRQHandler</name>
         <value>0xc57</value>
      </symbol>
      <symbol id="sm-a3b">
         <name>UART5_IRQHandler</name>
         <value>0xc57</value>
      </symbol>
      <symbol id="sm-a3c">
         <name>UART6_IRQHandler</name>
         <value>0xc57</value>
      </symbol>
      <symbol id="sm-a3d">
         <name>UART7_IRQHandler</name>
         <value>0x2df1</value>
      </symbol>
      <symbol id="sm-a3e">
         <name>I2C2_IRQHandler</name>
         <value>0xc57</value>
      </symbol>
      <symbol id="sm-a3f">
         <name>I2C3_IRQHandler</name>
         <value>0xc57</value>
      </symbol>
      <symbol id="sm-a40">
         <name>TIMER4A_IRQHandler</name>
         <value>0xc57</value>
      </symbol>
      <symbol id="sm-a41">
         <name>TIMER4B_IRQHandler</name>
         <value>0xc57</value>
      </symbol>
      <symbol id="sm-a42">
         <name>TIMER5A_IRQHandler</name>
         <value>0xc57</value>
      </symbol>
      <symbol id="sm-a43">
         <name>TIMER5B_IRQHandler</name>
         <value>0xc57</value>
      </symbol>
      <symbol id="sm-a44">
         <name>SYSEXC_IRQHandler</name>
         <value>0xc57</value>
      </symbol>
      <symbol id="sm-a45">
         <name>I2C4_IRQHandler</name>
         <value>0xc57</value>
      </symbol>
      <symbol id="sm-a46">
         <name>I2C5_IRQHandler</name>
         <value>0xc57</value>
      </symbol>
      <symbol id="sm-a47">
         <name>GPIOM_IRQHandler</name>
         <value>0xc57</value>
      </symbol>
      <symbol id="sm-a48">
         <name>GPION_IRQHandler</name>
         <value>0xc57</value>
      </symbol>
      <symbol id="sm-a49">
         <name>TAMPER0_IRQHandler</name>
         <value>0xc57</value>
      </symbol>
      <symbol id="sm-a4a">
         <name>GPIOP0_IRQHandler</name>
         <value>0xc57</value>
      </symbol>
      <symbol id="sm-a4b">
         <name>GPIOP1_IRQHandler</name>
         <value>0xc57</value>
      </symbol>
      <symbol id="sm-a4c">
         <name>GPIOP2_IRQHandler</name>
         <value>0xc57</value>
      </symbol>
      <symbol id="sm-a4d">
         <name>GPIOP3_IRQHandler</name>
         <value>0xc57</value>
      </symbol>
      <symbol id="sm-a4e">
         <name>GPIOP4_IRQHandler</name>
         <value>0xc57</value>
      </symbol>
      <symbol id="sm-a4f">
         <name>GPIOP5_IRQHandler</name>
         <value>0xc57</value>
      </symbol>
      <symbol id="sm-a50">
         <name>GPIOP6_IRQHandler</name>
         <value>0xc57</value>
      </symbol>
      <symbol id="sm-a51">
         <name>GPIOP7_IRQHandler</name>
         <value>0xc57</value>
      </symbol>
      <symbol id="sm-a52">
         <name>GPIOQ0_IRQHandler</name>
         <value>0xc57</value>
      </symbol>
      <symbol id="sm-a53">
         <name>GPIOQ1_IRQHandler</name>
         <value>0xc57</value>
      </symbol>
      <symbol id="sm-a54">
         <name>GPIOQ2_IRQHandler</name>
         <value>0xc57</value>
      </symbol>
      <symbol id="sm-a55">
         <name>GPIOQ3_IRQHandler</name>
         <value>0xc57</value>
      </symbol>
      <symbol id="sm-a56">
         <name>GPIOQ4_IRQHandler</name>
         <value>0xc57</value>
      </symbol>
      <symbol id="sm-a57">
         <name>GPIOQ5_IRQHandler</name>
         <value>0xc57</value>
      </symbol>
      <symbol id="sm-a58">
         <name>GPIOQ6_IRQHandler</name>
         <value>0xc57</value>
      </symbol>
      <symbol id="sm-a59">
         <name>GPIOQ7_IRQHandler</name>
         <value>0xc57</value>
      </symbol>
      <symbol id="sm-a5a">
         <name>SHA0_IRQHandler</name>
         <value>0xc57</value>
      </symbol>
      <symbol id="sm-a5b">
         <name>AES0_IRQHandler</name>
         <value>0xc57</value>
      </symbol>
      <symbol id="sm-a5c">
         <name>DES0_IRQHandler</name>
         <value>0xc57</value>
      </symbol>
      <symbol id="sm-a5d">
         <name>TIMER6A_IRQHandler</name>
         <value>0xc57</value>
      </symbol>
      <symbol id="sm-a5e">
         <name>TIMER6B_IRQHandler</name>
         <value>0xc57</value>
      </symbol>
      <symbol id="sm-a5f">
         <name>TIMER7A_IRQHandler</name>
         <value>0xc57</value>
      </symbol>
      <symbol id="sm-a60">
         <name>TIMER7B_IRQHandler</name>
         <value>0xc57</value>
      </symbol>
      <symbol id="sm-a61">
         <name>I2C6_IRQHandler</name>
         <value>0xc57</value>
      </symbol>
      <symbol id="sm-a62">
         <name>I2C7_IRQHandler</name>
         <value>0xc57</value>
      </symbol>
      <symbol id="sm-a63">
         <name>I2C8_IRQHandler</name>
         <value>0xc57</value>
      </symbol>
      <symbol id="sm-a64">
         <name>I2C9_IRQHandler</name>
         <value>0xc57</value>
      </symbol>
   </symbol_table>
   <title>Link successful</title>
</link_info>
