******************************************************************************
                  TI ARM Linker PC v20.2.7                     
******************************************************************************
>> Linked Thu Aug  3 18:10:02 2023

OUTPUT FILE NAME:   <ds_0.out>
ENTRY POINT SYMBOL: "_c_int00_noargs"  address: 000046e9


MEMORY CONFIGURATION

         name            origin    length      used     unused   attr    fill
----------------------  --------  ---------  --------  --------  ----  --------
  FLASH                 00000000   00100000  00005ee4  000fa11c  R  X
  SRAM                  20000000   00040000  00005883  0003a77d  RW X


SEGMENT ALLOCATION MAP

run origin  load origin   length   init length attrs members
----------  ----------- ---------- ----------- ----- -------
00000000    00000000    00005ee8   00005ee8    r-x
  00000000    00000000    00000208   00000208    r-- .intvecs
  00000208    00000208    00004808   00004808    r-x .text
  00004a10    00004a10    00001464   00001464    r-- .const
  00005e78    00005e78    00000070   00000070    r-- .cinit
20000000    20000000    00005883   00000000    rw-
  20000000    20000000    00004800   00000000    rw- .bss
  20004800    20004800    00001000   00000000    rw- .stack
  20005800    20005800    00000083   00000000    rw- .data


SECTION ALLOCATION MAP

 output                                  attributes/
section   page    origin      length       input sections
--------  ----  ----------  ----------   ----------------
.intvecs   0    00000000    00000208     
                  00000000    00000208     startup_msp432e401y_ccs.obj (.intvecs:retain)

.text      0    00000208    00004808     
                  00000208    00000a4e     rtsv7M4_T_le_v4SPD16_eabi.lib : _printfi.c.obj (.text:__TI_printfi)
                  00000c56    00000002     startup_msp432e401y_ccs.obj (.text:Default_Handler)
                  00000c58    000002e0     msp432e4_driverlib.a : sysctl.o (.text:SysCtlClockFreqSet)
                  00000f38    000002d8     adc0_singleended_multichannel_timertrigger_dmareq.obj (.text:main)
                  00001210    00000270     rtsv7M4_T_le_v4SPD16_eabi.lib : _printfi.c.obj (.text:_pconv_a)
                  00001480    0000020c     adc_fft.obj (.text:cal_fft)
                  0000168c    000001d0     rtsv7M4_T_le_v4SPD16_eabi.lib : _printfi.c.obj (.text:_pconv_g)
                  0000185c    000001b6                                   : fd_add_t2.asm.obj (.text)
                  00001a12    000001b0     msp_cmplx_fft_fixed_q15.obj (.text:msp_cmplx_fft_fixed_q15)
                  00001bc2    000001a0     msp_split_q15.obj (.text:msp_split_q15)
                  00001d62    00000002     rtsv7M4_T_le_v4SPD16_eabi.lib : div0.asm.obj (.text)
                  00001d64    00000164     adc_fft.obj (.text:Init_adc2_dma)
                  00001ec8    00000160     adc_fft.obj (.text:Init_adc0_dma)
                  00002028    00000158     adc_fft.obj (.text:Init_adc1_dma)
                  00002180    00000158     rtsv7M4_T_le_v4SPD16_eabi.lib : e_sqrt.c.obj (.text:sqrt)
                  000022d8    00000150                                   : s_atanf.c.obj (.text:atanf)
                  00002428    0000013c                                   : _printfi.c.obj (.text:_pconv_e)
                  00002564    00000136                                   : fd_div_t2.asm.obj (.text)
                  0000269a    00000002     --HOLE-- [fill = 0]
                  0000269c    00000124                                   : _printfi.c.obj (.text:fcvt)
                  000027c0    00000110                                   : s_scalbn.c.obj (.text:scalbn)
                  000028d0    000000fc                                   : fd_mul_t2.asm.obj (.text)
                  000029cc    000000f8     adc0_singleended_multichannel_timertrigger_dmareq.obj (.text:UART7_IRQHandler)
                  00002ac4    000000ee     msp432e4_driverlib.a : adc.o (.text:ADCSequenceStepConfigure)
                  00002bb2    00000002     --HOLE-- [fill = 0]
                  00002bb4    000000ec     msp_cmplx_bitrev_q15.obj (.text:msp_cmplx_bitrev_q15)
                  00002ca0    000000e4     AD9833.obj (.text:AD9833_Set_Amplitude)
                  00002d84    000000e4     measure_z.obj (.text:get_C)
                  00002e68    000000d8     adc0_singleended_multichannel_timertrigger_dmareq.obj (.text:ADC1SS3_IRQHandler)
                  00002f40    000000d4     adc0_singleended_multichannel_timertrigger_dmareq.obj (.text:ADC0SS1_IRQHandler)
                  00003014    000000d4     adc0_singleended_multichannel_timertrigger_dmareq.obj (.text:ADC0SS2_IRQHandler)
                  000030e8    000000d4     my_usart.obj (.text:ConfigureUART7_screen)
                  000031bc    000000cc     my_math.obj (.text:hanning_window)
                  00003288    000000bc     AD9833.obj (.text:AD9833_Set_Freq)
                  00003344    000000bc     AD9833.obj (.text:AD9833_Transmit)
                  00003400    000000b4     rtsv7M4_T_le_v4SPD16_eabi.lib : s_cosf.c.obj (.text:cosf)
                  000034b4    000000b1                                   : _printfi.c.obj (.text:_ltostr)
                  00003565    00000003     --HOLE-- [fill = 0]
                  00003568    000000ac                                   : s_tanf.c.obj (.text:tanf)
                  00003614    000000a0     measure_z.obj (.text:get_D)
                  000036b4    0000009c     rtsv7M4_T_le_v4SPD16_eabi.lib : memcpy_t2.asm.obj (.text)
                  00003750    00000096                                   : ull_div_t2.asm.obj (.text)
                  000037e6    00000002     --HOLE-- [fill = 0]
                  000037e8    00000090     msp432e4_driverlib.a : sysctl.o (.text:_SysCtlFrequencyGet)
                  00003878    0000008c     my_math.obj (.text:get_RMS)
                  00003904    00000086     rtsv7M4_T_le_v4SPD16_eabi.lib : fd_cmp_t2.asm.obj (.text:__aeabi_cdcmple)
                  0000398a    00000086                                   : fd_cmp_t2.asm.obj (.text:__aeabi_cdrcmple)
                  00003a10    00000080     adc_fft.obj (.text:adc01_tim_config)
                  00003a90    0000007c     msp_cmplx_fft_fixed_q15.obj (.text:__q15cmpy)
                  00003b0c    0000007c     msp_split_q15.obj (.text:__q15cmpy)
                  00003b88    0000007a     my_math.obj (.text:cplx_abs_q15)
                  00003c02    0000007a     rtsv7M4_T_le_v4SPD16_eabi.lib : memset_t2.asm.obj (.text)
                  00003c7c    00000078     msp_cmplx_fft_fixed_q15.obj (.text:msp_cmplx_btfly_fixed_q15)
                  00003cf4    00000074     my_usart.obj (.text:UARTStdioConfig)
                  00003d68    0000006e     rtsv7M4_T_le_v4SPD16_eabi.lib : _printfi.c.obj (.text:_mcpy)
                  00003dd6    0000006e                                   : fd_tos_t2.asm.obj (.text)
                  00003e44    00000068     my_usart.obj (.text:ConfigureUART0_debug)
                  00003eac    00000068     rtsv7M4_T_le_v4SPD16_eabi.lib : copy_decompress_lzss.c.obj (.text:decompress:lzss:__TI_decompress_lzss)
                  00003f14    00000064                                   : s_frexp.c.obj (.text:frexp)
                  00003f78    00000064     msp_cmplx_fft_fixed_q15.obj (.text:msp_cmplx_btfly_c0_fixed_q15)
                  00003fdc    00000064     msp_cmplx_fft_fixed_q15.obj (.text:msp_cmplx_btfly_c1_fixed_q15)
                  00004040    00000062     my_math.obj (.text:average_ui16_normal)
                  000040a2    00000060     msp432e4_driverlib.a : timer.o (.text:TimerControlTrigger)
                  00004102    0000005e     my_math.obj (.text:max_ui16_normal)
                  00004160    00000058     delay.obj (.text:delay_us)
                  000041b8    00000056     rtsv7M4_T_le_v4SPD16_eabi.lib : _printfi.c.obj (.text:_pconv_f)
                  0000420e    00000054                                   : _ltoa.c.obj (.text:__TI_ltoa)
                  00004262    00000054     msp_fft_fixed_q15.obj (.text:msp_fft_fixed_q15)
                  000042b6    00000052     rtsv7M4_T_le_v4SPD16_eabi.lib : _printfi.c.obj (.text:_ecpy)
                  00004308    0000004c                                   : atoi.c.obj (.text:atoi)
                  00004354    00000048     AD9833.obj (.text:AD9833_Init_GPIO)
                  0000439c    00000048     adc0_singleended_multichannel_timertrigger_dmareq.obj (.text:Init_LED)
                  000043e4    00000048     measure_z.obj (.text:Init_Switch_GPIO)
                  0000442c    00000048     rtsv7M4_T_le_v4SPD16_eabi.lib : fd_toi_t2.asm.obj (.text)
                  00004474    00000044     msp432e4_driverlib.a : sysctl.o (.text:SysCtlPeripheralReady)
                  000044b8    00000044                          : sysctl.o (.text:_SysCtlMemTimingGet)
                  000044fc    00000044     rtsv7M4_T_le_v4SPD16_eabi.lib : autoinit.c.obj (.text:__TI_auto_init_nobinit_nopinit:__TI_auto_init_nobinit_nopinit)
                  00004540    00000044                                   : fd_tou_t2.asm.obj (.text)
                  00004584    00000040     my_usart.obj (.text:USART_printf)
                  000045c4    0000003e     rtsv7M4_T_le_v4SPD16_eabi.lib : _printfi.c.obj (.text:_fcpy)
                  00004602    00000002     --HOLE-- [fill = 0]
                  00004604    0000003c     AD9833.obj (.text:AD9833_Init)
                  00004640    0000003a     my_usart.obj (.text:UART_Transmit_nums)
                  0000467a    00000038     rtsv7M4_T_le_v4SPD16_eabi.lib : fs_tod_t2.asm.obj (.text)
                  000046b2    00000034     AD9833.obj (.text:AD9833_Set_Phase)
                  000046e6    00000002     --HOLE-- [fill = 0]
                  000046e8    00000034     rtsv7M4_T_le_v4SPD16_eabi.lib : boot_cortex_m.c.obj (.text:_c_int00_noargs:_c_int00_noargs)
                  0000471c    00000030     AD9833.obj (.text:AD9833_Reset)
                  0000474c    00000030     AD9833.obj (.text:AD9833_Set)
                  0000477c    0000002e     rtsv7M4_T_le_v4SPD16_eabi.lib : i_tofd_t2.asm.obj (.text)
                  000047aa    00000002     --HOLE-- [fill = 0]
                  000047ac    0000002c     my_math.obj (.text:Init_LOW_PASS)
                  000047d8    00000028     rtsv7M4_T_le_v4SPD16_eabi.lib : e_sqrtf.c.obj (.text:sqrtf)
                  00004800    00000028                                   : vsprintf.c.obj (.text:vsprintf)
                  00004828    00000024     adc_fft.obj (.text:Init_fft)
                  0000484c    00000020     system_msp432e401y.obj (.text:SystemInit)
                  0000486c    00000020     rtsv7M4_T_le_v4SPD16_eabi.lib : u_tofd_t2.asm.obj (.text)
                  0000488c    0000001e     msp432e4_driverlib.a : uart.o (.text:UARTCharPut)
                  000048aa    0000001e     delay.obj (.text:delay_ms)
                  000048c8    0000001c     delay.obj (.text:delay_init)
                  000048e4    0000001c     rtsv7M4_T_le_v4SPD16_eabi.lib : memccpy.c.obj (.text:memccpy)
                  00004900    0000001a     AD9833.obj (.text:AD9833_Default_Set)
                  0000491a    0000001a     msp432e4_driverlib.a : adc.o (.text:ADCSequenceDisable)
                  00004934    0000001a                          : adc.o (.text:ADCSequenceEnable)
                  0000494e    0000001a     rtsv7M4_T_le_v4SPD16_eabi.lib : s_copysign.c.obj (.text:copysign)
                  00004968    00000018                                   : vsprintf.c.obj (.text:_outs)
                  00004980    00000016                                   : strchr.c.obj (.text:strchr)
                  00004996    00000014                                   : strlen.c.obj (.text:strlen)
                  000049aa    00000012     msp432e4_driverlib.a : adc.o (.text:ADCIntClearEx)
                  000049bc    00000012     rtsv7M4_T_le_v4SPD16_eabi.lib : wcslen.c.obj (.text:wcslen)
                  000049ce    0000000e                                   : copy_decompress_none.c.obj (.text:decompress:none:__TI_decompress_none)
                  000049dc    0000000c     startup_msp432e401y_ccs.obj (.text:Reset_Handler)
                  000049e8    0000000c     rtsv7M4_T_le_v4SPD16_eabi.lib : copy_zero_init.c.obj (.text:decompress:ZI:__TI_zero_init)
                  000049f4    0000000a                                   : vsprintf.c.obj (.text:_outc)
                  000049fe    00000002     --HOLE-- [fill = 0]
                  00004a00    00000008                                   : errno.c.obj (.text:__aeabi_errno_addr)
                  00004a08    00000004                                   : pre_init.c.obj (.text:_system_pre_init)
                  00004a0c    00000004                                   : exit.c.obj (.text:abort:abort)

.const     0    00004a10    00001464     
                  00004a10    00001004     msp_transform_tables.obj (.const:msp_cmplx_twiddle_table_2048_q15)
                  00005a14    000001b0     msp432e4_driverlib.a : sysctl.o (.const:g_pppui32XTALtoVCO)
                  00005bc4    00000101     rtsv7M4_T_le_v4SPD16_eabi.lib : ctype.c.obj (.const:.string:_ctypes_)
                  00005cc5    00000100     msp_transform_tables.obj (.const:.string:msp_cmplx_bitrev_table_ui8)
                  00005dc5    00000003     --HOLE-- [fill = 0]
                  00005dc8    00000034     rtsv7M4_T_le_v4SPD16_eabi.lib : s_atanf.c.obj (.const:$O1$$)
                  00005dfc    00000030     msp432e4_driverlib.a : sysctl.o (.const:g_sXTALtoMEMTIM)
                  00005e2c    00000028                          : sysctl.o (.const:g_pui32Xtals)
                  00005e54    0000000c     my_usart.obj (.const:g_ui32UARTBase)
                  00005e60    0000000c     my_usart.obj (.const:g_ui32UARTPeriph)
                  00005e6c    00000008     msp432e4_driverlib.a : sysctl.o (.const:g_pui32VCOFrequencies)

.cinit     0    00005e78    00000070     
                  00005e78    00000045     (.cinit..data.load) [load image, compression = lzss]
                  00005ebd    00000003     --HOLE-- [fill = 0]
                  00005ec0    0000000c     (__TI_handler_table)
                  00005ecc    00000004     --HOLE-- [fill = 0]
                  00005ed0    00000008     (.cinit..bss.load) [load image, compression = zero_init]
                  00005ed8    00000010     (__TI_cinit_table)

.init_array 
*          0    00000000    00000000     UNINITIALIZED

.bss       0    20000000    00004800     UNINITIALIZED
                  20000000    00000c18     (.common:ADC0_FFT_Str)
                  20000c18    00000c18     (.common:ADC1_FFT_Str)
                  20001830    00000c18     (.common:ADC2_FFT_Str)
                  20002448    00000800     (.common:adc0_buffer)
                  20002c48    00000800     (.common:adc1_buffer)
                  20003448    00000800     (.common:adc2_buffer)
                  20003c48    00000100     my_usart.obj (.bss:buffer$1)
                  20003d48    0000000c     (.common:LOW_PASS_Params_U1)
                  20003d54    0000000c     (.common:LOW_PASS_Params_U2)
                  20003d60    00000008     (.common:params_fft_1024)
                  20003d68    00000008     (.common:states)
                  20003d70    00000290     --HOLE--
                  20004000    00000800     (.common:pui8ControlTable)

.data      0    20005800    00000083     UNINITIALIZED
                  20005800    00000054     my_math.obj (.data:FILTER_COEFFS_LOW_PASS)
                  20005854    0000001c     adc0_singleended_multichannel_timertrigger_dmareq.obj (.data:MEASURE_Z_Str)
                  20005870    00000008     adc0_singleended_multichannel_timertrigger_dmareq.obj (.data)
                  20005878    00000004     rtsv7M4_T_le_v4SPD16_eabi.lib : errno.c.obj (.data)
                  2000587c    00000004     system_msp432e401y.obj (.data)
                  20005880    00000002     AD9833.obj (.data)
                  20005882    00000001     delay.obj (.data)

.stack     0    20004800    00001000     UNINITIALIZED
                  20004800    00000004     rtsv7M4_T_le_v4SPD16_eabi.lib : boot_cortex_m.c.obj (.stack)
                  20004804    00000ffc     --HOLE--

__llvm_prf_cnts 
*          0    20000000    00000000     UNINITIALIZED

MODULE SUMMARY

       Module                                                  code    ro data   rw data
       ------                                                  ----    -------   -------
    .\
       adc0_singleended_multichannel_timertrigger_dmareq.obj   1688    0         15500  
       adc_fft.obj                                             1740    0         2048   
       AD9833.obj                                              910     0         2      
       my_usart.obj                                            554     24        256    
       my_math.obj                                             702     0         92     
       measure_z.obj                                           460     0         0      
       delay.obj                                               146     0         1      
       system_msp432e401y.obj                                  32      0         4      
    +--+-------------------------------------------------------+-------+---------+---------+
       Total:                                                  6232    24        17903  
                                                                                        
    .\ccs\
       startup_msp432e401y_ccs.obj                             14      520       0      
    +--+-------------------------------------------------------+-------+---------+---------+
       Total:                                                  14      520       0      
                                                                                        
    .\dsplib\source\transform\
       msp_transform_tables.obj                                0       4356      0      
       msp_cmplx_fft_fixed_q15.obj                             876     0         0      
       msp_split_q15.obj                                       540     0         0      
       msp_cmplx_bitrev_q15.obj                                236     0         0      
       msp_fft_fixed_q15.obj                                   84      0         0      
    +--+-------------------------------------------------------+-------+---------+---------+
       Total:                                                  1736    4356      0      
                                                                                        
    E:/TI_Borad/simplelink_msp432e4_sdk_4_20_00_12/source/ti/devices/msp432e4/driverlib/lib/ccs/m4f/msp432e4_driverlib.a
       sysctl.o                                                1016    528       0      
       adc.o                                                   308     0         0      
       timer.o                                                 96      0         0      
       uart.o                                                  30      0         0      
    +--+-------------------------------------------------------+-------+---------+---------+
       Total:                                                  1450    528       0      
                                                                                        
    E:\TI_CCS_IDE\ccs\tools\compiler\ti-cgt-arm_20.2.7.LTS\lib\rtsv7M4_T_le_v4SPD16_eabi.lib
       _printfi.c.obj                                          4851    0         0      
       fd_add_t2.asm.obj                                       438     0         0      
       s_atanf.c.obj                                           336     52        0      
       e_sqrt.c.obj                                            344     0         0      
       fd_div_t2.asm.obj                                       310     0         0      
       s_scalbn.c.obj                                          272     0         0      
       fd_cmp_t2.asm.obj                                       268     0         0      
       ctype.c.obj                                             0       257       0      
       fd_mul_t2.asm.obj                                       252     0         0      
       s_cosf.c.obj                                            180     0         0      
       s_tanf.c.obj                                            172     0         0      
       memcpy_t2.asm.obj                                       156     0         0      
       ull_div_t2.asm.obj                                      150     0         0      
       memset_t2.asm.obj                                       122     0         0      
       fd_tos_t2.asm.obj                                       110     0         0      
       copy_decompress_lzss.c.obj                              104     0         0      
       s_frexp.c.obj                                           100     0         0      
       _ltoa.c.obj                                             84      0         0      
       atoi.c.obj                                              76      0         0      
       vsprintf.c.obj                                          74      0         0      
       fd_toi_t2.asm.obj                                       72      0         0      
       autoinit.c.obj                                          68      0         0      
       fd_tou_t2.asm.obj                                       68      0         0      
       fs_tod_t2.asm.obj                                       56      0         0      
       boot_cortex_m.c.obj                                     52      0         0      
       i_tofd_t2.asm.obj                                       46      0         0      
       e_sqrtf.c.obj                                           40      0         0      
       u_tofd_t2.asm.obj                                       32      0         0      
       memccpy.c.obj                                           28      0         0      
       s_copysign.c.obj                                        26      0         0      
       strchr.c.obj                                            22      0         0      
       strlen.c.obj                                            20      0         0      
       wcslen.c.obj                                            18      0         0      
       copy_decompress_none.c.obj                              14      0         0      
       copy_zero_init.c.obj                                    12      0         0      
       errno.c.obj                                             8       0         4      
       exit.c.obj                                              4       0         0      
       pre_init.c.obj                                          4       0         0      
       div0.asm.obj                                            2       0         0      
    +--+-------------------------------------------------------+-------+---------+---------+
       Total:                                                  8991    309       4      
                                                                                        
       Stack:                                                  0       0         4096   
       Linker Generated:                                       0       105       0      
    +--+-------------------------------------------------------+-------+---------+---------+
       Grand Total:                                            18423   5842      22003  


LINKER GENERATED COPY TABLES

__TI_cinit_table @ 00005ed8 records: 2, size/record: 8, table size: 16
	.data: load addr=00005e78, load size=00000045 bytes, run addr=20005800, run size=00000083 bytes, compression=lzss
	.bss: load addr=00005ed0, load size=00000008 bytes, run addr=20000000, run size=00004800 bytes, compression=zero_init


LINKER GENERATED HANDLER TABLE

__TI_handler_table @ 00005ec0 records: 3, size/record: 4, table size: 12
	index: 0, handler: __TI_decompress_lzss
	index: 1, handler: __TI_decompress_none
	index: 2, handler: __TI_zero_init


GLOBAL SYMBOLS: SORTED ALPHABETICALLY BY Name 

address   name                            
-------   ----                            
00004901  AD9833_Default_Set              
00004605  AD9833_Init                     
00004355  AD9833_Init_GPIO                
0000471d  AD9833_Reset                    
0000474d  AD9833_Set                      
00002ca1  AD9833_Set_Amplitude            
00003289  AD9833_Set_Freq                 
000046b3  AD9833_Set_Phase                
00003345  AD9833_Transmit                 
00000c57  ADC0SS0_IRQHandler              
00002f41  ADC0SS1_IRQHandler              
00002f41  ADC0SS1_IRQHandler              
00003015  ADC0SS2_IRQHandler              
00003015  ADC0SS2_IRQHandler              
00000c57  ADC0SS3_IRQHandler              
20000000  ADC0_FFT_Str                    
00000c57  ADC1SS0_IRQHandler              
00000c57  ADC1SS1_IRQHandler              
00000c57  ADC1SS2_IRQHandler              
00002e69  ADC1SS3_IRQHandler              
00002e69  ADC1SS3_IRQHandler              
20000c18  ADC1_FFT_Str                    
20001830  ADC2_FFT_Str                    
000049ab  ADCIntClearEx                   
0000491b  ADCSequenceDisable              
00004935  ADCSequenceEnable               
00002ac5  ADCSequenceStepConfigure        
00000c57  AES0_IRQHandler                 
00000c57  BusFault_Handler                
00004a0d  C$$EXIT                         
00000c57  CAN0_IRQHandler                 
00000c57  CAN1_IRQHandler                 
00000c57  COMP0_IRQHandler                
00000c57  COMP1_IRQHandler                
00000c57  COMP2_IRQHandler                
00003e45  ConfigureUART0_debug            
000030e9  ConfigureUART7_screen           
00000c57  DES0_IRQHandler                 
00000c57  DebugMon_Handler                
00000c57  Default_Handler                 
00000c57  EMAC0_IRQHandler                
00000c57  EPI0_IRQHandler                 
20005800  FILTER_COEFFS_LOW_PASS          
00000c57  FLASH_IRQHandler                
00000c57  GPIOA_IRQHandler                
00000c57  GPIOB_IRQHandler                
00000c57  GPIOC_IRQHandler                
00000c57  GPIOD_IRQHandler                
00000c57  GPIOE_IRQHandler                
00000c57  GPIOF_IRQHandler                
00000c57  GPIOG_IRQHandler                
00000c57  GPIOH_IRQHandler                
00000c57  GPIOJ_IRQHandler                
00000c57  GPIOK_IRQHandler                
00000c57  GPIOL_IRQHandler                
00000c57  GPIOM_IRQHandler                
00000c57  GPION_IRQHandler                
00000c57  GPIOP0_IRQHandler               
00000c57  GPIOP1_IRQHandler               
00000c57  GPIOP2_IRQHandler               
00000c57  GPIOP3_IRQHandler               
00000c57  GPIOP4_IRQHandler               
00000c57  GPIOP5_IRQHandler               
00000c57  GPIOP6_IRQHandler               
00000c57  GPIOP7_IRQHandler               
00000c57  GPIOQ0_IRQHandler               
00000c57  GPIOQ1_IRQHandler               
00000c57  GPIOQ2_IRQHandler               
00000c57  GPIOQ3_IRQHandler               
00000c57  GPIOQ4_IRQHandler               
00000c57  GPIOQ5_IRQHandler               
00000c57  GPIOQ6_IRQHandler               
00000c57  GPIOQ7_IRQHandler               
00000c57  HIBERNATE_IRQHandler            
00000c57  HardFault_Handler               
00000c57  I2C0_IRQHandler                 
00000c57  I2C1_IRQHandler                 
00000c57  I2C2_IRQHandler                 
00000c57  I2C3_IRQHandler                 
00000c57  I2C4_IRQHandler                 
00000c57  I2C5_IRQHandler                 
00000c57  I2C6_IRQHandler                 
00000c57  I2C7_IRQHandler                 
00000c57  I2C8_IRQHandler                 
00000c57  I2C9_IRQHandler                 
0000439d  Init_LED                        
000047ad  Init_LOW_PASS                   
000043e5  Init_Switch_GPIO                
00001ec9  Init_adc0_dma                   
00002029  Init_adc1_dma                   
00001d65  Init_adc2_dma                   
00004829  Init_fft                        
20003d48  LOW_PASS_Params_U1              
20003d54  LOW_PASS_Params_U2              
20005854  MEASURE_Z_Str                   
00000c57  MemManage_Handler               
00000c57  NMI_Handler                     
00000c57  PWM0_0_IRQHandler               
00000c57  PWM0_1_IRQHandler               
00000c57  PWM0_2_IRQHandler               
00000c57  PWM0_3_IRQHandler               
00000c57  PWM0_FAULT_IRQHandler           
00000c57  PendSV_Handler                  
00000c57  QEI0_IRQHandler                 
000049dd  Reset_Handler                   
00000c57  SHA0_IRQHandler                 
00000c57  SSI0_IRQHandler                 
00000c57  SSI1_IRQHandler                 
00000c57  SSI2_IRQHandler                 
00000c57  SSI3_IRQHandler                 
00000c57  SVC_Handler                     
00000c57  SYSCTL_IRQHandler               
00000c57  SYSEXC_IRQHandler               
00000c59  SysCtlClockFreqSet              
00004475  SysCtlPeripheralReady           
00000c57  SysTick_Handler                 
2000587c  SystemCoreClock                 
0000484d  SystemInit                      
00000c57  TAMPER0_IRQHandler              
00000c57  TIMER0A_IRQHandler              
00000c57  TIMER0B_IRQHandler              
00000c57  TIMER1A_IRQHandler              
00000c57  TIMER1B_IRQHandler              
00000c57  TIMER2A_IRQHandler              
00000c57  TIMER2B_IRQHandler              
00000c57  TIMER3A_IRQHandler              
00000c57  TIMER3B_IRQHandler              
00000c57  TIMER4A_IRQHandler              
00000c57  TIMER4B_IRQHandler              
00000c57  TIMER5A_IRQHandler              
00000c57  TIMER5B_IRQHandler              
00000c57  TIMER6A_IRQHandler              
00000c57  TIMER6B_IRQHandler              
00000c57  TIMER7A_IRQHandler              
00000c57  TIMER7B_IRQHandler              
000040a3  TimerControlTrigger             
00000c57  UART0_IRQHandler                
00000c57  UART1_IRQHandler                
00000c57  UART2_IRQHandler                
00000c57  UART3_IRQHandler                
00000c57  UART4_IRQHandler                
00000c57  UART5_IRQHandler                
00000c57  UART6_IRQHandler                
000029cd  UART7_IRQHandler                
000029cd  UART7_IRQHandler                
0000488d  UARTCharPut                     
00003cf5  UARTStdioConfig                 
00004641  UART_Transmit_nums              
00000c57  UDMAERR_IRQHandler              
00000c57  UDMA_IRQHandler                 
00004585  USART_printf                    
00000c57  USB0_IRQHandler                 
00000c57  UsageFault_Handler              
00000c57  WATCHDOG_IRQHandler             
20005800  __STACK_END                     
00001000  __STACK_SIZE                    
20004a00  __STACK_TOP                     
00005ed8  __TI_CINIT_Base                 
00005ee8  __TI_CINIT_Limit                
00005ec0  __TI_Handler_Table_Base         
00005ecc  __TI_Handler_Table_Limit        
000044fd  __TI_auto_init_nobinit_nopinit  
00003ead  __TI_decompress_lzss            
000049cf  __TI_decompress_none            
0000420f  __TI_ltoa                       
ffffffff  __TI_pprof_out_hndl             
00000209  __TI_printfi                    
ffffffff  __TI_prof_data_size             
ffffffff  __TI_prof_data_start            
00000000  __TI_static_base__              
000049e9  __TI_zero_init                  
00003905  __aeabi_cdcmpeq                 
00003905  __aeabi_cdcmple                 
0000398b  __aeabi_cdrcmple                
00003dd7  __aeabi_d2f                     
0000442d  __aeabi_d2iz                    
00004541  __aeabi_d2uiz                   
00001867  __aeabi_dadd                    
00002565  __aeabi_ddiv                    
000028d1  __aeabi_dmul                    
0000185d  __aeabi_dsub                    
00004a01  __aeabi_errno_addr              
0000467b  __aeabi_f2d                     
0000477d  __aeabi_i2d                     
00001d63  __aeabi_idiv0                   
00001d63  __aeabi_ldiv0                   
00003c03  __aeabi_memclr                  
00003c03  __aeabi_memclr4                 
00003c03  __aeabi_memclr8                 
000036b5  __aeabi_memcpy                  
000036b5  __aeabi_memcpy4                 
000036b5  __aeabi_memcpy8                 
00003c05  __aeabi_memset                  
00003c05  __aeabi_memset4                 
00003c05  __aeabi_memset8                 
0000486d  __aeabi_ui2d                    
00003751  __aeabi_uldivmod                
ffffffff  __binit__                       
ffffffff  __c_args__                      
UNDEFED   __mpu_init                      
20004800  __stack                         
20000000  __start___llvm_prf_cnts         
20000000  __stop___llvm_prf_cnts          
000046e9  _c_int00_noargs                 
00005bc4  _ctypes_                        
UNDEFED   _system_post_cinit              
00004a09  _system_pre_init                
00004a0d  abort                           
00003a11  adc01_tim_config                
20002448  adc0_buffer                     
20002c48  adc1_buffer                     
20003448  adc2_buffer                     
000022d9  atanf                           
00004309  atoi                            
00004041  average_ui16_normal             
20005870  bgetConvStatus                  
20005871  bgetConvStatus_adc1             
ffffffff  binit                           
00001481  cal_fft                         
0000494f  copysign                        
0000494f  copysignl                       
00003401  cosf                            
00003b89  cplx_abs_q15                    
000048c9  delay_init                      
000048ab  delay_ms                        
00004161  delay_us                        
20005878  errno                           
20005873  flag_fft_start                  
20005874  flag_fft_start_1                
20005875  flag_fft_start_2                
20005872  flag_measure                    
00003f15  frexp                           
00003f15  frexpl                          
00002d85  get_C                           
00003615  get_D                           
00003879  get_RMS                         
000031bd  hanning_window                  
00000000  interruptVectors                
000027c1  ldexp                           
000027c1  ldexpl                          
00000f39  main                            
00004103  max_ui16_normal                 
000048e5  memccpy                         
000036b5  memcpy                          
00003c0b  memset                          
00002bb5  msp_cmplx_bitrev_q15            
00005cc5  msp_cmplx_bitrev_table_ui8      
00001a13  msp_cmplx_fft_fixed_q15         
00004a10  msp_cmplx_twiddle_table_2048_q15
00004263  msp_fft_fixed_q15               
00001bc3  msp_split_q15                   
20003d60  params_fft_1024                 
20004000  pui8ControlTable                
000027c1  scalbn                          
000027c1  scalbnl                         
00002181  sqrt                            
000047d9  sqrtf                           
00002181  sqrtl                           
20003d68  states                          
00004981  strchr                          
00004997  strlen                          
00003569  tanf                            
00004801  vsprintf                        
000049bd  wcslen                          


GLOBAL SYMBOLS: SORTED BY Symbol Address 

address   name                            
-------   ----                            
00000000  __TI_static_base__              
00000000  interruptVectors                
00000209  __TI_printfi                    
00000c57  ADC0SS0_IRQHandler              
00000c57  ADC0SS3_IRQHandler              
00000c57  ADC1SS0_IRQHandler              
00000c57  ADC1SS1_IRQHandler              
00000c57  ADC1SS2_IRQHandler              
00000c57  AES0_IRQHandler                 
00000c57  BusFault_Handler                
00000c57  CAN0_IRQHandler                 
00000c57  CAN1_IRQHandler                 
00000c57  COMP0_IRQHandler                
00000c57  COMP1_IRQHandler                
00000c57  COMP2_IRQHandler                
00000c57  DES0_IRQHandler                 
00000c57  DebugMon_Handler                
00000c57  Default_Handler                 
00000c57  EMAC0_IRQHandler                
00000c57  EPI0_IRQHandler                 
00000c57  FLASH_IRQHandler                
00000c57  GPIOA_IRQHandler                
00000c57  GPIOB_IRQHandler                
00000c57  GPIOC_IRQHandler                
00000c57  GPIOD_IRQHandler                
00000c57  GPIOE_IRQHandler                
00000c57  GPIOF_IRQHandler                
00000c57  GPIOG_IRQHandler                
00000c57  GPIOH_IRQHandler                
00000c57  GPIOJ_IRQHandler                
00000c57  GPIOK_IRQHandler                
00000c57  GPIOL_IRQHandler                
00000c57  GPIOM_IRQHandler                
00000c57  GPION_IRQHandler                
00000c57  GPIOP0_IRQHandler               
00000c57  GPIOP1_IRQHandler               
00000c57  GPIOP2_IRQHandler               
00000c57  GPIOP3_IRQHandler               
00000c57  GPIOP4_IRQHandler               
00000c57  GPIOP5_IRQHandler               
00000c57  GPIOP6_IRQHandler               
00000c57  GPIOP7_IRQHandler               
00000c57  GPIOQ0_IRQHandler               
00000c57  GPIOQ1_IRQHandler               
00000c57  GPIOQ2_IRQHandler               
00000c57  GPIOQ3_IRQHandler               
00000c57  GPIOQ4_IRQHandler               
00000c57  GPIOQ5_IRQHandler               
00000c57  GPIOQ6_IRQHandler               
00000c57  GPIOQ7_IRQHandler               
00000c57  HIBERNATE_IRQHandler            
00000c57  HardFault_Handler               
00000c57  I2C0_IRQHandler                 
00000c57  I2C1_IRQHandler                 
00000c57  I2C2_IRQHandler                 
00000c57  I2C3_IRQHandler                 
00000c57  I2C4_IRQHandler                 
00000c57  I2C5_IRQHandler                 
00000c57  I2C6_IRQHandler                 
00000c57  I2C7_IRQHandler                 
00000c57  I2C8_IRQHandler                 
00000c57  I2C9_IRQHandler                 
00000c57  MemManage_Handler               
00000c57  NMI_Handler                     
00000c57  PWM0_0_IRQHandler               
00000c57  PWM0_1_IRQHandler               
00000c57  PWM0_2_IRQHandler               
00000c57  PWM0_3_IRQHandler               
00000c57  PWM0_FAULT_IRQHandler           
00000c57  PendSV_Handler                  
00000c57  QEI0_IRQHandler                 
00000c57  SHA0_IRQHandler                 
00000c57  SSI0_IRQHandler                 
00000c57  SSI1_IRQHandler                 
00000c57  SSI2_IRQHandler                 
00000c57  SSI3_IRQHandler                 
00000c57  SVC_Handler                     
00000c57  SYSCTL_IRQHandler               
00000c57  SYSEXC_IRQHandler               
00000c57  SysTick_Handler                 
00000c57  TAMPER0_IRQHandler              
00000c57  TIMER0A_IRQHandler              
00000c57  TIMER0B_IRQHandler              
00000c57  TIMER1A_IRQHandler              
00000c57  TIMER1B_IRQHandler              
00000c57  TIMER2A_IRQHandler              
00000c57  TIMER2B_IRQHandler              
00000c57  TIMER3A_IRQHandler              
00000c57  TIMER3B_IRQHandler              
00000c57  TIMER4A_IRQHandler              
00000c57  TIMER4B_IRQHandler              
00000c57  TIMER5A_IRQHandler              
00000c57  TIMER5B_IRQHandler              
00000c57  TIMER6A_IRQHandler              
00000c57  TIMER6B_IRQHandler              
00000c57  TIMER7A_IRQHandler              
00000c57  TIMER7B_IRQHandler              
00000c57  UART0_IRQHandler                
00000c57  UART1_IRQHandler                
00000c57  UART2_IRQHandler                
00000c57  UART3_IRQHandler                
00000c57  UART4_IRQHandler                
00000c57  UART5_IRQHandler                
00000c57  UART6_IRQHandler                
00000c57  UDMAERR_IRQHandler              
00000c57  UDMA_IRQHandler                 
00000c57  USB0_IRQHandler                 
00000c57  UsageFault_Handler              
00000c57  WATCHDOG_IRQHandler             
00000c59  SysCtlClockFreqSet              
00000f39  main                            
00001000  __STACK_SIZE                    
00001481  cal_fft                         
0000185d  __aeabi_dsub                    
00001867  __aeabi_dadd                    
00001a13  msp_cmplx_fft_fixed_q15         
00001bc3  msp_split_q15                   
00001d63  __aeabi_idiv0                   
00001d63  __aeabi_ldiv0                   
00001d65  Init_adc2_dma                   
00001ec9  Init_adc0_dma                   
00002029  Init_adc1_dma                   
00002181  sqrt                            
00002181  sqrtl                           
000022d9  atanf                           
00002565  __aeabi_ddiv                    
000027c1  ldexp                           
000027c1  ldexpl                          
000027c1  scalbn                          
000027c1  scalbnl                         
000028d1  __aeabi_dmul                    
000029cd  UART7_IRQHandler                
000029cd  UART7_IRQHandler                
00002ac5  ADCSequenceStepConfigure        
00002bb5  msp_cmplx_bitrev_q15            
00002ca1  AD9833_Set_Amplitude            
00002d85  get_C                           
00002e69  ADC1SS3_IRQHandler              
00002e69  ADC1SS3_IRQHandler              
00002f41  ADC0SS1_IRQHandler              
00002f41  ADC0SS1_IRQHandler              
00003015  ADC0SS2_IRQHandler              
00003015  ADC0SS2_IRQHandler              
000030e9  ConfigureUART7_screen           
000031bd  hanning_window                  
00003289  AD9833_Set_Freq                 
00003345  AD9833_Transmit                 
00003401  cosf                            
00003569  tanf                            
00003615  get_D                           
000036b5  __aeabi_memcpy                  
000036b5  __aeabi_memcpy4                 
000036b5  __aeabi_memcpy8                 
000036b5  memcpy                          
00003751  __aeabi_uldivmod                
00003879  get_RMS                         
00003905  __aeabi_cdcmpeq                 
00003905  __aeabi_cdcmple                 
0000398b  __aeabi_cdrcmple                
00003a11  adc01_tim_config                
00003b89  cplx_abs_q15                    
00003c03  __aeabi_memclr                  
00003c03  __aeabi_memclr4                 
00003c03  __aeabi_memclr8                 
00003c05  __aeabi_memset                  
00003c05  __aeabi_memset4                 
00003c05  __aeabi_memset8                 
00003c0b  memset                          
00003cf5  UARTStdioConfig                 
00003dd7  __aeabi_d2f                     
00003e45  ConfigureUART0_debug            
00003ead  __TI_decompress_lzss            
00003f15  frexp                           
00003f15  frexpl                          
00004041  average_ui16_normal             
000040a3  TimerControlTrigger             
00004103  max_ui16_normal                 
00004161  delay_us                        
0000420f  __TI_ltoa                       
00004263  msp_fft_fixed_q15               
00004309  atoi                            
00004355  AD9833_Init_GPIO                
0000439d  Init_LED                        
000043e5  Init_Switch_GPIO                
0000442d  __aeabi_d2iz                    
00004475  SysCtlPeripheralReady           
000044fd  __TI_auto_init_nobinit_nopinit  
00004541  __aeabi_d2uiz                   
00004585  USART_printf                    
00004605  AD9833_Init                     
00004641  UART_Transmit_nums              
0000467b  __aeabi_f2d                     
000046b3  AD9833_Set_Phase                
000046e9  _c_int00_noargs                 
0000471d  AD9833_Reset                    
0000474d  AD9833_Set                      
0000477d  __aeabi_i2d                     
000047ad  Init_LOW_PASS                   
000047d9  sqrtf                           
00004801  vsprintf                        
00004829  Init_fft                        
0000484d  SystemInit                      
0000486d  __aeabi_ui2d                    
0000488d  UARTCharPut                     
000048ab  delay_ms                        
000048c9  delay_init                      
000048e5  memccpy                         
00004901  AD9833_Default_Set              
0000491b  ADCSequenceDisable              
00004935  ADCSequenceEnable               
0000494f  copysign                        
0000494f  copysignl                       
00004981  strchr                          
00004997  strlen                          
000049ab  ADCIntClearEx                   
000049bd  wcslen                          
000049cf  __TI_decompress_none            
000049dd  Reset_Handler                   
000049e9  __TI_zero_init                  
00004a01  __aeabi_errno_addr              
00004a09  _system_pre_init                
00004a0d  C$$EXIT                         
00004a0d  abort                           
00004a10  msp_cmplx_twiddle_table_2048_q15
00005bc4  _ctypes_                        
00005cc5  msp_cmplx_bitrev_table_ui8      
00005ec0  __TI_Handler_Table_Base         
00005ecc  __TI_Handler_Table_Limit        
00005ed8  __TI_CINIT_Base                 
00005ee8  __TI_CINIT_Limit                
20000000  ADC0_FFT_Str                    
20000000  __start___llvm_prf_cnts         
20000000  __stop___llvm_prf_cnts          
20000c18  ADC1_FFT_Str                    
20001830  ADC2_FFT_Str                    
20002448  adc0_buffer                     
20002c48  adc1_buffer                     
20003448  adc2_buffer                     
20003d48  LOW_PASS_Params_U1              
20003d54  LOW_PASS_Params_U2              
20003d60  params_fft_1024                 
20003d68  states                          
20004000  pui8ControlTable                
20004800  __stack                         
20004a00  __STACK_TOP                     
20005800  FILTER_COEFFS_LOW_PASS          
20005800  __STACK_END                     
20005854  MEASURE_Z_Str                   
20005870  bgetConvStatus                  
20005871  bgetConvStatus_adc1             
20005872  flag_measure                    
20005873  flag_fft_start                  
20005874  flag_fft_start_1                
20005875  flag_fft_start_2                
20005878  errno                           
2000587c  SystemCoreClock                 
ffffffff  __TI_pprof_out_hndl             
ffffffff  __TI_prof_data_size             
ffffffff  __TI_prof_data_start            
ffffffff  __binit__                       
ffffffff  __c_args__                      
ffffffff  binit                           
UNDEFED   __mpu_init                      
UNDEFED   _system_post_cinit              

[264 symbols]
