Component: ARM Compiler 5.06 update 6 (build 750) Tool: armlink [4d35ed]

==============================================================================

Section Cross References

    main.o(i.main) refers to peripheralinit.o(i.PeripheralInit) for PeripheralInit
    main.o(i.main) refers to ad9910.o(i.AD9910_Init) for AD9910_Init
    main.o(i.main) refers to lze_lcd.o(i.LCD_Clear) for LCD_Clear
    main.o(i.main) refers to lze_lcd.o(i.LCD_SetFont) for LCD_SetFont
    main.o(i.main) refers to lze_lcd.o(i.LCD_WriteString) for LCD_WriteString
    main.o(i.main) refers to printf7.o(i.__0sprintf$7) for __2sprintf
    main.o(i.main) refers to key.o(i.Key_Scan) for Key_Scan
    main.o(i.main) refers to lze_lcd.o(i.LCD_WriteNumLong) for LCD_WriteNumLong
    main.o(i.main) refers to lze_lcd.o(.data) for Font24_CN
    main.o(i.main) refers to main.o(.data) for TimeStr
    main.o(i.main) refers to ad9910.o(i.AD9910_Singal_Profile_Init) for AD9910_Singal_Profile_Init
    main.o(i.main) refers to ad9910.o(i.AD9910_Singal_Profile_Set) for AD9910_Singal_Profile_Set
    main.o(i.main) refers to ad9910.o(i.AD9910_RAM_Init) for AD9910_RAM_Init
    main.o(i.main) refers to ad9910.o(i.AD9910_RAM_Fre_W) for AD9910_RAM_Fre_W
    main.o(i.main) refers to ad9910.o(i.AD9910_RAM_DIR_Fre_R) for AD9910_RAM_DIR_Fre_R
    main.o(i.main) refers to ad9910.o(i.AD9910_RAM_ZB_Fre_Init) for AD9910_RAM_ZB_Fre_Init
    main.o(i.main) refers to ad9910.o(i.AD9910_RAM_ZB_Fre_Set) for AD9910_RAM_ZB_Fre_Set
    main.o(i.main) refers to ad9910.o(i.AD9910_RAM_AMP_W) for AD9910_RAM_AMP_W
    main.o(i.main) refers to ad9910.o(i.AD9910_RAM_DIR_AMP_R) for AD9910_RAM_DIR_AMP_R
    main.o(i.main) refers to ad9910.o(i.AD9910_RAM_Pha_W) for AD9910_RAM_Pha_W
    main.o(i.main) refers to ad9910.o(i.AD9910_RAM_DIR_PHA_R) for AD9910_RAM_DIR_PHA_R
    main.o(i.main) refers to ad9910.o(i.Set_Profile) for Set_Profile
    main.o(i.main) refers to delay.o(i.Delay_50ms) for Delay_50ms
    main.o(i.main) refers to ad9910.o(i.AD9910_RAM_RAMP_UP_TWO_Fre_R) for AD9910_RAM_RAMP_UP_TWO_Fre_R
    main.o(i.main) refers to ad9910.o(i.AD9910_RAM_RAMP_UP_TWO_AMP_R) for AD9910_RAM_RAMP_UP_TWO_AMP_R
    main.o(i.main) refers to ad9910.o(i.AD9910_RAM_RAMP_UP_TWO_PHA_R) for AD9910_RAM_RAMP_UP_TWO_PHA_R
    main.o(i.main) refers to ad9910.o(i.AD9910_RAM_BID_RAMP_Fre_R) for AD9910_RAM_BID_RAMP_Fre_R
    main.o(i.main) refers to ad9910.o(i.AD9910_RAM_BID_RAMP_AMP_R) for AD9910_RAM_BID_RAMP_AMP_R
    main.o(i.main) refers to ad9910.o(i.AD9910_RAM_BID_RAMP_PHA_R) for AD9910_RAM_BID_RAMP_PHA_R
    main.o(i.main) refers to ad9910.o(i.AD9910_RAM_CON_BID_RAMP_Fre_R) for AD9910_RAM_CON_BID_RAMP_Fre_R
    main.o(i.main) refers to ad9910.o(i.AD9910_RAM_CON_BID_RAMP_AMP_R) for AD9910_RAM_CON_BID_RAMP_AMP_R
    main.o(i.main) refers to ad9910.o(i.AD9910_RAM_CON_BID_RAMP_PHA_R) for AD9910_RAM_CON_BID_RAMP_PHA_R
    main.o(i.main) refers to ad9910.o(i.AD9910_RAM_CON_RECIR_Fre_R) for AD9910_RAM_CON_RECIR_Fre_R
    main.o(i.main) refers to ad9910.o(i.AD9910_RAM_CON_RECIR_AMP_R) for AD9910_RAM_CON_RECIR_AMP_R
    main.o(i.main) refers to ad9910.o(i.AD9910_RAM_CON_RECIR_PHA_R) for AD9910_RAM_CON_RECIR_PHA_R
    main.o(i.main) refers to ad9910.o(i.AD9910_WAVE_RAM_AMP_W) for AD9910_WAVE_RAM_AMP_W
    main.o(i.main) refers to lze_lcd.o(i.LCD_WriteNumChar) for LCD_WriteNumChar
    main.o(i.main) refers to main.o(i.get_data) for get_data
    main.o(i.main) refers to main.o(i.clr_data) for clr_data
    main.o(i.main) refers to ad9910.o(i.AD9910_DRG_Fre_Init) for AD9910_DRG_Fre_Init
    main.o(i.main) refers to ad9910.o(i.AD9910_DRG_Freq_set) for AD9910_DRG_Freq_set
    main.o(i.main) refers to stm32f10x_gpio.o(i.GPIO_SetBits) for GPIO_SetBits
    main.o(i.main) refers to ad9910.o(i.AD9910_DRG_AMP_Init) for AD9910_DRG_AMP_Init
    main.o(i.main) refers to ad9910.o(i.AD9910_DRG_Amp_Set) for AD9910_DRG_Amp_Set
    main.o(i.main) refers to ad9910.o(i.AD9910_DRG_Pha_Init) for AD9910_DRG_Pha_Init
    main.o(i.main) refers to ad9910.o(i.AD9910_DRG_Pha_Set) for AD9910_DRG_Pha_Set
    main.o(i.main) refers to delay.o(i.Delay_250us) for Delay_250us
    main.o(i.main) refers to stm32f10x_gpio.o(i.GPIO_ResetBits) for GPIO_ResetBits
    main.o(i.main) refers to ad9910.o(i.AD9910_Osk_Init) for AD9910_Osk_Init
    main.o(i.main) refers to ad9910.o(i.AD9910_Osk_Set) for AD9910_Osk_Set
    main.o(i.main) refers to ad9910.o(i.Freq_convert) for Freq_convert
    main.o(i.main) refers to ad9910.o(i.AD9910_Init_Sin) for AD9910_Init_Sin
    main.o(i.main) refers to ad9910.o(i.Par_mod) for Par_mod
    ad9910.o(i.AD9910_DRG_AMP_Init) refers to stm32f10x_gpio.o(i.GPIO_ResetBits) for GPIO_ResetBits
    ad9910.o(i.AD9910_DRG_AMP_Init) refers to ad9910.o(i.Write_8bit) for Write_8bit
    ad9910.o(i.AD9910_DRG_AMP_Init) refers to stm32f10x_gpio.o(i.GPIO_SetBits) for GPIO_SetBits
    ad9910.o(i.AD9910_DRG_AMP_Init) refers to delay.o(i.Delay_ns) for Delay_ns
[...]
    startup_stm32f10x_hd.o(.text) refers to entry.o(.ARM.Collect$$$$00000000) for __main
    entry.o(.ARM.Collect$$$$00000000) refers (Special) to entry10a.o(.ARM.Collect$$$$0000000D) for __rt_final_cpp
    entry.o(.ARM.Collect$$$$00000000) refers (Special) to entry11a.o(.ARM.Collect$$$$0000000F) for __rt_final_exit
    entry.o(.ARM.Collect$$$$00000000) refers (Special) to entry7b.o(.ARM.Collect$$$$00000008) for _main_clock
    entry.o(.ARM.Collect$$$$00000000) refers (Special) to entry8b.o(.ARM.Collect$$$$0000000A) for _main_cpp_init
    entry.o(.ARM.Collect$$$$00000000) refers (Special) to entry9a.o(.ARM.Collect$$$$0000000B) for _main_init
    entry.o(.ARM.Collect$$$$00000000) refers (Special) to entry5.o(.ARM.Collect$$$$00000004) for _main_scatterload
    entry.o(.ARM.Collect$$$$00000000) refers (Special) to entry2.o(.ARM.Collect$$$$00000001) for _main_stk
    printfb.o(i.__0fprintf$bare) refers to printfb.o(i._printf_core) for _printf_core
    printfb.o(i.__0fprintf$bare) refers to fputc.o(i.fputc) for fputc
    printfb.o(i.__0printf$bare) refers to printfb.o(i._printf_core) for _printf_core
    printfb.o(i.__0printf$bare) refers to fputc.o(i.fputc) for fputc
    printfb.o(i.__0printf$bare) refers to stdout.o(.data) for __stdout
    printfb.o(i.__0snprintf$bare) refers to printfb.o(i._printf_core) for _printf_core
    printfb.o(i.__0snprintf$bare) refers to printfb.o(i._snputc) for _snputc
    printfb.o(i.__0sprintf$bare) refers to printfb.o(i._printf_core) for _printf_core
    printfb.o(i.__0sprintf$bare) refers to printfb.o(i._sputc) for _sputc
    printfb.o(i.__0vfprintf$bare) refers to printfb.o(i._printf_core) for _printf_core
    printfb.o(i.__0vfprintf$bare) refers to fputc.o(i.fputc) for fputc
    printfb.o(i.__0vprintf$bare) refers to printfb.o(i._printf_core) for _printf_core
    printfb.o(i.__0vprintf$bare) refers to fputc.o(i.fputc) for fputc
    printfb.o(i.__0vprintf$bare) refers to stdout.o(.data) for __stdout
    printfb.o(i.__0vsnprintf$bare) refers to printfb.o(i._printf_core) for _printf_core
    printfb.o(i.__0vsnprintf$bare) refers to printfb.o(i._snputc) for _snputc
    printfb.o(i.__0vsprintf$bare) refers to printfb.o(i._printf_core) for _printf_core
    printfb.o(i.__0vsprintf$bare) refers to printfb.o(i._sputc) for _sputc
    printf0.o(i.__0fprintf$0) refers to printf0.o(i._printf_core) for _printf_core
    printf0.o(i.__0fprintf$0) refers to fputc.o(i.fputc) for fputc
    printf0.o(i.__0printf$0) refers to printf0.o(i._printf_core) for _printf_core
    printf0.o(i.__0printf$0) refers to fputc.o(i.fputc) for fputc
    printf0.o(i.__0printf$0) refers to stdout.o(.data) for __stdout
    printf0.o(i.__0snprintf$0) refers to printf0.o(i._printf_core) for _printf_core
    printf0.o(i.__0snprintf$0) refers to printf0.o(i._snputc) for _snputc
    printf0.o(i.__0sprintf$0) refers to printf0.o(i._printf_core) for _printf_core
    printf0.o(i.__0sprintf$0) refers to printf0.o(i._sputc) for _sputc
    printf0.o(i.__0vfprintf$0) refers to printf0.o(i._printf_core) for _printf_core
    printf0.o(i.__0vfprintf$0) refers to fputc.o(i.fputc) for fputc
    printf0.o(i.__0vprintf$0) refers to printf0.o(i._printf_core) for _printf_core
    printf0.o(i.__0vprintf$0) refers to fputc.o(i.fputc) for fputc
    printf0.o(i.__0vprintf$0) refers to stdout.o(.data) for __stdout
    printf0.o(i.__0vsnprintf$0) refers to printf0.o(i._printf_core) for _printf_core
    printf0.o(i.__0vsnprintf$0) refers to printf0.o(i._snputc) for _snputc
    printf0.o(i.__0vsprintf$0) refers to printf0.o(i._printf_core) for _printf_core
    printf0.o(i.__0vsprintf$0) refers to printf0.o(i._sputc) for _sputc
    printf1.o(i.__0fprintf$1) refers to printf1.o(i._printf_core) for _printf_core
    printf1.o(i.__0fprintf$1) refers to fputc.o(i.fputc) for fputc
    printf1.o(i.__0printf$1) refers to printf1.o(i._printf_core) for _printf_core
    printf1.o(i.__0printf$1) refers to fputc.o(i.fputc) for fputc
    printf1.o(i.__0printf$1) refers to stdout.o(.data) for __stdout
    printf1.o(i.__0snprintf$1) refers to printf1.o(i._printf_core) for _printf_core
    printf1.o(i.__0snprintf$1) refers to printf1.o(i._snputc) for _snputc
    printf1.o(i.__0sprintf$1) refers to printf1.o(i._printf_core) for _printf_core
    printf1.o(i.__0sprintf$1) refers to printf1.o(i._sputc) for _sputc
    printf1.o(i.__0vfprintf$1) refers to printf1.o(i._printf_core) for _printf_core
    printf1.o(i.__0vfprintf$1) refers to fputc.o(i.fputc) for fputc
    printf1.o(i.__0vprintf$1) refers to printf1.o(i._printf_core) for _printf_core
    printf1.o(i.__0vprintf$1) refers to fputc.o(i.fputc) for fputc
    printf1.o(i.__0vprintf$1) refers to stdout.o(.data) for __stdout
    printf1.o(i.__0vsnprintf$1) refers to printf1.o(i._printf_core) for _printf_core
    printf1.o(i.__0vsnprintf$1) refers to printf1.o(i._snputc) for _snputc
    printf1.o(i.__0vsprintf$1) refers to printf1.o(i._printf_core) for _printf_core
    printf1.o(i.__0vsprintf$1) refers to printf1.o(i._sputc) for _sputc
    printf1.o(i._printf_core) refers to uidiv.o(.text) for __aeabi_uidivmod
    printf2.o(i.__0fprintf$2) refers to printf2.o(i._printf_core) for _printf_core
    printf2.o(i.__0fprintf$2) refers to fputc.o(i.fputc) for fputc
    printf2.o(i.__0printf$2) refers to printf2.o(i._printf_core) for _printf_core
    printf2.o(i.__0printf$2) refers to fputc.o(i.fputc) for fputc
    printf2.o(i.__0printf$2) refers to stdout.o(.data) for __stdout
    printf2.o(i.__0snprintf$2) refers to printf2.o(i._printf_core) for _printf_core
    printf2.o(i.__0snprintf$2) refers to printf2.o(i._snputc) for _snputc
    printf2.o(i.__0sprintf$2) refers to printf2.o(i._printf_core) for _printf_core
    printf2.o(i.__0sprintf$2) refers to printf2.o(i._sputc) for _sputc
    printf2.o(i.__0vfprintf$2) refers to printf2.o(i._printf_core) for _printf_core
    printf2.o(i.__0vfprintf$2) refers to fputc.o(i.fputc) for fputc
    printf2.o(i.__0vprintf$2) refers to printf2.o(i._printf_core) for _printf_core
    printf2.o(i.__0vprintf$2) refers to fputc.o(i.fputc) for fputc
    printf2.o(i.__0vprintf$2) refers to stdout.o(.data) for __stdout
    printf2.o(i.__0vsnprintf$2) refers to printf2.o(i._printf_core) for _printf_core
    printf2.o(i.__0vsnprintf$2) refers to printf2.o(i._snputc) for _snputc
    printf2.o(i.__0vsprintf$2) refers to printf2.o(i._printf_core) for _printf_core
    printf2.o(i.__0vsprintf$2) refers to printf2.o(i._sputc) for _sputc
    printf3.o(i.__0fprintf$3) refers to printf3.o(i._printf_core) for _printf_core
    printf3.o(i.__0fprintf$3) refers to fputc.o(i.fputc) for fputc
    printf3.o(i.__0printf$3) refers to printf3.o(i._printf_core) for _printf_core
    printf3.o(i.__0printf$3) refers to fputc.o(i.fputc) for fputc
    printf3.o(i.__0printf$3) refers to stdout.o(.data) for __stdout
    printf3.o(i.__0snprintf$3) refers to printf3.o(i._printf_core) for _printf_core
    printf3.o(i.__0snprintf$3) refers to printf3.o(i._snputc) for _snputc
    printf3.o(i.__0sprintf$3) refers to printf3.o(i._printf_core) for _printf_core
    printf3.o(i.__0sprintf$3) refers to printf3.o(i._sputc) for _sputc
    printf3.o(i.__0vfprintf$3) refers to printf3.o(i._printf_core) for _printf_core
    printf3.o(i.__0vfprintf$3) refers to fputc.o(i.fputc) for fputc
    printf3.o(i.__0vprintf$3) refers to printf3.o(i._printf_core) for _printf_core
    printf3.o(i.__0vprintf$3) refers to fputc.o(i.fputc) for fputc
    printf3.o(i.__0vprintf$3) refers to stdout.o(.data) for __stdout
    printf3.o(i.__0vsnprintf$3) refers to printf3.o(i._printf_core) for _printf_core
    printf3.o(i.__0vsnprintf$3) refers to printf3.o(i._snputc) for _snputc
    printf3.o(i.__0vsprintf$3) refers to printf3.o(i._printf_core) for _printf_core
    printf3.o(i.__0vsprintf$3) refers to printf3.o(i._sputc) for _sputc
    printf3.o(i._printf_core) refers to uidiv.o(.text) for __aeabi_uidivmod
    printf4.o(i.__0fprintf$4) refers to printf4.o(i._printf_core) for _printf_core
    printf4.o(i.__0fprintf$4) refers to fputc.o(i.fputc) for fputc
    printf4.o(i.__0printf$4) refers to printf4.o(i._printf_core) for _printf_core
    printf4.o(i.__0printf$4) refers to fputc.o(i.fputc) for fputc
    printf4.o(i.__0printf$4) refers to stdout.o(.data) for __stdout
    printf4.o(i.__0snprintf$4) refers to printf4.o(i._printf_core) for _printf_core
    printf4.o(i.__0snprintf$4) refers to printf4.o(i._snputc) for _snputc
    printf4.o(i.__0sprintf$4) refers to printf4.o(i._printf_core) for _printf_core
    printf4.o(i.__0sprintf$4) refers to printf4.o(i._sputc) for _sputc
    printf4.o(i.__0vfprintf$4) refers to printf4.o(i._printf_core) for _printf_core
    printf4.o(i.__0vfprintf$4) refers to fputc.o(i.fputc) for fputc
    printf4.o(i.__0vprintf$4) refers to printf4.o(i._printf_core) for _printf_core
    printf4.o(i.__0vprintf$4) refers to fputc.o(i.fputc) for fputc
    printf4.o(i.__0vprintf$4) refers to stdout.o(.data) for __stdout
    printf4.o(i.__0vsnprintf$4) refers to printf4.o(i._printf_core) for _printf_core
    printf4.o(i.__0vsnprintf$4) refers to printf4.o(i._snputc) for _snputc
    printf4.o(i.__0vsprintf$4) refers to printf4.o(i._printf_core) for _printf_core
    printf4.o(i.__0vsprintf$4) refers to printf4.o(i._sputc) for _sputc
    printf4.o(i._printf_core) refers to uldiv.o(.text) for __aeabi_uldivmod
    printf5.o(i.__0fprintf$5) refers to printf5.o(i._printf_core) for _printf_core
    printf5.o(i.__0fprintf$5) refers to fputc.o(i.fputc) for fputc
    printf5.o(i.__0printf$5) refers to printf5.o(i._printf_core) for _printf_core
    printf5.o(i.__0printf$5) refers to fputc.o(i.fputc) for fputc
    printf5.o(i.__0printf$5) refers to stdout.o(.data) for __stdout
    printf5.o(i.__0snprintf$5) refers to printf5.o(i._printf_core) for _printf_core
    printf5.o(i.__0snprintf$5) refers to printf5.o(i._snputc) for _snputc
    printf5.o(i.__0sprintf$5) refers to printf5.o(i._printf_core) for _printf_core
    printf5.o(i.__0sprintf$5) refers to printf5.o(i._sputc) for _sputc
    printf5.o(i.__0vfprintf$5) refers to printf5.o(i._printf_core) for _printf_core
    printf5.o(i.__0vfprintf$5) refers to fputc.o(i.fputc) for fputc
    printf5.o(i.__0vprintf$5) refers to printf5.o(i._printf_core) for _printf_core
    printf5.o(i.__0vprintf$5) refers to fputc.o(i.fputc) for fputc
    printf5.o(i.__0vprintf$5) refers to stdout.o(.data) for __stdout
    printf5.o(i.__0vsnprintf$5) refers to printf5.o(i._printf_core) for _printf_core
    printf5.o(i.__0vsnprintf$5) refers to printf5.o(i._snputc) for _snputc
    printf5.o(i.__0vsprintf$5) refers to printf5.o(i._printf_core) for _printf_core
    printf5.o(i.__0vsprintf$5) refers to printf5.o(i._sputc) for _sputc
    printf5.o(i._printf_core) refers to uldiv.o(.text) for __aeabi_uldivmod
    printf6.o(i.__0fprintf$6) refers to printf6.o(i._printf_core) for _printf_core
    printf6.o(i.__0fprintf$6) refers to fputc.o(i.fputc) for fputc
    printf6.o(i.__0printf$6) refers to printf6.o(i._printf_core) for _printf_core
    printf6.o(i.__0printf$6) refers to fputc.o(i.fputc) for fputc
    printf6.o(i.__0printf$6) refers to stdout.o(.data) for __stdout
    printf6.o(i.__0snprintf$6) refers to printf6.o(i._printf_core) for _printf_core
    printf6.o(i.__0snprintf$6) refers to printf6.o(i._snputc) for _snputc
    printf6.o(i.__0sprintf$6) refers to printf6.o(i._printf_core) for _printf_core
    printf6.o(i.__0sprintf$6) refers to printf6.o(i._sputc) for _sputc
    printf6.o(i.__0vfprintf$6) refers to printf6.o(i._printf_core) for _printf_core
    printf6.o(i.__0vfprintf$6) refers to fputc.o(i.fputc) for fputc
    printf6.o(i.__0vprintf$6) refers to printf6.o(i._printf_core) for _printf_core
    printf6.o(i.__0vprintf$6) refers to fputc.o(i.fputc) for fputc
    printf6.o(i.__0vprintf$6) refers to stdout.o(.data) for __stdout
    printf6.o(i.__0vsnprintf$6) refers to printf6.o(i._printf_core) for _printf_core
    printf6.o(i.__0vsnprintf$6) refers to printf6.o(i._snputc) for _snputc
    printf6.o(i.__0vsprintf$6) refers to printf6.o(i._printf_core) for _printf_core
    printf6.o(i.__0vsprintf$6) refers to printf6.o(i._sputc) for _sputc
    printf6.o(i._printf_core) refers to printf6.o(i._printf_pre_padding) for _printf_pre_padding
    printf6.o(i._printf_core) refers to uidiv.o(.text) for __aeabi_uidivmod
    printf6.o(i._printf_core) refers to printf6.o(i._printf_post_padding) for _printf_post_padding
    printf7.o(i.__0fprintf$7) refers to printf7.o(i._printf_core) for _printf_core
    printf7.o(i.__0fprintf$7) refers to fputc.o(i.fputc) for fputc
    printf7.o(i.__0printf$7) refers to printf7.o(i._printf_core) for _printf_core
    printf7.o(i.__0printf$7) refers to fputc.o(i.fputc) for fputc
    printf7.o(i.__0printf$7) refers to stdout.o(.data) for __stdout
    printf7.o(i.__0snprintf$7) refers to printf7.o(i._printf_core) for _printf_core
    printf7.o(i.__0snprintf$7) refers to printf7.o(i._snputc) for _snputc
    printf7.o(i.__0sprintf$7) refers to printf7.o(i._printf_core) for _printf_core
    printf7.o(i.__0sprintf$7) refers to printf7.o(i._sputc) for _sputc
    printf7.o(i.__0vfprintf$7) refers to printf7.o(i._printf_core) for _printf_core
    printf7.o(i.__0vfprintf$7) refers to fputc.o(i.fputc) for fputc
    printf7.o(i.__0vprintf$7) refers to printf7.o(i._printf_core) for _printf_core
    printf7.o(i.__0vprintf$7) refers to fputc.o(i.fputc) for fputc
    printf7.o(i.__0vprintf$7) refers to stdout.o(.data) for __stdout
    printf7.o(i.__0vsnprintf$7) refers to printf7.o(i._printf_core) for _printf_core
    printf7.o(i.__0vsnprintf$7) refers to printf7.o(i._snputc) for _snputc
    printf7.o(i.__0vsprintf$7) refers to printf7.o(i._printf_core) for _printf_core
    printf7.o(i.__0vsprintf$7) refers to printf7.o(i._sputc) for _sputc
    printf7.o(i._printf_core) refers to printf7.o(i._printf_pre_padding) for _printf_pre_padding
    printf7.o(i._printf_core) refers to uldiv.o(.text) for __aeabi_uldivmod
    printf7.o(i._printf_core) refers to printf7.o(i._printf_post_padding) for _printf_post_padding
    printf8.o(i.__0fprintf$8) refers to printf8.o(i._printf_core) for _printf_core
    printf8.o(i.__0fprintf$8) refers to fputc.o(i.fputc) for fputc
    printf8.o(i.__0printf$8) refers to printf8.o(i._printf_core) for _printf_core
    printf8.o(i.__0printf$8) refers to fputc.o(i.fputc) for fputc
    printf8.o(i.__0printf$8) refers to stdout.o(.data) for __stdout
    printf8.o(i.__0snprintf$8) refers to printf8.o(i._printf_core) for _printf_core
    printf8.o(i.__0snprintf$8) refers to printf8.o(i._snputc) for _snputc
    printf8.o(i.__0sprintf$8) refers to printf8.o(i._printf_core) for _printf_core
    printf8.o(i.__0sprintf$8) refers to printf8.o(i._sputc) for _sputc
    printf8.o(i.__0vfprintf$8) refers to printf8.o(i._printf_core) for _printf_core
    printf8.o(i.__0vfprintf$8) refers to fputc.o(i.fputc) for fputc
    printf8.o(i.__0vprintf$8) refers to printf8.o(i._printf_core) for _printf_core
    printf8.o(i.__0vprintf$8) refers to fputc.o(i.fputc) for fputc
    printf8.o(i.__0vprintf$8) refers to stdout.o(.data) for __stdout
    printf8.o(i.__0vsnprintf$8) refers to printf8.o(i._printf_core) for _printf_core
    printf8.o(i.__0vsnprintf$8) refers to printf8.o(i._snputc) for _snputc
    printf8.o(i.__0vsprintf$8) refers to printf8.o(i._printf_core) for _printf_core
    printf8.o(i.__0vsprintf$8) refers to printf8.o(i._sputc) for _sputc
    printf8.o(i._printf_core) refers to printf8.o(i._printf_pre_padding) for _printf_pre_padding
    printf8.o(i._printf_core) refers to uldiv.o(.text) for __aeabi_uldivmod
    printf8.o(i._printf_core) refers to printf8.o(i._printf_post_padding) for _printf_post_padding
    printfa.o(i.__0fprintf) refers (Special) to iusefp.o(.text) for __I$use$fp
    printfa.o(i.__0fprintf) refers to printfa.o(i._printf_core) for _printf_core
    printfa.o(i.__0fprintf) refers to fputc.o(i.fputc) for fputc
    printfa.o(i.__0printf) refers (Special) to iusefp.o(.text) for __I$use$fp
    printfa.o(i.__0printf) refers to printfa.o(i._printf_core) for _printf_core
    printfa.o(i.__0printf) refers to fputc.o(i.fputc) for fputc
    printfa.o(i.__0printf) refers to stdout.o(.data) for __stdout
    printfa.o(i.__0snprintf) refers (Special) to iusefp.o(.text) for __I$use$fp
    printfa.o(i.__0snprintf) refers to printfa.o(i._printf_core) for _printf_core
    printfa.o(i.__0snprintf) refers to printfa.o(i._snputc) for _snputc
    printfa.o(i.__0sprintf) refers (Special) to iusefp.o(.text) for __I$use$fp
    printfa.o(i.__0sprintf) refers to printfa.o(i._printf_core) for _printf_core
    printfa.o(i.__0sprintf) refers to printfa.o(i._sputc) for _sputc
    printfa.o(i.__0vfprintf) refers (Special) to iusefp.o(.text) for __I$use$fp
    printfa.o(i.__0vfprintf) refers to printfa.o(i._printf_core) for _printf_core
    printfa.o(i.__0vfprintf) refers to fputc.o(i.fputc) for fputc
    printfa.o(i.__0vprintf) refers (Special) to iusefp.o(.text) for __I$use$fp
    printfa.o(i.__0vprintf) refers to printfa.o(i._printf_core) for _printf_core
    printfa.o(i.__0vprintf) refers to fputc.o(i.fputc) for fputc
    printfa.o(i.__0vprintf) refers to stdout.o(.data) for __stdout
    printfa.o(i.__0vsnprintf) refers (Special) to iusefp.o(.text) for __I$use$fp
    printfa.o(i.__0vsnprintf) refers to printfa.o(i._printf_core) for _printf_core
    printfa.o(i.__0vsnprintf) refers to printfa.o(i._snputc) for _snputc
    printfa.o(i.__0vsprintf) refers (Special) to iusefp.o(.text) for __I$use$fp
    printfa.o(i.__0vsprintf) refers to printfa.o(i._printf_core) for _printf_core
    printfa.o(i.__0vsprintf) refers to printfa.o(i._sputc) for _sputc
    printfa.o(i._fp_digits) refers (Special) to iusefp.o(.text) for __I$use$fp
    printfa.o(i._fp_digits) refers to dmul.o(.text) for __aeabi_dmul
    printfa.o(i._fp_digits) refers to ddiv.o(.text) for __aeabi_ddiv
    printfa.o(i._fp_digits) refers to cdrcmple.o(.text) for __aeabi_cdrcmple
    printfa.o(i._fp_digits) refers to dadd.o(.text) for __aeabi_dadd
    printfa.o(i._fp_digits) refers to dfixul.o(.text) for __aeabi_d2ulz
    printfa.o(i._fp_digits) refers to uldiv.o(.text) for __aeabi_uldivmod
    printfa.o(i._printf_core) refers (Special) to iusefp.o(.text) for __I$use$fp
    printfa.o(i._printf_core) refers to printfa.o(i._printf_pre_padding) for _printf_pre_padding
    printfa.o(i._printf_core) refers to uldiv.o(.text) for __aeabi_uldivmod
    printfa.o(i._printf_core) refers to printfa.o(i._printf_post_padding) for _printf_post_padding
    printfa.o(i._printf_core) refers to printfa.o(i._fp_digits) for _fp_digits
    printfa.o(i._printf_core) refers to uidiv.o(.text) for __aeabi_uidivmod
    printfa.o(i._printf_post_padding) refers (Special) to iusefp.o(.text) for __I$use$fp
    printfa.o(i._printf_pre_padding) refers (Special) to iusefp.o(.text) for __I$use$fp
    printfa.o(i._snputc) refers (Special) to iusefp.o(.text) for __I$use$fp
    printfa.o(i._sputc) refers (Special) to iusefp.o(.text) for __I$use$fp
    dmul.o(.text) refers (Special) to iusefp.o(.text) for __I$use$fp
    dmul.o(.text) refers to depilogue.o(.text) for _double_epilogue
    dfltui.o(.text) refers (Special) to iusefp.o(.text) for __I$use$fp
    dfltui.o(.text) refers to depilogue.o(.text) for _double_epilogue
    dfixui.o(.text) refers (Special) to iusefp.o(.text) for __I$use$fp
    dfixui.o(.text) refers to llushr.o(.text) for __aeabi_llsr
    entry2.o(.ARM.Collect$$$$00000001) refers to entry2.o(.ARM.Collect$$$$00002712) for __lit__00000000
    entry2.o(.ARM.Collect$$$$00002712) refers to startup_stm32f10x_hd.o(STACK) for __initial_sp
    entry2.o(__vectab_stack_and_reset_area) refers to startup_stm32f10x_hd.o(STACK) for __initial_sp
    entry2.o(__vectab_stack_and_reset_area) refers to entry.o(.ARM.Collect$$$$00000000) for __main
    entry5.o(.ARM.Collect$$$$00000004) refers to init.o(.text) for __scatterload
    entry9a.o(.ARM.Collect$$$$0000000B) refers to main.o(i.main) for main
    entry9b.o(.ARM.Collect$$$$0000000C) refers to main.o(i.main) for main
    fputc.o(i.fputc) refers (Special) to iusesemip.o(.text) for __I$use$semihosting$fputc
    fputc.o(i.fputc) refers (Special) to semi.o(.text) for __semihosting_library_function
    uldiv.o(.text) refers to llushr.o(.text) for __aeabi_llsr
    uldiv.o(.text) refers to llshl.o(.text) for __aeabi_llsl
    depilogue.o(.text) refers to llshl.o(.text) for __aeabi_llsl
    depilogue.o(.text) refers to llushr.o(.text) for __aeabi_llsr
    dadd.o(.text) refers to llshl.o(.text) for __aeabi_llsl
    dadd.o(.text) refers to llsshr.o(.text) for __aeabi_lasr
    dadd.o(.text) refers to depilogue.o(.text) for _double_epilogue
    ddiv.o(.text) refers to depilogue.o(.text) for _double_round
    dfixul.o(.text) refers to llushr.o(.text) for __aeabi_llsr
    dfixul.o(.text) refers to llshl.o(.text) for __aeabi_llsl
    init.o(.text) refers to entry5.o(.ARM.Collect$$$$00000004) for __main_after_scatterload


==============================================================================

Removing Unused input sections from the image.

    Removing main.o(.bss), (10 bytes).
    Removing delay.o(i.Delay), (18 bytes).
    Removing delay.o(i.Delay_10us), (36 bytes).
    Removing delay.o(i.Delay_1us), (26 bytes).
    Removing delay.o(i.Delay_2us), (26 bytes).
    Removing delay.o(i.Delay_5ms), (38 bytes).
    Removing delay.o(i.Delay_882us), (26 bytes).
    Removing delay.o(i.TimingDelay_Decrement), (2 bytes).
    Removing ad9910.o(i.AD9910_Parallel_Profile_Init), (172 bytes).
    Removing ad9910.o(i.AD9910_Parallel_Profile_Set), (2 bytes).
    Removing ad9910.o(i.AD9910_RAM_RAMP_UP_ONE_AMP_R), (184 bytes).
    Removing ad9910.o(i.AD9910_RAM_RAMP_UP_ONE_Fre_R), (184 bytes).
    Removing ad9910.o(i.AD9910_RAM_RAMP_UP_ONE_PHA_R), (184 bytes).
    Removing ad9910.o(i.AD9910_RAM_WAVE_AMP_R), (184 bytes).
    Removing ad9910.o(i.Amp_convert), (16 bytes).
    Removing ad9910.o(i.GPIO_Parallel_init), (124 bytes).
    Removing lze_lcd.o(i.LCD_DisplayOff), (36 bytes).
    Removing lze_lcd.o(i.LCD_DisplayOn), (40 bytes).
    Removing lze_lcd.o(i.LCD_DotLine_H), (38 bytes).
    Removing lze_lcd.o(i.LCD_DotLine_V), (38 bytes).
    Removing lze_lcd.o(i.LCD_DrawDotHLine), (100 bytes).
    Removing lze_lcd.o(i.LCD_DrawDotVLine), (100 bytes).
    Removing lze_lcd.o(i.LCD_DrawFullRect), (80 bytes).
    Removing lze_lcd.o(i.LCD_DrawHLine), (72 bytes).
    Removing lze_lcd.o(i.LCD_DrawMonoPict), (124 bytes).
    Removing lze_lcd.o(i.LCD_DrawRect), (64 bytes).
    Removing lze_lcd.o(i.LCD_DrawRgbPict), (92 bytes).
    Removing lze_lcd.o(i.LCD_DrawVLine), (72 bytes).
    Removing lze_lcd.o(i.LCD_FillBox), (48 bytes).
    Removing lze_lcd.o(i.LCD_GetColors), (24 bytes).
    Removing lze_lcd.o(i.LCD_LineBox), (48 bytes).
    Removing lze_lcd.o(i.LCD_Line_H), (40 bytes).
    Removing lze_lcd.o(i.LCD_Line_V), (40 bytes).
    Removing lze_lcd.o(i.LCD_PowerOn), (136 bytes).
    Removing lze_lcd.o(i.LCD_SetBackColor), (16 bytes).
    Removing lze_lcd.o(i.LCD_SetPoint), (136 bytes).
    Removing lze_lcd.o(i.LCD_SetTextColor), (16 bytes).
    Removing lze_lcd.o(i.LCD_WindowModeDisable), (28 bytes).
    Removing lze_lcd.o(i.LCD_WriteChinese24x24string), (68 bytes).
    Removing lze_lcd.o(i.LCD_WriteNumInt), (52 bytes).
    Removing lze_lcd.o(i.PutPixel), (56 bytes).
    Removing misc.o(i.NVIC_Init), (112 bytes).
    Removing misc.o(i.NVIC_PriorityGroupConfig), (20 bytes).
    Removing misc.o(i.NVIC_SetVectorTable), (20 bytes).
    Removing misc.o(i.NVIC_SystemLPConfig), (32 bytes).
    Removing misc.o(i.SysTick_CLKSourceConfig), (40 bytes).
    Removing stm32f10x_gpio.o(i.GPIO_AFIODeInit), (20 bytes).
    Removing stm32f10x_gpio.o(i.GPIO_DeInit), (200 bytes).
    Removing stm32f10x_gpio.o(i.GPIO_ETH_MediaInterfaceConfig), (12 bytes).
    Removing stm32f10x_gpio.o(i.GPIO_EXTILineConfig), (64 bytes).
    Removing stm32f10x_gpio.o(i.GPIO_EventOutputCmd), (12 bytes).
    Removing stm32f10x_gpio.o(i.GPIO_EventOutputConfig), (32 bytes).
    Removing stm32f10x_gpio.o(i.GPIO_PinLockConfig), (18 bytes).
    Removing stm32f10x_gpio.o(i.GPIO_PinRemapConfig), (144 bytes).
    Removing stm32f10x_gpio.o(i.GPIO_ReadInputData), (8 bytes).
    Removing stm32f10x_gpio.o(i.GPIO_ReadOutputDataBit), (18 bytes).
    Removing stm32f10x_gpio.o(i.GPIO_StructInit), (16 bytes).
    Removing stm32f10x_gpio.o(i.GPIO_Write), (4 bytes).
    Removing stm32f10x_gpio.o(i.GPIO_WriteBit), (10 bytes).
    Removing stm32f10x_rcc.o(i.RCC_ADCCLKConfig), (24 bytes).
    Removing stm32f10x_rcc.o(i.RCC_APB1PeriphClockCmd), (32 bytes).
    Removing stm32f10x_rcc.o(i.RCC_APB1PeriphResetCmd), (32 bytes).
    Removing stm32f10x_rcc.o(i.RCC_APB2PeriphResetCmd), (32 bytes).
    Removing stm32f10x_rcc.o(i.RCC_AdjustHSICalibrationValue), (24 bytes).
    Removing stm32f10x_rcc.o(i.RCC_BackupResetCmd), (12 bytes).
    Removing stm32f10x_rcc.o(i.RCC_ClearFlag), (20 bytes).
    Removing stm32f10x_rcc.o(i.RCC_ClearITPendingBit), (12 bytes).
    Removing stm32f10x_rcc.o(i.RCC_ClockSecuritySystemCmd), (12 bytes).
    Removing stm32f10x_rcc.o(i.RCC_DeInit), (76 bytes).
    Removing stm32f10x_rcc.o(i.RCC_GetClocksFreq), (212 bytes).
    Removing stm32f10x_rcc.o(i.RCC_GetFlagStatus), (60 bytes).
    Removing stm32f10x_rcc.o(i.RCC_GetITStatus), (24 bytes).
    Removing stm32f10x_rcc.o(i.RCC_GetSYSCLKSource), (16 bytes).
    Removing stm32f10x_rcc.o(i.RCC_HCLKConfig), (24 bytes).
    Removing stm32f10x_rcc.o(i.RCC_HSEConfig), (76 bytes).
    Removing stm32f10x_rcc.o(i.RCC_HSICmd), (12 bytes).
    Removing stm32f10x_rcc.o(i.RCC_ITConfig), (32 bytes).
    Removing stm32f10x_rcc.o(i.RCC_LSEConfig), (52 bytes).
    Removing stm32f10x_rcc.o(i.RCC_LSICmd), (12 bytes).
    Removing stm32f10x_rcc.o(i.RCC_MCOConfig), (12 bytes).
    Removing stm32f10x_rcc.o(i.RCC_PCLK1Config), (24 bytes).
    Removing stm32f10x_rcc.o(i.RCC_PCLK2Config), (24 bytes).
    Removing stm32f10x_rcc.o(i.RCC_PLLCmd), (12 bytes).
    Removing stm32f10x_rcc.o(i.RCC_PLLConfig), (28 bytes).
    Removing stm32f10x_rcc.o(i.RCC_RTCCLKCmd), (12 bytes).
    Removing stm32f10x_rcc.o(i.RCC_RTCCLKConfig), (16 bytes).
    Removing stm32f10x_rcc.o(i.RCC_SYSCLKConfig), (24 bytes).
    Removing stm32f10x_rcc.o(i.RCC_USBCLKConfig), (12 bytes).
    Removing stm32f10x_rcc.o(i.RCC_WaitForHSEStartUp), (56 bytes).
    Removing stm32f10x_rcc.o(.data), (20 bytes).
    Removing stm32f10x_fsmc.o(i.FSMC_ClearFlag), (64 bytes).
    Removing stm32f10x_fsmc.o(i.FSMC_ClearITPendingBit), (72 bytes).
    Removing stm32f10x_fsmc.o(i.FSMC_GetECC), (28 bytes).
    Removing stm32f10x_fsmc.o(i.FSMC_GetFlagStatus), (56 bytes).
    Removing stm32f10x_fsmc.o(i.FSMC_GetITStatus), (68 bytes).
    Removing stm32f10x_fsmc.o(i.FSMC_ITConfig), (128 bytes).
    Removing stm32f10x_fsmc.o(i.FSMC_NANDCmd), (92 bytes).
    Removing stm32f10x_fsmc.o(i.FSMC_NANDDeInit), (68 bytes).
    Removing stm32f10x_fsmc.o(i.FSMC_NANDECCCmd), (92 bytes).
    Removing stm32f10x_fsmc.o(i.FSMC_NANDInit), (136 bytes).
    Removing stm32f10x_fsmc.o(i.FSMC_NANDStructInit), (54 bytes).
    Removing stm32f10x_fsmc.o(i.FSMC_NORSRAMDeInit), (54 bytes).
    Removing stm32f10x_fsmc.o(i.FSMC_NORSRAMStructInit), (114 bytes).
    Removing stm32f10x_fsmc.o(i.FSMC_PCCARDCmd), (48 bytes).
    Removing stm32f10x_fsmc.o(i.FSMC_PCCARDDeInit), (40 bytes).
    Removing stm32f10x_fsmc.o(i.FSMC_PCCARDInit), (132 bytes).
    Removing stm32f10x_fsmc.o(i.FSMC_PCCARDStructInit), (60 bytes).
    Removing core_cm3.o(.emb_text), (32 bytes).
    Removing system_stm32f10x.o(i.SystemCoreClockUpdate), (164 bytes).
    Removing system_stm32f10x.o(.data), (20 bytes).
    Removing startup_stm32f10x_hd.o(HEAP), (512 bytes).
    Removing dadd.o(.text), (334 bytes).
    Removing ddiv.o(.text), (222 bytes).
    Removing dfixul.o(.text), (48 bytes).
    Removing cdrcmple.o(.text), (48 bytes).

115 unused section(s) (total 7300 bytes) removed from the image.

==============================================================================

Image Symbol Table

    Local Symbols

    Symbol Name                              Value     Ov Type        Size  Object(Section)

    ../clib/../cmprslib/lz77c.c              0x00000000   Number         0  __dclz77c.o ABSOLUTE
    ../clib/microlib/division.c              0x00000000   Number         0  uldiv.o ABSOLUTE
    ../clib/microlib/division.c              0x00000000   Number         0  uidiv.o ABSOLUTE
    ../clib/microlib/init/entry.s            0x00000000   Number         0  entry11b.o ABSOLUTE
    ../clib/microlib/init/entry.s            0x00000000   Number         0  entry9a.o ABSOLUTE
    ../clib/microlib/init/entry.s            0x00000000   Number         0  entry11a.o ABSOLUTE
    ../clib/microlib/init/entry.s            0x00000000   Number         0  entry10b.o ABSOLUTE
    ../clib/microlib/init/entry.s            0x00000000   Number         0  entry9b.o ABSOLUTE
    ../clib/microlib/init/entry.s            0x00000000   Number         0  entry.o ABSOLUTE
    ../clib/microlib/init/entry.s            0x00000000   Number         0  entry7a.o ABSOLUTE
    ../clib/microlib/init/entry.s            0x00000000   Number         0  entry2.o ABSOLUTE
    ../clib/microlib/init/entry.s            0x00000000   Number         0  entry5.o ABSOLUTE
    ../clib/microlib/init/entry.s            0x00000000   Number         0  entry10a.o ABSOLUTE
    ../clib/microlib/init/entry.s            0x00000000   Number         0  entry7b.o ABSOLUTE
    ../clib/microlib/init/entry.s            0x00000000   Number         0  entry8a.o ABSOLUTE
    ../clib/microlib/init/entry.s            0x00000000   Number         0  entry8b.o ABSOLUTE
    ../clib/microlib/longlong.c              0x00000000   Number         0  llshl.o ABSOLUTE
    ../clib/microlib/longlong.c              0x00000000   Number         0  llsshr.o ABSOLUTE
    ../clib/microlib/longlong.c              0x00000000   Number         0  llushr.o ABSOLUTE
    ../clib/microlib/printf/printf.c         0x00000000   Number         0  printf0.o ABSOLUTE
    ../clib/microlib/printf/printf.c         0x00000000   Number         0  printfb.o ABSOLUTE
    ../clib/microlib/printf/printf.c         0x00000000   Number         0  printf2.o ABSOLUTE
    ../clib/microlib/printf/printf.c         0x00000000   Number         0  printf3.o ABSOLUTE
    ../clib/microlib/printf/printf.c         0x00000000   Number         0  printf4.o ABSOLUTE
    ../clib/microlib/printf/printf.c         0x00000000   Number         0  printf5.o ABSOLUTE
    ../clib/microlib/printf/printf.c         0x00000000   Number         0  printf6.o ABSOLUTE
    ../clib/microlib/printf/printf.c         0x00000000   Number         0  printf7.o ABSOLUTE
    ../clib/microlib/printf/printf.c         0x00000000   Number         0  printf8.o ABSOLUTE
    ../clib/microlib/printf/printf.c         0x00000000   Number         0  printfa.o ABSOLUTE
    ../clib/microlib/printf/printf.c         0x00000000   Number         0  printf1.o ABSOLUTE
    ../clib/microlib/printf/stubs.s          0x00000000   Number         0  stubs.o ABSOLUTE
    ../clib/microlib/stdio/fputc.c           0x00000000   Number         0  fputc.o ABSOLUTE
    ../clib/microlib/stdio/semi.s            0x00000000   Number         0  semi.o ABSOLUTE
    ../clib/microlib/stdio/streams.c         0x00000000   Number         0  stdout.o ABSOLUTE
    ../clib/microlib/stubs.s                 0x00000000   Number         0  iusefp.o ABSOLUTE
    ../clib/microlib/stubs.s                 0x00000000   Number         0  iusesemip.o ABSOLUTE
    ../fplib/microlib/fpadd.c                0x00000000   Number         0  dadd.o ABSOLUTE
    ../fplib/microlib/fpdiv.c                0x00000000   Number         0  ddiv.o ABSOLUTE
    ../fplib/microlib/fpepilogue.c           0x00000000   Number         0  depilogue.o ABSOLUTE
    ../fplib/microlib/fpfix.c                0x00000000   Number         0  dfixui.o ABSOLUTE
    ../fplib/microlib/fpfix.c                0x00000000   Number         0  dfixul.o ABSOLUTE
    ../fplib/microlib/fpflt.c                0x00000000   Number         0  dfltui.o ABSOLUTE
    ../fplib/microlib/fpmul.c                0x00000000   Number         0  dmul.o ABSOLUTE
    ..\CMSIS\CoreSupport\core_cm3.c          0x00000000   Number         0  core_cm3.o ABSOLUTE
    ..\CMSIS\DeviceSupport\STM32F10x\startup_stm32f10x_hd.s 0x00000000   Number         0  startup_stm32f10x_hd.o ABSOLUTE
    ..\CMSIS\DeviceSupport\STM32F10x\system_stm32f10x.c 0x00000000   Number         0  system_stm32f10x.o ABSOLUTE
    ..\STM32F10x_StdPeriph_Driver\src\misc.c 0x00000000   Number         0  misc.o ABSOLUTE
    ..\STM32F10x_StdPeriph_Driver\src\stm32f10x_fsmc.c 0x00000000   Number         0  stm32f10x_fsmc.o ABSOLUTE
    ..\STM32F10x_StdPeriph_Driver\src\stm32f10x_gpio.c 0x00000000   Number         0  stm32f10x_gpio.o ABSOLUTE
    ..\STM32F10x_StdPeriph_Driver\src\stm32f10x_rcc.c 0x00000000   Number         0  stm32f10x_rcc.o ABSOLUTE
    ..\User\AD9910.c                         0x00000000   Number         0  ad9910.o ABSOLUTE
    ..\User\Delay.c                          0x00000000   Number         0  delay.o ABSOLUTE
    ..\User\PeripheralInit.c                 0x00000000   Number         0  peripheralinit.o ABSOLUTE
    ..\User\key.c                            0x00000000   Number         0  key.o ABSOLUTE
    ..\User\lze_lcd.c                        0x00000000   Number         0  lze_lcd.o ABSOLUTE
    ..\User\main.c                           0x00000000   Number         0  main.o ABSOLUTE
    ..\\CMSIS\\CoreSupport\\core_cm3.c       0x00000000   Number         0  core_cm3.o ABSOLUTE
    cdrcmple.s                               0x00000000   Number         0  cdrcmple.o ABSOLUTE
    dc.s                                     0x00000000   Number         0  dc.o ABSOLUTE
    handlers.s                               0x00000000   Number         0  handlers.o ABSOLUTE
    init.s                                   0x00000000   Number         0  init.o ABSOLUTE
    RESET                                    0x08000000   Section      304  startup_stm32f10x_hd.o(RESET)
    .ARM.Collect$$$$00000000                 0x08000130   Section        0  entry.o(.ARM.Collect$$$$00000000)
    .ARM.Collect$$$$00000001                 0x08000130   Section        4  entry2.o(.ARM.Collect$$$$00000001)
    .ARM.Collect$$$$00000004                 0x08000134   Section        4  entry5.o(.ARM.Collect$$$$00000004)
    .ARM.Collect$$$$00000008                 0x08000138   Section        0  entry7b.o(.ARM.Collect$$$$00000008)
    .ARM.Collect$$$$0000000A                 0x08000138   Section        0  entry8b.o(.ARM.Collect$$$$0000000A)
    .ARM.Collect$$$$0000000B                 0x08000138   Section        8  entry9a.o(.ARM.Collect$$$$0000000B)
    .ARM.Collect$$$$0000000D                 0x08000140   Section        0  entry10a.o(.ARM.Collect$$$$0000000D)
    .ARM.Collect$$$$0000000F                 0x08000140   Section        0  entry11a.o(.ARM.Collect$$$$0000000F)
    .ARM.Collect$$$$00002712                 0x08000140   Section        4  entry2.o(.ARM.Collect$$$$00002712)
    __lit__00000000                          0x08000140   Data           4  entry2.o(.ARM.Collect$$$$00002712)
    .text                                    0x08000144   Section       36  startup_stm32f10x_hd.o(.text)
    .text                                    0x08000168   Section        0  dmul.o(.text)
    .text                                    0x0800024c   Section        0  dfltui.o(.text)
    .text                                    0x08000266   Section        0  dfixui.o(.text)
    .text                                    0x08000298   Section        0  uldiv.o(.text)
    .text                                    0x080002fa   Section        0  llushr.o(.text)
    .text                                    0x0800031a   Section        0  depilogue.o(.text)
    .text                                    0x0800031a   Section        0  iusefp.o(.text)
    .text                                    0x080003d4   Section       36  init.o(.text)
    .text                                    0x080003f8   Section        0  llshl.o(.text)
    .text                                    0x08000416   Section        0  __dclz77c.o(.text)
    i.AD9910_DRG_AMP_Init                    0x08000474   Section        0  ad9910.o(i.AD9910_DRG_AMP_Init)
    i.AD9910_DRG_Amp_Set                     0x08000520   Section        0  ad9910.o(i.AD9910_DRG_Amp_Set)
    i.AD9910_DRG_Fre_Init                    0x080006a0   Section        0  ad9910.o(i.AD9910_DRG_Fre_Init)
    i.AD9910_DRG_Freq_set                    0x0800074c   Section        0  ad9910.o(i.AD9910_DRG_Freq_set)
    i.AD9910_DRG_Pha_Init                    0x08000918   Section        0  ad9910.o(i.AD9910_DRG_Pha_Init)
    i.AD9910_DRG_Pha_Set                     0x080009c4   Section        0  ad9910.o(i.AD9910_DRG_Pha_Set)
    i.AD9910_Init                            0x08000b70   Section        0  ad9910.o(i.AD9910_Init)
    i.AD9910_Init_Sin                        0x08000c24   Section        0  ad9910.o(i.AD9910_Init_Sin)
    i.AD9910_Osk_Init                        0x08000dc8   Section        0  ad9910.o(i.AD9910_Osk_Init)
    i.AD9910_Osk_Set                         0x08000e74   Section        0  ad9910.o(i.AD9910_Osk_Set)
    i.AD9910_RAM_AMP_W                       0x08000ee4   Section        0  ad9910.o(i.AD9910_RAM_AMP_W)
    i.AD9910_RAM_BID_RAMP_AMP_R              0x08001000   Section        0  ad9910.o(i.AD9910_RAM_BID_RAMP_AMP_R)
    i.AD9910_RAM_BID_RAMP_Fre_R              0x080010b8   Section        0  ad9910.o(i.AD9910_RAM_BID_RAMP_Fre_R)
    i.AD9910_RAM_BID_RAMP_PHA_R              0x0800127c   Section        0  ad9910.o(i.AD9910_RAM_BID_RAMP_PHA_R)
    i.AD9910_RAM_CON_BID_RAMP_AMP_R          0x08001334   Section        0  ad9910.o(i.AD9910_RAM_CON_BID_RAMP_AMP_R)
    i.AD9910_RAM_CON_BID_RAMP_Fre_R          0x080013ec   Section        0  ad9910.o(i.AD9910_RAM_CON_BID_RAMP_Fre_R)
    i.AD9910_RAM_CON_BID_RAMP_PHA_R          0x080014a4   Section        0  ad9910.o(i.AD9910_RAM_CON_BID_RAMP_PHA_R)
    i.AD9910_RAM_CON_RECIR_AMP_R             0x0800155c   Section        0  ad9910.o(i.AD9910_RAM_CON_RECIR_AMP_R)
    i.AD9910_RAM_CON_RECIR_Fre_R             0x08001614   Section        0  ad9910.o(i.AD9910_RAM_CON_RECIR_Fre_R)
    i.AD9910_RAM_CON_RECIR_PHA_R             0x080016cc   Section        0  ad9910.o(i.AD9910_RAM_CON_RECIR_PHA_R)
    i.AD9910_RAM_DIR_AMP_R                   0x08001784   Section        0  ad9910.o(i.AD9910_RAM_DIR_AMP_R)
    i.AD9910_RAM_DIR_Fre_R                   0x08001948   Section        0  ad9910.o(i.AD9910_RAM_DIR_Fre_R)
    i.AD9910_RAM_DIR_PHA_R                   0x08001b0c   Section        0  ad9910.o(i.AD9910_RAM_DIR_PHA_R)
    i.AD9910_RAM_Fre_W                       0x08001cd0   Section        0  ad9910.o(i.AD9910_RAM_Fre_W)
    i.AD9910_RAM_Init                        0x08001e28   Section        0  ad9910.o(i.AD9910_RAM_Init)
    i.AD9910_RAM_Pha_W                       0x08001f14   Section        0  ad9910.o(i.AD9910_RAM_Pha_W)
    i.AD9910_RAM_RAMP_UP_TWO_AMP_R           0x08002030   Section        0  ad9910.o(i.AD9910_RAM_RAMP_UP_TWO_AMP_R)
    i.AD9910_RAM_RAMP_UP_TWO_Fre_R           0x080021f4   Section        0  ad9910.o(i.AD9910_RAM_RAMP_UP_TWO_Fre_R)
    i.AD9910_RAM_RAMP_UP_TWO_PHA_R           0x080023b8   Section        0  ad9910.o(i.AD9910_RAM_RAMP_UP_TWO_PHA_R)
    i.AD9910_RAM_ZB_Fre_Init                 0x0800257c   Section        0  ad9910.o(i.AD9910_RAM_ZB_Fre_Init)
    i.AD9910_RAM_ZB_Fre_Set                  0x08002628   Section        0  ad9910.o(i.AD9910_RAM_ZB_Fre_Set)
    i.AD9910_Singal_Profile_Init             0x080026dc   Section        0  ad9910.o(i.AD9910_Singal_Profile_Init)
    i.AD9910_Singal_Profile_Set              0x08002788   Section        0  ad9910.o(i.AD9910_Singal_Profile_Set)
    i.AD9910_WAVE_RAM_AMP_W                  0x08002894   Section        0  ad9910.o(i.AD9910_WAVE_RAM_AMP_W)
    i.Delay_1ms                              0x080029dc   Section        0  delay.o(i.Delay_1ms)
    i.Delay_250us                            0x08002a00   Section        0  delay.o(i.Delay_250us)
    i.Delay_50ms                             0x08002a24   Section        0  delay.o(i.Delay_50ms)
    i.Delay_ns                               0x08002a4c   Section        0  delay.o(i.Delay_ns)
    i.FSMC_NORSRAMCmd                        0x08002a58   Section        0  stm32f10x_fsmc.o(i.FSMC_NORSRAMCmd)
    i.FSMC_NORSRAMInit                       0x08002a8c   Section        0  stm32f10x_fsmc.o(i.FSMC_NORSRAMInit)
    i.Freq_convert                           0x08002b74   Section        0  ad9910.o(i.Freq_convert)
    i.GPIO_Init                              0x08002bb4   Section        0  stm32f10x_gpio.o(i.GPIO_Init)
    i.GPIO_Init_AD9910                       0x08002ccc   Section        0  ad9910.o(i.GPIO_Init_AD9910)
    i.GPIO_ReadInputDataBit                  0x08002d68   Section        0  stm32f10x_gpio.o(i.GPIO_ReadInputDataBit)
    i.GPIO_ReadOutputData                    0x08002d7a   Section        0  stm32f10x_gpio.o(i.GPIO_ReadOutputData)
    i.GPIO_ResetBits                         0x08002d82   Section        0  stm32f10x_gpio.o(i.GPIO_ResetBits)
    i.GPIO_SetBits                           0x08002d86   Section        0  stm32f10x_gpio.o(i.GPIO_SetBits)
    i.GetChineseCode                         0x08002d8c   Section        0  lze_lcd.o(i.GetChineseCode)
    i.Key_Init                               0x08002de8   Section        0  key.o(i.Key_Init)
    i.Key_Scan                               0x08002e14   Section        0  key.o(i.Key_Scan)
    i.LCD_Clear                              0x08002ebc   Section        0  lze_lcd.o(i.LCD_Clear)
    i.LCD_CtrlLinesConfig                    0x08002ef8   Section        0  lze_lcd.o(i.LCD_CtrlLinesConfig)
    i.LCD_DisplayChar                        0x08002f6c   Section        0  lze_lcd.o(i.LCD_DisplayChar)
    i.LCD_DisplayChineseChar                 0x08002fb0   Section        0  lze_lcd.o(i.LCD_DisplayChineseChar)
    i.LCD_DisplayString                      0x08002fd4   Section        0  lze_lcd.o(i.LCD_DisplayString)
    i.LCD_Display_Dir                        0x08003050   Section        0  lze_lcd.o(i.LCD_Display_Dir)
    i.LCD_DrawChar                           0x0800319c   Section        0  lze_lcd.o(i.LCD_DrawChar)
    LCD_DrawChar                             0x0800319d   Thumb Code   140  lze_lcd.o(i.LCD_DrawChar)
    i.LCD_DrawChineseChar                    0x08003238   Section        0  lze_lcd.o(i.LCD_DrawChineseChar)
    LCD_DrawChineseChar                      0x08003239   Thumb Code   164  lze_lcd.o(i.LCD_DrawChineseChar)
    i.LCD_FSMCConfig                         0x080032ec   Section        0  lze_lcd.o(i.LCD_FSMCConfig)
    i.LCD_Init                               0x08003358   Section        0  lze_lcd.o(i.LCD_Init)
    i.LCD_ReadRAM                            0x080037ec   Section        0  lze_lcd.o(i.LCD_ReadRAM)
    i.LCD_ReadReg                            0x080037f8   Section        0  lze_lcd.o(i.LCD_ReadReg)
    i.LCD_SetColors                          0x08003808   Section        0  lze_lcd.o(i.LCD_SetColors)
    i.LCD_SetCursor                          0x08003824   Section        0  lze_lcd.o(i.LCD_SetCursor)
    LCD_SetCursor                            0x08003825   Thumb Code   100  lze_lcd.o(i.LCD_SetCursor)
    i.LCD_SetDisplayWindow                   0x0800388c   Section        0  lze_lcd.o(i.LCD_SetDisplayWindow)
    i.LCD_SetFont                            0x08003a1c   Section        0  lze_lcd.o(i.LCD_SetFont)
    i.LCD_WR_DATA                            0x08003a30   Section        0  lze_lcd.o(i.LCD_WR_DATA)
    i.LCD_WR_REG                             0x08003a3c   Section        0  lze_lcd.o(i.LCD_WR_REG)
    i.LCD_WriteNumChar                       0x08003a48   Section        0  lze_lcd.o(i.LCD_WriteNumChar)
    i.LCD_WriteNumLong                       0x08003a7c   Section        0  lze_lcd.o(i.LCD_WriteNumLong)
    i.LCD_WriteRAM                           0x08003ab4   Section        0  lze_lcd.o(i.LCD_WriteRAM)
    i.LCD_WriteRAM_Prepare                   0x08003ac0   Section        0  lze_lcd.o(i.LCD_WriteRAM_Prepare)
    i.LCD_WriteReg                           0x08003ad4   Section        0  lze_lcd.o(i.LCD_WriteReg)
    i.LCD_WriteString                        0x08003ae4   Section        0  lze_lcd.o(i.LCD_WriteString)
    i.Par_mod                                0x08003b0c   Section        0  ad9910.o(i.Par_mod)
    i.PeripheralInit                         0x08003d00   Section        0  peripheralinit.o(i.PeripheralInit)
    i.RCC_AHBPeriphClockCmd                  0x08003d10   Section        0  stm32f10x_rcc.o(i.RCC_AHBPeriphClockCmd)
    i.RCC_APB2PeriphClockCmd                 0x08003d30   Section        0  stm32f10x_rcc.o(i.RCC_APB2PeriphClockCmd)
    i.SetSysClock                            0x08003d50   Section        0  system_stm32f10x.o(i.SetSysClock)
    SetSysClock                              0x08003d51   Thumb Code     8  system_stm32f10x.o(i.SetSysClock)
    i.SetSysClockTo72                        0x08003d58   Section        0  system_stm32f10x.o(i.SetSysClockTo72)
    SetSysClockTo72                          0x08003d59   Thumb Code   214  system_stm32f10x.o(i.SetSysClockTo72)
    i.Set_Profile                            0x08003e38   Section        0  ad9910.o(i.Set_Profile)
    i.SystemInit                             0x08003f68   Section        0  system_stm32f10x.o(i.SystemInit)
    i.Write_32bit                            0x08003fc8   Section        0  ad9910.o(i.Write_32bit)
    i.Write_8bit                             0x0800401c   Section        0  ad9910.o(i.Write_8bit)
    i.__0sprintf$7                           0x08004070   Section        0  printf7.o(i.__0sprintf$7)
    i.__scatterload_copy                     0x08004098   Section       14  handlers.o(i.__scatterload_copy)
    i.__scatterload_null                     0x080040a6   Section        2  handlers.o(i.__scatterload_null)
    i.__scatterload_zeroinit                 0x080040a8   Section       14  handlers.o(i.__scatterload_zeroinit)
    i._printf_core                           0x080040b8   Section        0  printf7.o(i._printf_core)
    _printf_core                             0x080040b9   Thumb Code   814  printf7.o(i._printf_core)
    i._printf_post_padding                   0x080043ec   Section        0  printf7.o(i._printf_post_padding)
    _printf_post_padding                     0x080043ed   Thumb Code    36  printf7.o(i._printf_post_padding)
    i._printf_pre_padding                    0x08004410   Section        0  printf7.o(i._printf_pre_padding)
    _printf_pre_padding                      0x08004411   Thumb Code    46  printf7.o(i._printf_pre_padding)
    i._sputc                                 0x0800443e   Section        0  printf7.o(i._sputc)
    _sputc                                   0x0800443f   Thumb Code    10  printf7.o(i._sputc)
    i.clr_data                               0x08004448   Section        0  main.o(i.clr_data)
    i.get_data                               0x0800445c   Section        0  main.o(i.get_data)
    i.main                                   0x08004480   Section        0  main.o(i.main)
    .constdata                               0x08007424   Section    30830  lze_lcd.o(.constdata)
    .data                                    0x20000000   Section      696  main.o(.data)
    DataStr                                  0x20000000   Data          12  main.o(.data)
    TimeStr                                  0x2000000c   Data           9  main.o(.data)
    .data                                    0x200002b8   Section    20532  ad9910.o(.data)
    .data                                    0x200052ec   Section       76  lze_lcd.o(.data)
    .bss                                     0x20005338   Section       16  lze_lcd.o(.bss)
    STACK                                    0x20005348   Section     1024  startup_stm32f10x_hd.o(STACK)

    Global Symbols

    Symbol Name                              Value     Ov Type        Size  Object(Section)

    BuildAttributes$$THM_ISAv4$P$D$K$B$S$PE$A:L22UL41UL21$X:L11$S22US41US21$IEEE1$IW$USESV6$~STKCKD$USESV7$~SHL$OSPACE$ROPI$EBA8$MICROLIB$REQ8$PRES8$EABIv2 0x00000000   Number         0  anon$$obj.o ABSOLUTE
    __ARM_use_no_argv                        0x00000000   Number         0  main.o ABSOLUTE
    _printf_a                                0x00000000   Number         0  stubs.o ABSOLUTE
    _printf_c                                0x00000000   Number         0  stubs.o ABSOLUTE
    _printf_charcount                        0x00000000   Number         0  stubs.o ABSOLUTE
    _printf_d                                0x00000000   Number         0  stubs.o ABSOLUTE
    _printf_e                                0x00000000   Number         0  stubs.o ABSOLUTE
    _printf_f                                0x00000000   Number         0  stubs.o ABSOLUTE
    _printf_flags                            0x00000000   Number         0  stubs.o ABSOLUTE
    _printf_fp_dec                           0x00000000   Number         0  stubs.o ABSOLUTE
    _printf_fp_hex                           0x00000000   Number         0  stubs.o ABSOLUTE
    _printf_g                                0x00000000   Number         0  stubs.o ABSOLUTE
    _printf_i                                0x00000000   Number         0  stubs.o ABSOLUTE
    _printf_int_dec                          0x00000000   Number         0  stubs.o ABSOLUTE
    _printf_l                                0x00000000   Number         0  stubs.o ABSOLUTE
    _printf_lc                               0x00000000   Number         0  stubs.o ABSOLUTE
    _printf_ll                               0x00000000   Number         0  stubs.o ABSOLUTE
    _printf_lld                              0x00000000   Number         0  stubs.o ABSOLUTE
    _printf_lli                              0x00000000   Number         0  stubs.o ABSOLUTE
    _printf_llo                              0x00000000   Number         0  stubs.o ABSOLUTE
    _printf_llu                              0x00000000   Number         0  stubs.o ABSOLUTE
    _printf_llx                              0x00000000   Number         0  stubs.o ABSOLUTE
    _printf_longlong_dec                     0x00000000   Number         0  stubs.o ABSOLUTE
    _printf_longlong_hex                     0x00000000   Number         0  stubs.o ABSOLUTE
    _printf_longlong_oct                     0x00000000   Number         0  stubs.o ABSOLUTE
    _printf_ls                               0x00000000   Number         0  stubs.o ABSOLUTE
    _printf_mbtowc                           0x00000000   Number         0  stubs.o ABSOLUTE
    _printf_n                                0x00000000   Number         0  stubs.o ABSOLUTE
    _printf_o                                0x00000000   Number         0  stubs.o ABSOLUTE
    _printf_p                                0x00000000   Number         0  stubs.o ABSOLUTE
    _printf_percent                          0x00000000   Number         0  stubs.o ABSOLUTE
    _printf_pre_padding                      0x00000000   Number         0  stubs.o ABSOLUTE
    _printf_return_value                     0x00000000   Number         0  stubs.o ABSOLUTE
    _printf_s                                0x00000000   Number         0  stubs.o ABSOLUTE
    _printf_sizespec                         0x00000000   Number         0  stubs.o ABSOLUTE
    _printf_str                              0x00000000   Number         0  stubs.o ABSOLUTE
    _printf_truncate_signed                  0x00000000   Number         0  stubs.o ABSOLUTE
    _printf_truncate_unsigned                0x00000000   Number         0  stubs.o ABSOLUTE
    _printf_u                                0x00000000   Number         0  stubs.o ABSOLUTE
    _printf_wc                               0x00000000   Number         0  stubs.o ABSOLUTE
    _printf_wctomb                           0x00000000   Number         0  stubs.o ABSOLUTE
    _printf_widthprec                        0x00000000   Number         0  stubs.o ABSOLUTE
    _printf_x                                0x00000000   Number         0  stubs.o ABSOLUTE
    __cpp_initialize__aeabi_                  - Undefined Weak Reference
    __cxa_finalize                            - Undefined Weak Reference
    _clock_init                               - Undefined Weak Reference
    _microlib_exit                            - Undefined Weak Reference
    __Vectors_Size                           0x00000130   Number         0  startup_stm32f10x_hd.o ABSOLUTE
    __Vectors                                0x08000000   Data           4  startup_stm32f10x_hd.o(RESET)
    __Vectors_End                            0x08000130   Data           0  startup_stm32f10x_hd.o(RESET)
    __main                                   0x08000131   Thumb Code     0  entry.o(.ARM.Collect$$$$00000000)
    _main_stk                                0x08000131   Thumb Code     0  entry2.o(.ARM.Collect$$$$00000001)
    _main_scatterload                        0x08000135   Thumb Code     0  entry5.o(.ARM.Collect$$$$00000004)
    __main_after_scatterload                 0x08000139   Thumb Code     0  entry5.o(.ARM.Collect$$$$00000004)
    _main_clock                              0x08000139   Thumb Code     0  entry7b.o(.ARM.Collect$$$$00000008)
    _main_cpp_init                           0x08000139   Thumb Code     0  entry8b.o(.ARM.Collect$$$$0000000A)
    _main_init                               0x08000139   Thumb Code     0  entry9a.o(.ARM.Collect$$$$0000000B)
    __rt_final_cpp                           0x08000141   Thumb Code     0  entry10a.o(.ARM.Collect$$$$0000000D)
    __rt_final_exit                          0x08000141   Thumb Code     0  entry11a.o(.ARM.Collect$$$$0000000F)
    Reset_Handler                            0x08000145   Thumb Code     8  startup_stm32f10x_hd.o(.text)
    NMI_Handler                              0x0800014d   Thumb Code     2  startup_stm32f10x_hd.o(.text)
    HardFault_Handler                        0x0800014f   Thumb Code     2  startup_stm32f10x_hd.o(.text)
    MemManage_Handler                        0x08000151   Thumb Code     2  startup_stm32f10x_hd.o(.text)
    BusFault_Handler                         0x08000153   Thumb Code     2  startup_stm32f10x_hd.o(.text)
    UsageFault_Handler                       0x08000155   Thumb Code     2  startup_stm32f10x_hd.o(.text)
    SVC_Handler                              0x08000157   Thumb Code     2  startup_stm32f10x_hd.o(.text)
    DebugMon_Handler                         0x08000159   Thumb Code     2  startup_stm32f10x_hd.o(.text)
    PendSV_Handler                           0x0800015b   Thumb Code     2  startup_stm32f10x_hd.o(.text)
    SysTick_Handler                          0x0800015d   Thumb Code     2  startup_stm32f10x_hd.o(.text)
    ADC1_2_IRQHandler                        0x0800015f   Thumb Code     0  startup_stm32f10x_hd.o(.text)
    ADC3_IRQHandler                          0x0800015f   Thumb Code     0  startup_stm32f10x_hd.o(.text)
    CAN1_RX1_IRQHandler                      0x0800015f   Thumb Code     0  startup_stm32f10x_hd.o(.text)
    CAN1_SCE_IRQHandler                      0x0800015f   Thumb Code     0  startup_stm32f10x_hd.o(.text)
    DMA1_Channel1_IRQHandler                 0x0800015f   Thumb Code     0  startup_stm32f10x_hd.o(.text)
    DMA1_Channel2_IRQHandler                 0x0800015f   Thumb Code     0  startup_stm32f10x_hd.o(.text)
    DMA1_Channel3_IRQHandler                 0x0800015f   Thumb Code     0  startup_stm32f10x_hd.o(.text)
    DMA1_Channel4_IRQHandler                 0x0800015f   Thumb Code     0  startup_stm32f10x_hd.o(.text)
    DMA1_Channel5_IRQHandler                 0x0800015f   Thumb Code     0  startup_stm32f10x_hd.o(.text)
    DMA1_Channel6_IRQHandler                 0x0800015f   Thumb Code     0  startup_stm32f10x_hd.o(.text)
    DMA1_Channel7_IRQHandler                 0x0800015f   Thumb Code     0  startup_stm32f10x_hd.o(.text)
    DMA2_Channel1_IRQHandler                 0x0800015f   Thumb Code     0  startup_stm32f10x_hd.o(.text)
    DMA2_Channel2_IRQHandler                 0x0800015f   Thumb Code     0  startup_stm32f10x_hd.o(.text)
    DMA2_Channel3_IRQHandler                 0x0800015f   Thumb Code     0  startup_stm32f10x_hd.o(.text)
    DMA2_Channel4_5_IRQHandler               0x0800015f   Thumb Code     0  startup_stm32f10x_hd.o(.text)
    EXTI0_IRQHandler                         0x0800015f   Thumb Code     0  startup_stm32f10x_hd.o(.text)
    EXTI15_10_IRQHandler                     0x0800015f   Thumb Code     0  startup_stm32f10x_hd.o(.text)
    EXTI1_IRQHandler                         0x0800015f   Thumb Code     0  startup_stm32f10x_hd.o(.text)
    EXTI2_IRQHandler                         0x0800015f   Thumb Code     0  startup_stm32f10x_hd.o(.text)
    EXTI3_IRQHandler                         0x0800015f   Thumb Code     0  startup_stm32f10x_hd.o(.text)
    EXTI4_IRQHandler                         0x0800015f   Thumb Code     0  startup_stm32f10x_hd.o(.text)
    EXTI9_5_IRQHandler                       0x0800015f   Thumb Code     0  startup_stm32f10x_hd.o(.text)
    FLASH_IRQHandler                         0x0800015f   Thumb Code     0  startup_stm32f10x_hd.o(.text)
    FSMC_IRQHandler                          0x0800015f   Thumb Code     0  startup_stm32f10x_hd.o(.text)
    I2C1_ER_IRQHandler                       0x0800015f   Thumb Code     0  startup_stm32f10x_hd.o(.text)
    I2C1_EV_IRQHandler                       0x0800015f   Thumb Code     0  startup_stm32f10x_hd.o(.text)
    I2C2_ER_IRQHandler                       0x0800015f   Thumb Code     0  startup_stm32f10x_hd.o(.text)
    I2C2_EV_IRQHandler                       0x0800015f   Thumb Code     0  startup_stm32f10x_hd.o(.text)
    PVD_IRQHandler                           0x0800015f   Thumb Code     0  startup_stm32f10x_hd.o(.text)
    RCC_IRQHandler                           0x0800015f   Thumb Code     0  startup_stm32f10x_hd.o(.text)
    RTCAlarm_IRQHandler                      0x0800015f   Thumb Code     0  startup_stm32f10x_hd.o(.text)
    RTC_IRQHandler                           0x0800015f   Thumb Code     0  startup_stm32f10x_hd.o(.text)
    SDIO_IRQHandler                          0x0800015f   Thumb Code     0  startup_stm32f10x_hd.o(.text)
    SPI1_IRQHandler                          0x0800015f   Thumb Code     0  startup_stm32f10x_hd.o(.text)
    SPI2_IRQHandler                          0x0800015f   Thumb Code     0  startup_stm32f10x_hd.o(.text)
    SPI3_IRQHandler                          0x0800015f   Thumb Code     0  startup_stm32f10x_hd.o(.text)
    TAMPER_IRQHandler                        0x0800015f   Thumb Code     0  startup_stm32f10x_hd.o(.text)
    TIM1_BRK_IRQHandler                      0x0800015f   Thumb Code     0  startup_stm32f10x_hd.o(.text)
    TIM1_CC_IRQHandler                       0x0800015f   Thumb Code     0  startup_stm32f10x_hd.o(.text)
    TIM1_TRG_COM_IRQHandler                  0x0800015f   Thumb Code     0  startup_stm32f10x_hd.o(.text)
    TIM1_UP_IRQHandler                       0x0800015f   Thumb Code     0  startup_stm32f10x_hd.o(.text)
    TIM2_IRQHandler                          0x0800015f   Thumb Code     0  startup_stm32f10x_hd.o(.text)
    TIM3_IRQHandler                          0x0800015f   Thumb Code     0  startup_stm32f10x_hd.o(.text)
    TIM4_IRQHandler                          0x0800015f   Thumb Code     0  startup_stm32f10x_hd.o(.text)
    TIM5_IRQHandler                          0x0800015f   Thumb Code     0  startup_stm32f10x_hd.o(.text)
    TIM6_IRQHandler                          0x0800015f   Thumb Code     0  startup_stm32f10x_hd.o(.text)
    TIM7_IRQHandler                          0x0800015f   Thumb Code     0  startup_stm32f10x_hd.o(.text)
    TIM8_BRK_IRQHandler                      0x0800015f   Thumb Code     0  startup_stm32f10x_hd.o(.text)
    TIM8_CC_IRQHandler                       0x0800015f   Thumb Code     0  startup_stm32f10x_hd.o(.text)
    TIM8_TRG_COM_IRQHandler                  0x0800015f   Thumb Code     0  startup_stm32f10x_hd.o(.text)
    TIM8_UP_IRQHandler                       0x0800015f   Thumb Code     0  startup_stm32f10x_hd.o(.text)
    UART4_IRQHandler                         0x0800015f   Thumb Code     0  startup_stm32f10x_hd.o(.text)
    UART5_IRQHandler                         0x0800015f   Thumb Code     0  startup_stm32f10x_hd.o(.text)
    USART1_IRQHandler                        0x0800015f   Thumb Code     0  startup_stm32f10x_hd.o(.text)
    USART2_IRQHandler                        0x0800015f   Thumb Code     0  startup_stm32f10x_hd.o(.text)
    USART3_IRQHandler                        0x0800015f   Thumb Code     0  startup_stm32f10x_hd.o(.text)
    USBWakeUp_IRQHandler                     0x0800015f   Thumb Code     0  startup_stm32f10x_hd.o(.text)
    USB_HP_CAN1_TX_IRQHandler                0x0800015f   Thumb Code     0  startup_stm32f10x_hd.o(.text)
    USB_LP_CAN1_RX0_IRQHandler               0x0800015f   Thumb Code     0  startup_stm32f10x_hd.o(.text)
    WWDG_IRQHandler                          0x0800015f   Thumb Code     0  startup_stm32f10x_hd.o(.text)
    __aeabi_dmul                             0x08000169   Thumb Code   228  dmul.o(.text)
    __aeabi_ui2d                             0x0800024d   Thumb Code    26  dfltui.o(.text)
    __aeabi_d2uiz                            0x08000267   Thumb Code    50  dfixui.o(.text)
    __aeabi_uldivmod                         0x08000299   Thumb Code    98  uldiv.o(.text)
    __aeabi_llsr                             0x080002fb   Thumb Code    32  llushr.o(.text)
    _ll_ushift_r                             0x080002fb   Thumb Code     0  llushr.o(.text)
    __I$use$fp                               0x0800031b   Thumb Code     0  iusefp.o(.text)
    _double_round                            0x0800031b   Thumb Code    30  depilogue.o(.text)
    _double_epilogue                         0x08000339   Thumb Code   156  depilogue.o(.text)
    __scatterload                            0x080003d5   Thumb Code    28  init.o(.text)
    __scatterload_rt2                        0x080003d5   Thumb Code     0  init.o(.text)
    __aeabi_llsl                             0x080003f9   Thumb Code    30  llshl.o(.text)
    _ll_shift_l                              0x080003f9   Thumb Code     0  llshl.o(.text)
    __decompress                             0x08000417   Thumb Code     0  __dclz77c.o(.text)
    __decompress2                            0x08000417   Thumb Code    94  __dclz77c.o(.text)
    AD9910_DRG_AMP_Init                      0x08000475   Thumb Code   158  ad9910.o(i.AD9910_DRG_AMP_Init)
    AD9910_DRG_Amp_Set                       0x08000521   Thumb Code   368  ad9910.o(i.AD9910_DRG_Amp_Set)
    AD9910_DRG_Fre_Init                      0x080006a1   Thumb Code   158  ad9910.o(i.AD9910_DRG_Fre_Init)
    AD9910_DRG_Freq_set                      0x0800074d   Thumb Code   436  ad9910.o(i.AD9910_DRG_Freq_set)
    AD9910_DRG_Pha_Init                      0x08000919   Thumb Code   158  ad9910.o(i.AD9910_DRG_Pha_Init)
    AD9910_DRG_Pha_Set                       0x080009c5   Thumb Code   402  ad9910.o(i.AD9910_DRG_Pha_Set)
    AD9910_Init                              0x08000b71   Thumb Code   166  ad9910.o(i.AD9910_Init)
    AD9910_Init_Sin                          0x08000c25   Thumb Code   390  ad9910.o(i.AD9910_Init_Sin)
    AD9910_Osk_Init                          0x08000dc9   Thumb Code   158  ad9910.o(i.AD9910_Osk_Init)
    AD9910_Osk_Set                           0x08000e75   Thumb Code   102  ad9910.o(i.AD9910_Osk_Set)
    AD9910_RAM_AMP_W                         0x08000ee5   Thumb Code   262  ad9910.o(i.AD9910_RAM_AMP_W)
    AD9910_RAM_BID_RAMP_AMP_R                0x08001001   Thumb Code   166  ad9910.o(i.AD9910_RAM_BID_RAMP_AMP_R)
    AD9910_RAM_BID_RAMP_Fre_R                0x080010b9   Thumb Code   402  ad9910.o(i.AD9910_RAM_BID_RAMP_Fre_R)
    AD9910_RAM_BID_RAMP_PHA_R                0x0800127d   Thumb Code   166  ad9910.o(i.AD9910_RAM_BID_RAMP_PHA_R)
    AD9910_RAM_CON_BID_RAMP_AMP_R            0x08001335   Thumb Code   166  ad9910.o(i.AD9910_RAM_CON_BID_RAMP_AMP_R)
    AD9910_RAM_CON_BID_RAMP_Fre_R            0x080013ed   Thumb Code   166  ad9910.o(i.AD9910_RAM_CON_BID_RAMP_Fre_R)
    AD9910_RAM_CON_BID_RAMP_PHA_R            0x080014a5   Thumb Code   166  ad9910.o(i.AD9910_RAM_CON_BID_RAMP_PHA_R)
    AD9910_RAM_CON_RECIR_AMP_R               0x0800155d   Thumb Code   166  ad9910.o(i.AD9910_RAM_CON_RECIR_AMP_R)
    AD9910_RAM_CON_RECIR_Fre_R               0x08001615   Thumb Code   166  ad9910.o(i.AD9910_RAM_CON_RECIR_Fre_R)
    AD9910_RAM_CON_RECIR_PHA_R               0x080016cd   Thumb Code   166  ad9910.o(i.AD9910_RAM_CON_RECIR_PHA_R)
    AD9910_RAM_DIR_AMP_R                     0x08001785   Thumb Code   402  ad9910.o(i.AD9910_RAM_DIR_AMP_R)
    AD9910_RAM_DIR_Fre_R                     0x08001949   Thumb Code   402  ad9910.o(i.AD9910_RAM_DIR_Fre_R)
    AD9910_RAM_DIR_PHA_R                     0x08001b0d   Thumb Code   402  ad9910.o(i.AD9910_RAM_DIR_PHA_R)
    AD9910_RAM_Fre_W                         0x08001cd1   Thumb Code   318  ad9910.o(i.AD9910_RAM_Fre_W)
    AD9910_RAM_Init                          0x08001e29   Thumb Code   216  ad9910.o(i.AD9910_RAM_Init)
    AD9910_RAM_Pha_W                         0x08001f15   Thumb Code   262  ad9910.o(i.AD9910_RAM_Pha_W)
    AD9910_RAM_RAMP_UP_TWO_AMP_R             0x08002031   Thumb Code   402  ad9910.o(i.AD9910_RAM_RAMP_UP_TWO_AMP_R)
    AD9910_RAM_RAMP_UP_TWO_Fre_R             0x080021f5   Thumb Code   402  ad9910.o(i.AD9910_RAM_RAMP_UP_TWO_Fre_R)
    AD9910_RAM_RAMP_UP_TWO_PHA_R             0x080023b9   Thumb Code   402  ad9910.o(i.AD9910_RAM_RAMP_UP_TWO_PHA_R)
    AD9910_RAM_ZB_Fre_Init                   0x0800257d   Thumb Code   158  ad9910.o(i.AD9910_RAM_ZB_Fre_Init)
    AD9910_RAM_ZB_Fre_Set                    0x08002629   Thumb Code   162  ad9910.o(i.AD9910_RAM_ZB_Fre_Set)
    AD9910_Singal_Profile_Init               0x080026dd   Thumb Code   158  ad9910.o(i.AD9910_Singal_Profile_Init)
    AD9910_Singal_Profile_Set                0x08002789   Thumb Code   242  ad9910.o(i.AD9910_Singal_Profile_Set)
    AD9910_WAVE_RAM_AMP_W                    0x08002895   Thumb Code   300  ad9910.o(i.AD9910_WAVE_RAM_AMP_W)
    Delay_1ms                                0x080029dd   Thumb Code    36  delay.o(i.Delay_1ms)
    Delay_250us                              0x08002a01   Thumb Code    36  delay.o(i.Delay_250us)
    Delay_50ms                               0x08002a25   Thumb Code    40  delay.o(i.Delay_50ms)
    Delay_ns                                 0x08002a4d   Thumb Code    12  delay.o(i.Delay_ns)
    FSMC_NORSRAMCmd                          0x08002a59   Thumb Code    46  stm32f10x_fsmc.o(i.FSMC_NORSRAMCmd)
    FSMC_NORSRAMInit                         0x08002a8d   Thumb Code   230  stm32f10x_fsmc.o(i.FSMC_NORSRAMInit)
    Freq_convert                             0x08002b75   Thumb Code    50  ad9910.o(i.Freq_convert)
    GPIO_Init                                0x08002bb5   Thumb Code   278  stm32f10x_gpio.o(i.GPIO_Init)
    GPIO_Init_AD9910                         0x08002ccd   Thumb Code   144  ad9910.o(i.GPIO_Init_AD9910)
    GPIO_ReadInputDataBit                    0x08002d69   Thumb Code    18  stm32f10x_gpio.o(i.GPIO_ReadInputDataBit)
    GPIO_ReadOutputData                      0x08002d7b   Thumb Code     8  stm32f10x_gpio.o(i.GPIO_ReadOutputData)
    GPIO_ResetBits                           0x08002d83   Thumb Code     4  stm32f10x_gpio.o(i.GPIO_ResetBits)
    GPIO_SetBits                             0x08002d87   Thumb Code     4  stm32f10x_gpio.o(i.GPIO_SetBits)
    GetChineseCode                           0x08002d8d   Thumb Code    88  lze_lcd.o(i.GetChineseCode)
    Key_Init                                 0x08002de9   Thumb Code    38  key.o(i.Key_Init)
    Key_Scan                                 0x08002e15   Thumb Code   164  key.o(i.Key_Scan)
    LCD_Clear                                0x08002ebd   Thumb Code    50  lze_lcd.o(i.LCD_Clear)
    LCD_CtrlLinesConfig                      0x08002ef9   Thumb Code   106  lze_lcd.o(i.LCD_CtrlLinesConfig)
    LCD_DisplayChar                          0x08002f6d   Thumb Code    62  lze_lcd.o(i.LCD_DisplayChar)
    LCD_DisplayChineseChar                   0x08002fb1   Thumb Code    34  lze_lcd.o(i.LCD_DisplayChineseChar)
    LCD_DisplayString                        0x08002fd5   Thumb Code   110  lze_lcd.o(i.LCD_DisplayString)
    LCD_Display_Dir                          0x08003051   Thumb Code   328  lze_lcd.o(i.LCD_Display_Dir)
    LCD_FSMCConfig                           0x080032ed   Thumb Code   108  lze_lcd.o(i.LCD_FSMCConfig)
    LCD_Init                                 0x08003359   Thumb Code  1154  lze_lcd.o(i.LCD_Init)
    LCD_ReadRAM                              0x080037ed   Thumb Code     6  lze_lcd.o(i.LCD_ReadRAM)
    LCD_ReadReg                              0x080037f9   Thumb Code    12  lze_lcd.o(i.LCD_ReadReg)
    LCD_SetColors                            0x08003809   Thumb Code    20  lze_lcd.o(i.LCD_SetColors)
    LCD_SetDisplayWindow                     0x0800388d   Thumb Code   396  lze_lcd.o(i.LCD_SetDisplayWindow)
    LCD_SetFont                              0x08003a1d   Thumb Code    10  lze_lcd.o(i.LCD_SetFont)
    LCD_WR_DATA                              0x08003a31   Thumb Code     6  lze_lcd.o(i.LCD_WR_DATA)
    LCD_WR_REG                               0x08003a3d   Thumb Code     6  lze_lcd.o(i.LCD_WR_REG)
    LCD_WriteNumChar                         0x08003a49   Thumb Code    46  lze_lcd.o(i.LCD_WriteNumChar)
    LCD_WriteNumLong                         0x08003a7d   Thumb Code    46  lze_lcd.o(i.LCD_WriteNumLong)
    LCD_WriteRAM                             0x08003ab5   Thumb Code     6  lze_lcd.o(i.LCD_WriteRAM)
    LCD_WriteRAM_Prepare                     0x08003ac1   Thumb Code    10  lze_lcd.o(i.LCD_WriteRAM_Prepare)
    LCD_WriteReg                             0x08003ad5   Thumb Code    10  lze_lcd.o(i.LCD_WriteReg)
    LCD_WriteString                          0x08003ae5   Thumb Code    38  lze_lcd.o(i.LCD_WriteString)
    Par_mod                                  0x08003b0d   Thumb Code   482  ad9910.o(i.Par_mod)
    PeripheralInit                           0x08003d01   Thumb Code    16  peripheralinit.o(i.PeripheralInit)
    RCC_AHBPeriphClockCmd                    0x08003d11   Thumb Code    26  stm32f10x_rcc.o(i.RCC_AHBPeriphClockCmd)
    RCC_APB2PeriphClockCmd                   0x08003d31   Thumb Code    26  stm32f10x_rcc.o(i.RCC_APB2PeriphClockCmd)
    Set_Profile                              0x08003e39   Thumb Code   294  ad9910.o(i.Set_Profile)
    SystemInit                               0x08003f69   Thumb Code    78  system_stm32f10x.o(i.SystemInit)
    Write_32bit                              0x08003fc9   Thumb Code    80  ad9910.o(i.Write_32bit)
    Write_8bit                               0x0800401d   Thumb Code    78  ad9910.o(i.Write_8bit)
    __0sprintf$7                             0x08004071   Thumb Code    34  printf7.o(i.__0sprintf$7)
    __1sprintf$7                             0x08004071   Thumb Code     0  printf7.o(i.__0sprintf$7)
    __2sprintf                               0x08004071   Thumb Code     0  printf7.o(i.__0sprintf$7)
    __scatterload_copy                       0x08004099   Thumb Code    14  handlers.o(i.__scatterload_copy)
    __scatterload_null                       0x080040a7   Thumb Code     2  handlers.o(i.__scatterload_null)
    __scatterload_zeroinit                   0x080040a9   Thumb Code    14  handlers.o(i.__scatterload_zeroinit)
    clr_data                                 0x08004449   Thumb Code    20  main.o(i.clr_data)
    get_data                                 0x0800445d   Thumb Code    36  main.o(i.get_data)
    main                                     0x08004481   Thumb Code 12174  main.o(i.main)
    Font8_Table                              0x08007424   Data         760  lze_lcd.o(.constdata)
    Font12_Table                             0x0800771c   Data        1140  lze_lcd.o(.constdata)
    Font16_Table                             0x08007b90   Data        1520  lze_lcd.o(.constdata)
    Font20_Table                             0x08008180   Data        3800  lze_lcd.o(.constdata)
    Font24_Table                             0x08009058   Data        6840  lze_lcd.o(.constdata)
    codeGB_16                                0x0800ab10   Data        8190  lze_lcd.o(.constdata)
    codeGB_24                                0x0800cb0e   Data        8580  lze_lcd.o(.constdata)
    Region$$Table$$Base                      0x0800ec94   Number         0  anon$$obj.o(Region$$Table)
    Region$$Table$$Limit                     0x0800ecb4   Number         0  anon$$obj.o(Region$$Table)
    key_numb                                 0x20000015   Data           1  main.o(.data)
    numb                                     0x20000016   Data           1  main.o(.data)
    NB                                       0x20000017   Data           1  main.o(.data)
    i                                        0x20000018   Data           4  main.o(.data)
    fre_data                                 0x2000001c   Data          84  main.o(.data)
    amp_data                                 0x20000070   Data          52  main.o(.data)
    pha_data                                 0x200000a4   Data          20  main.o(.data)
    offset_fre                               0x200000b8   Data         256  main.o(.data)
    gain                                     0x200001b8   Data         256  main.o(.data)
    Profile_All                              0x200002b8   Data           8  ad9910.o(.data)
    CFR3                                     0x200002c0   Data           4  ad9910.o(.data)
    Assist_DAC                               0x200002c4   Data           4  ad9910.o(.data)
    DRL                                      0x200002c8   Data           8  ad9910.o(.data)
    DRS                                      0x200002d0   Data           8  ad9910.o(.data)
    DRR                                      0x200002d8   Data           4  ad9910.o(.data)
    CFR1                                     0x200002dc   Data           4  ad9910.o(.data)
    CFR2                                     0x200002e0   Data           4  ad9910.o(.data)
    FTW                                      0x200002e4   Data           4  ad9910.o(.data)
    ASF                                      0x200002e8   Data           4  ad9910.o(.data)
    RAM_AMP                                  0x200002ec   Data        4096  ad9910.o(.data)
    RAM_AMP_TRIG_WAVE                        0x200012ec   Data        4096  ad9910.o(.data)
    RAM_AMP_SQUARE_WAVE                      0x200022ec   Data        4096  ad9910.o(.data)
    RAM_Fre                                  0x200032ec   Data        4096  ad9910.o(.data)
    RAM_PHA                                  0x200042ec   Data        4096  ad9910.o(.data)
    Font8                                    0x200052ec   Data           8  lze_lcd.o(.data)
    Font12                                   0x200052f4   Data           8  lze_lcd.o(.data)
    Font16                                   0x200052fc   Data           8  lze_lcd.o(.data)
    Font20                                   0x20005304   Data           8  lze_lcd.o(.data)
    Font24                                   0x2000530c   Data           8  lze_lcd.o(.data)
    Font16_CN                                0x20005314   Data          12  lze_lcd.o(.data)
    Font24_CN                                0x20005320   Data          12  lze_lcd.o(.data)
    LCD_Currentfonts                         0x2000532c   Data           4  lze_lcd.o(.data)
    LCD_Currentfonts_CN                      0x20005330   Data           4  lze_lcd.o(.data)
    TextColor                                0x20005334   Data           2  lze_lcd.o(.data)
    BackColor                                0x20005336   Data           2  lze_lcd.o(.data)
    LCD_Dev                                  0x20005338   Data          16  lze_lcd.o(.bss)
    __initial_sp                             0x20005748   Data           0  startup_stm32f10x_hd.o(STACK)



==============================================================================

Memory Map of the image

  Image Entry point : 0x08000131

  Load Region LR_IROM1 (Base: 0x08000000, Size: 0x00013fec, Max: 0x00040000, ABSOLUTE, COMPRESSED[0x0000fc50])

    Execution Region ER_IROM1 (Exec base: 0x08000000, Load base: 0x08000000, Size: 0x0000ecb4, Max: 0x00040000, ABSOLUTE)

    Exec Addr    Load Addr    Size         Type   Attr      Idx    E Section Name        Object

    0x08000000   0x08000000   0x00000130   Data   RO         1345    RESET               startup_stm32f10x_hd.o
    0x08000130   0x08000130   0x00000000   Code   RO         1350  * .ARM.Collect$$$$00000000  mc_w.l(entry.o)
    0x08000130   0x08000130   0x00000004   Code   RO         1620    .ARM.Collect$$$$00000001  mc_w.l(entry2.o)
    0x08000134   0x08000134   0x00000004   Code   RO         1623    .ARM.Collect$$$$00000004  mc_w.l(entry5.o)
    0x08000138   0x08000138   0x00000000   Code   RO         1625    .ARM.Collect$$$$00000008  mc_w.l(entry7b.o)
    0x08000138   0x08000138   0x00000000   Code   RO         1627    .ARM.Collect$$$$0000000A  mc_w.l(entry8b.o)
    0x08000138   0x08000138   0x00000008   Code   RO         1628    .ARM.Collect$$$$0000000B  mc_w.l(entry9a.o)
    0x08000140   0x08000140   0x00000000   Code   RO         1630    .ARM.Collect$$$$0000000D  mc_w.l(entry10a.o)
    0x08000140   0x08000140   0x00000000   Code   RO         1632    .ARM.Collect$$$$0000000F  mc_w.l(entry11a.o)
    0x08000140   0x08000140   0x00000004   Code   RO         1621    .ARM.Collect$$$$00002712  mc_w.l(entry2.o)
    0x08000144   0x08000144   0x00000024   Code   RO         1346    .text               startup_stm32f10x_hd.o
    0x08000168   0x08000168   0x000000e4   Code   RO         1614    .text               mf_w.l(dmul.o)
    0x0800024c   0x0800024c   0x0000001a   Code   RO         1616    .text               mf_w.l(dfltui.o)
    0x08000266   0x08000266   0x00000032   Code   RO         1618    .text               mf_w.l(dfixui.o)
    0x08000298   0x08000298   0x00000062   Code   RO         1639    .text               mc_w.l(uldiv.o)
    0x080002fa   0x080002fa   0x00000020   Code   RO         1641    .text               mc_w.l(llushr.o)
    0x0800031a   0x0800031a   0x00000000   Code   RO         1643    .text               mc_w.l(iusefp.o)
    0x0800031a   0x0800031a   0x000000ba   Code   RO         1644    .text               mf_w.l(depilogue.o)
    0x080003d4   0x080003d4   0x00000024   Code   RO         1654    .text               mc_w.l(init.o)
    0x080003f8   0x080003f8   0x0000001e   Code   RO         1657    .text               mc_w.l(llshl.o)
    0x08000416   0x08000416   0x0000005e   Code   RO         1670    .text               mc_w.l(__dclz77c.o)
    0x08000474   0x08000474   0x000000ac   Code   RO          159    i.AD9910_DRG_AMP_Init  ad9910.o
    0x08000520   0x08000520   0x00000180   Code   RO          160    i.AD9910_DRG_Amp_Set  ad9910.o
    0x080006a0   0x080006a0   0x000000ac   Code   RO          161    i.AD9910_DRG_Fre_Init  ad9910.o
    0x0800074c   0x0800074c   0x000001cc   Code   RO          162    i.AD9910_DRG_Freq_set  ad9910.o
    0x08000918   0x08000918   0x000000ac   Code   RO          163    i.AD9910_DRG_Pha_Init  ad9910.o
    0x080009c4   0x080009c4   0x000001ac   Code   RO          164    i.AD9910_DRG_Pha_Set  ad9910.o
    0x08000b70   0x08000b70   0x000000b4   Code   RO          165    i.AD9910_Init       ad9910.o
    0x08000c24   0x08000c24   0x000001a4   Code   RO          166    i.AD9910_Init_Sin   ad9910.o
    0x08000dc8   0x08000dc8   0x000000ac   Code   RO          167    i.AD9910_Osk_Init   ad9910.o
    0x08000e74   0x08000e74   0x00000070   Code   RO          168    i.AD9910_Osk_Set    ad9910.o
    0x08000ee4   0x08000ee4   0x0000011c   Code   RO          171    i.AD9910_RAM_AMP_W  ad9910.o
    0x08001000   0x08001000   0x000000b8   Code   RO          172    i.AD9910_RAM_BID_RAMP_AMP_R  ad9910.o
    0x080010b8   0x080010b8   0x000001c4   Code   RO          173    i.AD9910_RAM_BID_RAMP_Fre_R  ad9910.o
    0x0800127c   0x0800127c   0x000000b8   Code   RO          174    i.AD9910_RAM_BID_RAMP_PHA_R  ad9910.o
    0x08001334   0x08001334   0x000000b8   Code   RO          175    i.AD9910_RAM_CON_BID_RAMP_AMP_R  ad9910.o
    0x080013ec   0x080013ec   0x000000b8   Code   RO          176    i.AD9910_RAM_CON_BID_RAMP_Fre_R  ad9910.o
    0x080014a4   0x080014a4   0x000000b8   Code   RO          177    i.AD9910_RAM_CON_BID_RAMP_PHA_R  ad9910.o
    0x0800155c   0x0800155c   0x000000b8   Code   RO          178    i.AD9910_RAM_CON_RECIR_AMP_R  ad9910.o
    0x08001614   0x08001614   0x000000b8   Code   RO          179    i.AD9910_RAM_CON_RECIR_Fre_R  ad9910.o
    0x080016cc   0x080016cc   0x000000b8   Code   RO          180    i.AD9910_RAM_CON_RECIR_PHA_R  ad9910.o
    0x08001784   0x08001784   0x000001c4   Code   RO          181    i.AD9910_RAM_DIR_AMP_R  ad9910.o
    0x08001948   0x08001948   0x000001c4   Code   RO          182    i.AD9910_RAM_DIR_Fre_R  ad9910.o
    0x08001b0c   0x08001b0c   0x000001c4   Code   RO          183    i.AD9910_RAM_DIR_PHA_R  ad9910.o
    0x08001cd0   0x08001cd0   0x00000158   Code   RO          184    i.AD9910_RAM_Fre_W  ad9910.o
    0x08001e28   0x08001e28   0x000000ec   Code   RO          185    i.AD9910_RAM_Init   ad9910.o
    0x08001f14   0x08001f14   0x0000011c   Code   RO          186    i.AD9910_RAM_Pha_W  ad9910.o
    0x08002030   0x08002030   0x000001c4   Code   RO          190    i.AD9910_RAM_RAMP_UP_TWO_AMP_R  ad9910.o
    0x080021f4   0x080021f4   0x000001c4   Code   RO          191    i.AD9910_RAM_RAMP_UP_TWO_Fre_R  ad9910.o
    0x080023b8   0x080023b8   0x000001c4   Code   RO          192    i.AD9910_RAM_RAMP_UP_TWO_PHA_R  ad9910.o
    0x0800257c   0x0800257c   0x000000ac   Code   RO          194    i.AD9910_RAM_ZB_Fre_Init  ad9910.o
    0x08002628   0x08002628   0x000000b4   Code   RO          195    i.AD9910_RAM_ZB_Fre_Set  ad9910.o
    0x080026dc   0x080026dc   0x000000ac   Code   RO          196    i.AD9910_Singal_Profile_Init  ad9910.o
    0x08002788   0x08002788   0x0000010c   Code   RO          197    i.AD9910_Singal_Profile_Set  ad9910.o
    0x08002894   0x08002894   0x00000148   Code   RO          198    i.AD9910_WAVE_RAM_AMP_W  ad9910.o
    0x080029dc   0x080029dc   0x00000024   Code   RO           89    i.Delay_1ms         delay.o
    0x08002a00   0x08002a00   0x00000024   Code   RO           91    i.Delay_250us       delay.o
    0x08002a24   0x08002a24   0x00000028   Code   RO           93    i.Delay_50ms        delay.o
    0x08002a4c   0x08002a4c   0x0000000c   Code   RO           96    i.Delay_ns          delay.o
    0x08002a58   0x08002a58   0x00000034   Code   RO         1189    i.FSMC_NORSRAMCmd   stm32f10x_fsmc.o
    0x08002a8c   0x08002a8c   0x000000e6   Code   RO         1191    i.FSMC_NORSRAMInit  stm32f10x_fsmc.o
    0x08002b72   0x08002b72   0x00000002   PAD
    0x08002b74   0x08002b74   0x00000040   Code   RO          200    i.Freq_convert      ad9910.o
    0x08002bb4   0x08002bb4   0x00000116   Code   RO          870    i.GPIO_Init         stm32f10x_gpio.o
    0x08002cca   0x08002cca   0x00000002   PAD
    0x08002ccc   0x08002ccc   0x0000009c   Code   RO          201    i.GPIO_Init_AD9910  ad9910.o
    0x08002d68   0x08002d68   0x00000012   Code   RO          874    i.GPIO_ReadInputDataBit  stm32f10x_gpio.o
    0x08002d7a   0x08002d7a   0x00000008   Code   RO          875    i.GPIO_ReadOutputData  stm32f10x_gpio.o
    0x08002d82   0x08002d82   0x00000004   Code   RO          877    i.GPIO_ResetBits    stm32f10x_gpio.o
    0x08002d86   0x08002d86   0x00000004   Code   RO          878    i.GPIO_SetBits      stm32f10x_gpio.o
    0x08002d8a   0x08002d8a   0x00000002   PAD
    0x08002d8c   0x08002d8c   0x0000005c   Code   RO          493    i.GetChineseCode    lze_lcd.o
    0x08002de8   0x08002de8   0x0000002c   Code   RO          472    i.Key_Init          key.o
    0x08002e14   0x08002e14   0x000000a8   Code   RO          473    i.Key_Scan          key.o
    0x08002ebc   0x08002ebc   0x0000003c   Code   RO          494    i.LCD_Clear         lze_lcd.o
    0x08002ef8   0x08002ef8   0x00000074   Code   RO          495    i.LCD_CtrlLinesConfig  lze_lcd.o
    0x08002f6c   0x08002f6c   0x00000044   Code   RO          496    i.LCD_DisplayChar   lze_lcd.o
    0x08002fb0   0x08002fb0   0x00000022   Code   RO          497    i.LCD_DisplayChineseChar  lze_lcd.o
    0x08002fd2   0x08002fd2   0x00000002   PAD
    0x08002fd4   0x08002fd4   0x0000007c   Code   RO          500    i.LCD_DisplayString  lze_lcd.o
    0x08003050   0x08003050   0x0000014c   Code   RO          501    i.LCD_Display_Dir   lze_lcd.o
    0x0800319c   0x0800319c   0x0000009c   Code   RO          504    i.LCD_DrawChar      lze_lcd.o
    0x08003238   0x08003238   0x000000b4   Code   RO          505    i.LCD_DrawChineseChar  lze_lcd.o
    0x080032ec   0x080032ec   0x0000006c   Code   RO          514    i.LCD_FSMCConfig    lze_lcd.o
    0x08003358   0x08003358   0x00000494   Code   RO          517    i.LCD_Init          lze_lcd.o
    0x080037ec   0x080037ec   0x0000000c   Code   RO          522    i.LCD_ReadRAM       lze_lcd.o
    0x080037f8   0x080037f8   0x00000010   Code   RO          523    i.LCD_ReadReg       lze_lcd.o
    0x08003808   0x08003808   0x0000001c   Code   RO          525    i.LCD_SetColors     lze_lcd.o
    0x08003824   0x08003824   0x00000068   Code   RO          526    i.LCD_SetCursor     lze_lcd.o
    0x0800388c   0x0800388c   0x00000190   Code   RO          527    i.LCD_SetDisplayWindow  lze_lcd.o
    0x08003a1c   0x08003a1c   0x00000014   Code   RO          528    i.LCD_SetFont       lze_lcd.o
    0x08003a30   0x08003a30   0x0000000c   Code   RO          531    i.LCD_WR_DATA       lze_lcd.o
    0x08003a3c   0x08003a3c   0x0000000c   Code   RO          532    i.LCD_WR_REG        lze_lcd.o
    0x08003a48   0x08003a48   0x00000034   Code   RO          535    i.LCD_WriteNumChar  lze_lcd.o
    0x08003a7c   0x08003a7c   0x00000038   Code   RO          537    i.LCD_WriteNumLong  lze_lcd.o
    0x08003ab4   0x08003ab4   0x0000000c   Code   RO          538    i.LCD_WriteRAM      lze_lcd.o
    0x08003ac0   0x08003ac0   0x00000014   Code   RO          539    i.LCD_WriteRAM_Prepare  lze_lcd.o
    0x08003ad4   0x08003ad4   0x00000010   Code   RO          540    i.LCD_WriteReg      lze_lcd.o
    0x08003ae4   0x08003ae4   0x00000026   Code   RO          541    i.LCD_WriteString   lze_lcd.o
    0x08003b0a   0x08003b0a   0x00000002   PAD
    0x08003b0c   0x08003b0c   0x000001f4   Code   RO          203    i.Par_mod           ad9910.o
    0x08003d00   0x08003d00   0x00000010   Code   RO          456    i.PeripheralInit    peripheralinit.o
    0x08003d10   0x08003d10   0x00000020   Code   RO          979    i.RCC_AHBPeriphClockCmd  stm32f10x_rcc.o
    0x08003d30   0x08003d30   0x00000020   Code   RO          982    i.RCC_APB2PeriphClockCmd  stm32f10x_rcc.o
    0x08003d50   0x08003d50   0x00000008   Code   RO         1309    i.SetSysClock       system_stm32f10x.o
    0x08003d58   0x08003d58   0x000000e0   Code   RO         1310    i.SetSysClockTo72   system_stm32f10x.o
    0x08003e38   0x08003e38   0x00000130   Code   RO          204    i.Set_Profile       ad9910.o
    0x08003f68   0x08003f68   0x00000060   Code   RO         1312    i.SystemInit        system_stm32f10x.o
    0x08003fc8   0x08003fc8   0x00000054   Code   RO          205    i.Write_32bit       ad9910.o
    0x0800401c   0x0800401c   0x00000054   Code   RO          206    i.Write_8bit        ad9910.o
    0x08004070   0x08004070   0x00000028   Code   RO         1536    i.__0sprintf$7      mc_w.l(printf7.o)
    0x08004098   0x08004098   0x0000000e   Code   RO         1664    i.__scatterload_copy  mc_w.l(handlers.o)
    0x080040a6   0x080040a6   0x00000002   Code   RO         1665    i.__scatterload_null  mc_w.l(handlers.o)
    0x080040a8   0x080040a8   0x0000000e   Code   RO         1666    i.__scatterload_zeroinit  mc_w.l(handlers.o)
    0x080040b6   0x080040b6   0x00000002   PAD
    0x080040b8   0x080040b8   0x00000334   Code   RO         1541    i._printf_core      mc_w.l(printf7.o)
    0x080043ec   0x080043ec   0x00000024   Code   RO         1542    i._printf_post_padding  mc_w.l(printf7.o)
    0x08004410   0x08004410   0x0000002e   Code   RO         1543    i._printf_pre_padding  mc_w.l(printf7.o)
    0x0800443e   0x0800443e   0x0000000a   Code   RO         1545    i._sputc            mc_w.l(printf7.o)
    0x08004448   0x08004448   0x00000014   Code   RO            1    i.clr_data          main.o
    0x0800445c   0x0800445c   0x00000024   Code   RO            2    i.get_data          main.o
    0x08004480   0x08004480   0x00002fa4   Code   RO            3    i.main              main.o
    0x08007424   0x08007424   0x0000786e   Data   RO          544    .constdata          lze_lcd.o
    0x0800ec92   0x0800ec92   0x00000002   PAD
    0x0800ec94   0x0800ec94   0x00000020   Data   RO         1662    Region$$Table       anon$$obj.o


    Execution Region RW_IRAM1 (Exec base: 0x20000000, Load base: 0x0800ecb4, Size: 0x00005748, Max: 0x0000c000, ABSOLUTE, COMPRESSED[0x00000f9c])

    Exec Addr    Load Addr    Size         Type   Attr      Idx    E Section Name        Object

    0x20000000   COMPRESSED   0x000002b8   Data   RW            5    .data               main.o
    0x200002b8   COMPRESSED   0x00005034   Data   RW          207    .data               ad9910.o
    0x200052ec   COMPRESSED   0x0000004c   Data   RW          545    .data               lze_lcd.o
    0x20005338        -       0x00000010   Zero   RW          543    .bss                lze_lcd.o
    0x20005348        -       0x00000400   Zero   RW         1343    STACK               startup_stm32f10x_hd.o


==============================================================================

Image component sizes


      Code (inc. data)   RO Data    RW Data    ZI Data      Debug   Object Name

     10768        940          0      20532          0      33170   ad9910.o
         0          0          0          0          0         32   core_cm3.o
       124          0          0          0          0       2114   delay.o
       212         10          0          0          0       1122   key.o
      3240        192      30830         76         16      25570   lze_lcd.o
     12252       1190          0        696          0     231833   main.o
        16          0          0          0          0        517   peripheralinit.o
        36          8        304          0       1024        876   startup_stm32f10x_hd.o
       282          6          0          0          0       2033   stm32f10x_fsmc.o
       312          0          0          0          0       4642   stm32f10x_gpio.o
        64         12          0          0          0       1281   stm32f10x_rcc.o
       328         28          0          0          0       2293   system_stm32f10x.o

    ----------------------------------------------------------------------
     27644       2386      31168      21304       1040     305483   Object Totals
         0          0         32          0          0          0   (incl. Generated)
        10          0          2          0          0          0   (incl. Padding)

    ----------------------------------------------------------------------

      Code (inc. data)   RO Data    RW Data    ZI Data      Debug   Library Member Name

        94          0          0          0          0          0   __dclz77c.o
         0          0          0          0          0          0   entry.o
         0          0          0          0          0          0   entry10a.o
         0          0          0          0          0          0   entry11a.o
         8          4          0          0          0          0   entry2.o
         4          0          0          0          0          0   entry5.o
         0          0          0          0          0          0   entry7b.o
         0          0          0          0          0          0   entry8b.o
         8          4          0          0          0          0   entry9a.o
        30          0          0          0          0          0   handlers.o
        36          8          0          0          0         68   init.o
         0          0          0          0          0          0   iusefp.o
        30          0          0          0          0         68   llshl.o
        32          0          0          0          0         68   llushr.o
       952         12          0          0          0        420   printf7.o
        98          0          0          0          0         92   uldiv.o
       186          0          0          0          0        176   depilogue.o
        50          0          0          0          0         76   dfixui.o
        26          0          0          0          0         76   dfltui.o
       228          0          0          0          0         96   dmul.o

    ----------------------------------------------------------------------
      1784         28          0          0          0       1140   Library Totals
         2          0          0          0          0          0   (incl. Padding)

    ----------------------------------------------------------------------

      Code (inc. data)   RO Data    RW Data    ZI Data      Debug   Library Name

      1292         28          0          0          0        716   mc_w.l
       490          0          0          0          0        424   mf_w.l

    ----------------------------------------------------------------------
      1784         28          0          0          0       1140   Library Totals

    ----------------------------------------------------------------------

==============================================================================


      Code (inc. data)   RO Data    RW Data    ZI Data      Debug   

     29428       2414      31168      21304       1040     301915   Grand Totals
     29428       2414      31168       3996       1040     301915   ELF Image Totals (compressed)
     29428       2414      31168       3996          0          0   ROM Totals

==============================================================================

    Total RO  Size (Code + RO Data)                60596 (  59.18kB)
    Total RW  Size (RW Data + ZI Data)             22344 (  21.82kB)
    Total ROM Size (Code + RO Data + RW Data)      64592 (  63.08kB)

==============================================================================

